main.c:87:5:main	144	static
main.c:187:6:SystemClock_Config	112	static
main.c:239:13:MX_I2C1_Init	8	static
main.c:273:13:MX_I2S2_Init	8	static
main.c:307:13:MX_I2S3_Init	8	static
main.c:341:13:MX_SPI1_Init	8	static
main.c:379:13:MX_GPIO_Init	56	static
main.c:465:6:StartAccessSoftware	24	static
main.c:501:6:StartDefaultTask	16	static
main.c:519:6:StartGreenTask	32	static
main.c:545:6:StartRedTask	32	static
main.c:572:6:StartOrangeTask	32	static
main.c:600:6:HAL_TIM_PeriodElapsedCallback	16	static
main.c:617:6:Error_Handler	4	static
