Archive member included to satisfy reference by file (symbol)

c:/rtos/stm32cubeide_1.1.0/plugins/com.st.stm32cube.ide.mcu.externaltools.gnu-tools-for-stm32.7-2018-q2-update.win32_1.0.0.201904181610/tools/bin/../lib/gcc/arm-none-eabi/7.3.1/../../../../arm-none-eabi/lib/thumb/v7e-m/fpv4-sp/hard\libc_nano.a(lib_a-errno.o)
                              Core/Src/syscalls.o (__errno)
c:/rtos/stm32cubeide_1.1.0/plugins/com.st.stm32cube.ide.mcu.externaltools.gnu-tools-for-stm32.7-2018-q2-update.win32_1.0.0.201904181610/tools/bin/../lib/gcc/arm-none-eabi/7.3.1/../../../../arm-none-eabi/lib/thumb/v7e-m/fpv4-sp/hard\libc_nano.a(lib_a-exit.o)
                              c:/rtos/stm32cubeide_1.1.0/plugins/com.st.stm32cube.ide.mcu.externaltools.gnu-tools-for-stm32.7-2018-q2-update.win32_1.0.0.201904181610/tools/bin/../lib/gcc/arm-none-eabi/7.3.1/../../../../arm-none-eabi/lib/thumb/v7e-m/fpv4-sp/hard/crt0.o (exit)
c:/rtos/stm32cubeide_1.1.0/plugins/com.st.stm32cube.ide.mcu.externaltools.gnu-tools-for-stm32.7-2018-q2-update.win32_1.0.0.201904181610/tools/bin/../lib/gcc/arm-none-eabi/7.3.1/../../../../arm-none-eabi/lib/thumb/v7e-m/fpv4-sp/hard\libc_nano.a(lib_a-impure.o)
                              c:/rtos/stm32cubeide_1.1.0/plugins/com.st.stm32cube.ide.mcu.externaltools.gnu-tools-for-stm32.7-2018-q2-update.win32_1.0.0.201904181610/tools/bin/../lib/gcc/arm-none-eabi/7.3.1/../../../../arm-none-eabi/lib/thumb/v7e-m/fpv4-sp/hard\libc_nano.a(lib_a-exit.o) (_global_impure_ptr)
c:/rtos/stm32cubeide_1.1.0/plugins/com.st.stm32cube.ide.mcu.externaltools.gnu-tools-for-stm32.7-2018-q2-update.win32_1.0.0.201904181610/tools/bin/../lib/gcc/arm-none-eabi/7.3.1/../../../../arm-none-eabi/lib/thumb/v7e-m/fpv4-sp/hard\libc_nano.a(lib_a-init.o)
                              c:/rtos/stm32cubeide_1.1.0/plugins/com.st.stm32cube.ide.mcu.externaltools.gnu-tools-for-stm32.7-2018-q2-update.win32_1.0.0.201904181610/tools/bin/../lib/gcc/arm-none-eabi/7.3.1/../../../../arm-none-eabi/lib/thumb/v7e-m/fpv4-sp/hard/crt0.o (__libc_init_array)
c:/rtos/stm32cubeide_1.1.0/plugins/com.st.stm32cube.ide.mcu.externaltools.gnu-tools-for-stm32.7-2018-q2-update.win32_1.0.0.201904181610/tools/bin/../lib/gcc/arm-none-eabi/7.3.1/../../../../arm-none-eabi/lib/thumb/v7e-m/fpv4-sp/hard\libc_nano.a(lib_a-memcpy-stub.o)
                              Middlewares/Third_Party/FreeRTOS/Source/queue.o (memcpy)
c:/rtos/stm32cubeide_1.1.0/plugins/com.st.stm32cube.ide.mcu.externaltools.gnu-tools-for-stm32.7-2018-q2-update.win32_1.0.0.201904181610/tools/bin/../lib/gcc/arm-none-eabi/7.3.1/../../../../arm-none-eabi/lib/thumb/v7e-m/fpv4-sp/hard\libc_nano.a(lib_a-memset.o)
                              c:/rtos/stm32cubeide_1.1.0/plugins/com.st.stm32cube.ide.mcu.externaltools.gnu-tools-for-stm32.7-2018-q2-update.win32_1.0.0.201904181610/tools/bin/../lib/gcc/arm-none-eabi/7.3.1/../../../../arm-none-eabi/lib/thumb/v7e-m/fpv4-sp/hard/crt0.o (memset)
c:/rtos/stm32cubeide_1.1.0/plugins/com.st.stm32cube.ide.mcu.externaltools.gnu-tools-for-stm32.7-2018-q2-update.win32_1.0.0.201904181610/tools/bin/../lib/gcc/arm-none-eabi/7.3.1/thumb/v7e-m/fpv4-sp/hard\libgcc.a(_aeabi_uldivmod.o)
                              Drivers/STM32F4xx_HAL_Driver/Src/stm32f4xx_hal_rcc.o (__aeabi_uldivmod)
c:/rtos/stm32cubeide_1.1.0/plugins/com.st.stm32cube.ide.mcu.externaltools.gnu-tools-for-stm32.7-2018-q2-update.win32_1.0.0.201904181610/tools/bin/../lib/gcc/arm-none-eabi/7.3.1/thumb/v7e-m/fpv4-sp/hard\libgcc.a(_udivmoddi4.o)
                              c:/rtos/stm32cubeide_1.1.0/plugins/com.st.stm32cube.ide.mcu.externaltools.gnu-tools-for-stm32.7-2018-q2-update.win32_1.0.0.201904181610/tools/bin/../lib/gcc/arm-none-eabi/7.3.1/thumb/v7e-m/fpv4-sp/hard\libgcc.a(_aeabi_uldivmod.o) (__udivmoddi4)
c:/rtos/stm32cubeide_1.1.0/plugins/com.st.stm32cube.ide.mcu.externaltools.gnu-tools-for-stm32.7-2018-q2-update.win32_1.0.0.201904181610/tools/bin/../lib/gcc/arm-none-eabi/7.3.1/thumb/v7e-m/fpv4-sp/hard\libgcc.a(_dvmd_tls.o)
                              c:/rtos/stm32cubeide_1.1.0/plugins/com.st.stm32cube.ide.mcu.externaltools.gnu-tools-for-stm32.7-2018-q2-update.win32_1.0.0.201904181610/tools/bin/../lib/gcc/arm-none-eabi/7.3.1/thumb/v7e-m/fpv4-sp/hard\libgcc.a(_aeabi_uldivmod.o) (__aeabi_ldiv0)

Allocating common symbols
Common symbol       size              file

defaultTaskHandle   0x4               Core/Src/main.o
hi2c1               0x54              Core/Src/main.o
uwTick              0x4               Drivers/STM32F4xx_HAL_Driver/Src/stm32f4xx_hal.o
xQueueRegistry      0x40              Middlewares/Third_Party/FreeRTOS/Source/queue.o
RedEFHandle         0x4               Core/Src/main.o
pFlash              0x20              Drivers/STM32F4xx_HAL_Driver/Src/stm32f4xx_hal_flash.o
RedTaskHandle       0x4               Core/Src/main.o
BlueTaskHandle      0x4               Core/Src/main.o
htim1               0x40              Core/Src/stm32f4xx_hal_timebase_tim.o
GreenTaskHandle     0x4               Core/Src/main.o
[...]
Memory Configuration

Name             Origin             Length             Attributes
RAM              0x0000000020000000 0x0000000000020000 xrw
FLASH            0x0000000008000000 0x0000000000080000 xr
*default*        0x0000000000000000 0xffffffffffffffff

Linker script and memory map

LOAD c:/rtos/stm32cubeide_1.1.0/plugins/com.st.stm32cube.ide.mcu.externaltools.gnu-tools-for-stm32.7-2018-q2-update.win32_1.0.0.201904181610/tools/bin/../lib/gcc/arm-none-eabi/7.3.1/thumb/v7e-m/fpv4-sp/hard/crti.o
LOAD c:/rtos/stm32cubeide_1.1.0/plugins/com.st.stm32cube.ide.mcu.externaltools.gnu-tools-for-stm32.7-2018-q2-update.win32_1.0.0.201904181610/tools/bin/../lib/gcc/arm-none-eabi/7.3.1/thumb/v7e-m/fpv4-sp/hard/crtbegin.o
LOAD c:/rtos/stm32cubeide_1.1.0/plugins/com.st.stm32cube.ide.mcu.externaltools.gnu-tools-for-stm32.7-2018-q2-update.win32_1.0.0.201904181610/tools/bin/../lib/gcc/arm-none-eabi/7.3.1/../../../../arm-none-eabi/lib/thumb/v7e-m/fpv4-sp/hard/crt0.o
LOAD Core/Src/blink_leds.o
LOAD Core/Src/freertos.o
LOAD Core/Src/main.o
LOAD Core/Src/my_flags.o
LOAD Core/Src/stm32f4xx_hal_msp.o
LOAD Core/Src/stm32f4xx_hal_timebase_tim.o
LOAD Core/Src/stm32f4xx_it.o
LOAD Core/Src/syscalls.o
LOAD Core/Src/sysmem.o
LOAD Core/Src/system_stm32f4xx.o
LOAD Core/Startup/startup_stm32f411vetx.o
LOAD Drivers/STM32F4xx_HAL_Driver/Src/stm32f4xx_hal.o
LOAD Drivers/STM32F4xx_HAL_Driver/Src/stm32f4xx_hal_cortex.o
LOAD Drivers/STM32F4xx_HAL_Driver/Src/stm32f4xx_hal_dma.o
LOAD Drivers/STM32F4xx_HAL_Driver/Src/stm32f4xx_hal_dma_ex.o
LOAD Drivers/STM32F4xx_HAL_Driver/Src/stm32f4xx_hal_exti.o
LOAD Drivers/STM32F4xx_HAL_Driver/Src/stm32f4xx_hal_flash.o
LOAD Drivers/STM32F4xx_HAL_Driver/Src/stm32f4xx_hal_flash_ex.o
LOAD Drivers/STM32F4xx_HAL_Driver/Src/stm32f4xx_hal_flash_ramfunc.o
LOAD Drivers/STM32F4xx_HAL_Driver/Src/stm32f4xx_hal_gpio.o
LOAD Drivers/STM32F4xx_HAL_Driver/Src/stm32f4xx_hal_hcd.o
LOAD Drivers/STM32F4xx_HAL_Driver/Src/stm32f4xx_hal_i2c.o
LOAD Drivers/STM32F4xx_HAL_Driver/Src/stm32f4xx_hal_i2c_ex.o
LOAD Drivers/STM32F4xx_HAL_Driver/Src/stm32f4xx_hal_i2s.o
LOAD Drivers/STM32F4xx_HAL_Driver/Src/stm32f4xx_hal_i2s_ex.o
LOAD Drivers/STM32F4xx_HAL_Driver/Src/stm32f4xx_hal_pwr.o
LOAD Drivers/STM32F4xx_HAL_Driver/Src/stm32f4xx_hal_pwr_ex.o
LOAD Drivers/STM32F4xx_HAL_Driver/Src/stm32f4xx_hal_rcc.o
LOAD Drivers/STM32F4xx_HAL_Driver/Src/stm32f4xx_hal_rcc_ex.o
LOAD Drivers/STM32F4xx_HAL_Driver/Src/stm32f4xx_hal_spi.o
LOAD Drivers/STM32F4xx_HAL_Driver/Src/stm32f4xx_hal_tim.o
LOAD Drivers/STM32F4xx_HAL_Driver/Src/stm32f4xx_hal_tim_ex.o
LOAD Drivers/STM32F4xx_HAL_Driver/Src/stm32f4xx_ll_usb.o
LOAD Middlewares/Third_Party/FreeRTOS/Source/CMSIS_RTOS/cmsis_os.o
LOAD Middlewares/Third_Party/FreeRTOS/Source/croutine.o
LOAD Middlewares/Third_Party/FreeRTOS/Source/event_groups.o
LOAD Middlewares/Third_Party/FreeRTOS/Source/list.o
LOAD Middlewares/Third_Party/FreeRTOS/Source/queue.o
LOAD Middlewares/Third_Party/FreeRTOS/Source/stream_buffer.o
LOAD Middlewares/Third_Party/FreeRTOS/Source/tasks.o
LOAD Middlewares/Third_Party/FreeRTOS/Source/timers.o
LOAD Middlewares/Third_Party/FreeRTOS/Source/portable/GCC/ARM_CM4F/port.o
LOAD Middlewares/Third_Party/FreeRTOS/Source/portable/MemMang/heap_4.o
START GROUP
LOAD c:/rtos/stm32cubeide_1.1.0/plugins/com.st.stm32cube.ide.mcu.externaltools.gnu-tools-for-stm32.7-2018-q2-update.win32_1.0.0.201904181610/tools/bin/../lib/gcc/arm-none-eabi/7.3.1/../../../../arm-none-eabi/lib/thumb/v7e-m/fpv4-sp/hard\libstdc++_nano.a
LOAD c:/rtos/stm32cubeide_1.1.0/plugins/com.st.stm32cube.ide.mcu.externaltools.gnu-tools-for-stm32.7-2018-q2-update.win32_1.0.0.201904181610/tools/bin/../lib/gcc/arm-none-eabi/7.3.1/../../../../arm-none-eabi/lib/thumb/v7e-m/fpv4-sp/hard\libsupc++_nano.a
END GROUP
LOAD c:/rtos/stm32cubeide_1.1.0/plugins/com.st.stm32cube.ide.mcu.externaltools.gnu-tools-for-stm32.7-2018-q2-update.win32_1.0.0.201904181610/tools/bin/../lib/gcc/arm-none-eabi/7.3.1/../../../../arm-none-eabi/lib/thumb/v7e-m/fpv4-sp/hard\libstdc++_nano.a
LOAD c:/rtos/stm32cubeide_1.1.0/plugins/com.st.stm32cube.ide.mcu.externaltools.gnu-tools-for-stm32.7-2018-q2-update.win32_1.0.0.201904181610/tools/bin/../lib/gcc/arm-none-eabi/7.3.1/../../../../arm-none-eabi/lib/thumb/v7e-m/fpv4-sp/hard\libm.a
LOAD c:/rtos/stm32cubeide_1.1.0/plugins/com.st.stm32cube.ide.mcu.externaltools.gnu-tools-for-stm32.7-2018-q2-update.win32_1.0.0.201904181610/tools/bin/../lib/gcc/arm-none-eabi/7.3.1/../../../../arm-none-eabi/lib/thumb/v7e-m/fpv4-sp/hard\libc_nano.a
START GROUP
LOAD c:/rtos/stm32cubeide_1.1.0/plugins/com.st.stm32cube.ide.mcu.externaltools.gnu-tools-for-stm32.7-2018-q2-update.win32_1.0.0.201904181610/tools/bin/../lib/gcc/arm-none-eabi/7.3.1/thumb/v7e-m/fpv4-sp/hard\libgcc.a
LOAD c:/rtos/stm32cubeide_1.1.0/plugins/com.st.stm32cube.ide.mcu.externaltools.gnu-tools-for-stm32.7-2018-q2-update.win32_1.0.0.201904181610/tools/bin/../lib/gcc/arm-none-eabi/7.3.1/../../../../arm-none-eabi/lib/thumb/v7e-m/fpv4-sp/hard\libc_nano.a
END GROUP
START GROUP
LOAD c:/rtos/stm32cubeide_1.1.0/plugins/com.st.stm32cube.ide.mcu.externaltools.gnu-tools-for-stm32.7-2018-q2-update.win32_1.0.0.201904181610/tools/bin/../lib/gcc/arm-none-eabi/7.3.1/thumb/v7e-m/fpv4-sp/hard\libgcc.a
LOAD c:/rtos/stm32cubeide_1.1.0/plugins/com.st.stm32cube.ide.mcu.externaltools.gnu-tools-for-stm32.7-2018-q2-update.win32_1.0.0.201904181610/tools/bin/../lib/gcc/arm-none-eabi/7.3.1/../../../../arm-none-eabi/lib/thumb/v7e-m/fpv4-sp/hard\libc_nano.a
LOAD c:/rtos/stm32cubeide_1.1.0/plugins/com.st.stm32cube.ide.mcu.externaltools.gnu-tools-for-stm32.7-2018-q2-update.win32_1.0.0.201904181610/tools/bin/../lib/gcc/arm-none-eabi/7.3.1/../../../../arm-none-eabi/lib/thumb/v7e-m/fpv4-sp/hard\libnosys.a
END GROUP
START GROUP
LOAD c:/rtos/stm32cubeide_1.1.0/plugins/com.st.stm32cube.ide.mcu.externaltools.gnu-tools-for-stm32.7-2018-q2-update.win32_1.0.0.201904181610/tools/bin/../lib/gcc/arm-none-eabi/7.3.1/thumb/v7e-m/fpv4-sp/hard\libgcc.a
LOAD c:/rtos/stm32cubeide_1.1.0/plugins/com.st.stm32cube.ide.mcu.externaltools.gnu-tools-for-stm32.7-2018-q2-update.win32_1.0.0.201904181610/tools/bin/../lib/gcc/arm-none-eabi/7.3.1/../../../../arm-none-eabi/lib/thumb/v7e-m/fpv4-sp/hard\libc_nano.a
LOAD c:/rtos/stm32cubeide_1.1.0/plugins/com.st.stm32cube.ide.mcu.externaltools.gnu-tools-for-stm32.7-2018-q2-update.win32_1.0.0.201904181610/tools/bin/../lib/gcc/arm-none-eabi/7.3.1/../../../../arm-none-eabi/lib/thumb/v7e-m/fpv4-sp/hard\libnosys.a
END GROUP
LOAD c:/rtos/stm32cubeide_1.1.0/plugins/com.st.stm32cube.ide.mcu.externaltools.gnu-tools-for-stm32.7-2018-q2-update.win32_1.0.0.201904181610/tools/bin/../lib/gcc/arm-none-eabi/7.3.1/thumb/v7e-m/fpv4-sp/hard/crtend.o
LOAD c:/rtos/stm32cubeide_1.1.0/plugins/com.st.stm32cube.ide.mcu.externaltools.gnu-tools-for-stm32.7-2018-q2-update.win32_1.0.0.201904181610/tools/bin/../lib/gcc/arm-none-eabi/7.3.1/thumb/v7e-m/fpv4-sp/hard/crtn.o
                0x0000000020020000                _estack = (ORIGIN (RAM) + LENGTH (RAM))
                0x0000000000000200                _Min_Heap_Size = 0x200
                0x0000000000000400                _Min_Stack_Size = 0x400

.isr_vector     0x0000000008000000      0x198
                0x0000000008000000                . = ALIGN (0x4)
 *(.isr_vector)
 .isr_vector    0x0000000008000000      0x198 Core/Startup/startup_stm32f411vetx.o
                0x0000000008000000                g_pfnVectors
                0x0000000008000198                . = ALIGN (0x4)

.text           0x00000000080001a0     0x7484
                0x00000000080001a0                . = ALIGN (0x4)
 *(.text)
 .text          0x00000000080001a0       0x40 c:/rtos/stm32cubeide_1.1.0/plugins/com.st.stm32cube.ide.mcu.externaltools.gnu-tools-for-stm32.7-2018-q2-update.win32_1.0.0.201904181610/tools/bin/../lib/gcc/arm-none-eabi/7.3.1/thumb/v7e-m/fpv4-sp/hard/crtbegin.o
 .text          0x00000000080001e0       0x30 c:/rtos/stm32cubeide_1.1.0/plugins/com.st.stm32cube.ide.mcu.externaltools.gnu-tools-for-stm32.7-2018-q2-update.win32_1.0.0.201904181610/tools/bin/../lib/gcc/arm-none-eabi/7.3.1/thumb/v7e-m/fpv4-sp/hard\libgcc.a(_aeabi_uldivmod.o)
                0x00000000080001e0                __aeabi_uldivmod
 .text          0x0000000008000210      0x2cc c:/rtos/stm32cubeide_1.1.0/plugins/com.st.stm32cube.ide.mcu.externaltools.gnu-tools-for-stm32.7-2018-q2-update.win32_1.0.0.201904181610/tools/bin/../lib/gcc/arm-none-eabi/7.3.1/thumb/v7e-m/fpv4-sp/hard\libgcc.a(_udivmoddi4.o)
                0x0000000008000210                __udivmoddi4
 .text          0x00000000080004dc        0x4 c:/rtos/stm32cubeide_1.1.0/plugins/com.st.stm32cube.ide.mcu.externaltools.gnu-tools-for-stm32.7-2018-q2-update.win32_1.0.0.201904181610/tools/bin/../lib/gcc/arm-none-eabi/7.3.1/thumb/v7e-m/fpv4-sp/hard\libgcc.a(_dvmd_tls.o)
                0x00000000080004dc                __aeabi_idiv0
                0x00000000080004dc                __aeabi_ldiv0
 *(.text*)
 .text.flashLed
                0x00000000080004e0       0x58 Core/Src/blink_leds.o
                0x00000000080004e0                flashLed
 .text.vApplicationGetIdleTaskMemory
                0x0000000008000538       0x34 Core/Src/freertos.o
                0x0000000008000538                vApplicationGetIdleTaskMemory
 .text.main     0x000000000800056c      0x134 Core/Src/main.o
                0x000000000800056c                main
 .text.SystemClock_Config
                0x00000000080006a0      0x108 Core/Src/main.o
                0x00000000080006a0                SystemClock_Config
 .text.MX_I2C1_Init
                0x00000000080007a8       0x5c Core/Src/main.o
 .text.MX_I2S2_Init
                0x0000000008000804       0x5c Core/Src/main.o
 .text.MX_I2S3_Init
                0x0000000008000860       0x60 Core/Src/main.o
 .text.MX_SPI1_Init
                0x00000000080008c0       0x6c Core/Src/main.o
 .text.MX_USB_OTG_FS_HCD_Init
                0x000000000800092c       0x44 Core/Src/main.o
 .text.MX_GPIO_Init
                0x0000000008000970      0x1b4 Core/Src/main.o
 .text.StartDefaultTask
                0x0000000008000b24       0x10 Core/Src/main.o
                0x0000000008000b24                StartDefaultTask
 .text.StartGreenTask
                0x0000000008000b34       0x28 Core/Src/main.o
                0x0000000008000b34                StartGreenTask
 .text.StartBlueTask
                0x0000000008000b5c       0x3c Core/Src/main.o
                0x0000000008000b5c                StartBlueTask
 .text.StartRedTask
                0x0000000008000b98       0x28 Core/Src/main.o
                0x0000000008000b98                StartRedTask
 .text.HAL_TIM_PeriodElapsedCallback
                0x0000000008000bc0       0x24 Core/Src/main.o
                0x0000000008000bc0                HAL_TIM_PeriodElapsedCallback
 .text.Error_Handler
                0x0000000008000be4        0xe Core/Src/main.o
                0x0000000008000be4                Error_Handler
 *fill*         0x0000000008000bf2        0x2 
 .text.HAL_MspInit
                0x0000000008000bf4       0x58 Core/Src/stm32f4xx_hal_msp.o
                0x0000000008000bf4                HAL_MspInit
 .text.HAL_I2C_MspInit
                0x0000000008000c4c       0x90 Core/Src/stm32f4xx_hal_msp.o
                0x0000000008000c4c                HAL_I2C_MspInit
 .text.HAL_I2S_MspInit
                0x0000000008000cdc      0x19c Core/Src/stm32f4xx_hal_msp.o
                0x0000000008000cdc                HAL_I2S_MspInit
 .text.HAL_SPI_MspInit
                0x0000000008000e78       0x90 Core/Src/stm32f4xx_hal_msp.o
                0x0000000008000e78                HAL_SPI_MspInit
 .text.HAL_HCD_MspInit
                0x0000000008000f08       0xc4 Core/Src/stm32f4xx_hal_msp.o
                0x0000000008000f08                HAL_HCD_MspInit
 .text.HAL_InitTick
                0x0000000008000fcc       0xb0 Core/Src/stm32f4xx_hal_timebase_tim.o
                0x0000000008000fcc                HAL_InitTick
 .text.NMI_Handler
                0x000000000800107c        0xe Core/Src/stm32f4xx_it.o
                0x000000000800107c                NMI_Handler
 .text.HardFault_Handler
                0x000000000800108a        0x6 Core/Src/stm32f4xx_it.o
                0x000000000800108a                HardFault_Handler
 .text.MemManage_Handler
                0x0000000008001090        0x6 Core/Src/stm32f4xx_it.o
                0x0000000008001090                MemManage_Handler
 .text.BusFault_Handler
                0x0000000008001096        0x6 Core/Src/stm32f4xx_it.o
                0x0000000008001096                BusFault_Handler
 .text.UsageFault_Handler
                0x000000000800109c        0x6 Core/Src/stm32f4xx_it.o
                0x000000000800109c                UsageFault_Handler
 .text.DebugMon_Handler
                0x00000000080010a2        0xe Core/Src/stm32f4xx_it.o
                0x00000000080010a2                DebugMon_Handler
 .text.TIM1_UP_TIM10_IRQHandler
                0x00000000080010b0       0x14 Core/Src/stm32f4xx_it.o
                0x00000000080010b0                TIM1_UP_TIM10_IRQHandler
 .text.OTG_FS_IRQHandler
                0x00000000080010c4       0x14 Core/Src/stm32f4xx_it.o
                0x00000000080010c4                OTG_FS_IRQHandler
 .text.SystemInit
                0x00000000080010d8       0x2c Core/Src/system_stm32f4xx.o
                0x00000000080010d8                SystemInit
 .text.Reset_Handler
                0x0000000008001104       0x50 Core/Startup/startup_stm32f411vetx.o
                0x0000000008001104                Reset_Handler
 .text.Default_Handler
                0x0000000008001154        0x2 Core/Startup/startup_stm32f411vetx.o
                0x0000000008001154                RTC_Alarm_IRQHandler
                0x0000000008001154                EXTI2_IRQHandler
                0x0000000008001154                SPI4_IRQHandler
                0x0000000008001154                TIM1_CC_IRQHandler
                0x0000000008001154                DMA2_Stream5_IRQHandler
                0x0000000008001154                DMA1_Stream5_IRQHandler
                0x0000000008001154                PVD_IRQHandler
                0x0000000008001154                SDIO_IRQHandler
                0x0000000008001154                TAMP_STAMP_IRQHandler
                0x0000000008001154                EXTI3_IRQHandler
                0x0000000008001154                I2C3_ER_IRQHandler
                0x0000000008001154                EXTI0_IRQHandler
                0x0000000008001154                I2C2_EV_IRQHandler
                0x0000000008001154                DMA1_Stream2_IRQHandler
                0x0000000008001154                FPU_IRQHandler
                0x0000000008001154                DMA2_Stream2_IRQHandler
                0x0000000008001154                SPI1_IRQHandler
                0x0000000008001154                TIM1_BRK_TIM9_IRQHandler
                0x0000000008001154                DMA2_Stream3_IRQHandler
                0x0000000008001154                USART6_IRQHandler
                0x0000000008001154                DMA2_Stream0_IRQHandler
                0x0000000008001154                TIM4_IRQHandler
                0x0000000008001154                I2C1_EV_IRQHandler
                0x0000000008001154                DMA1_Stream6_IRQHandler
                0x0000000008001154                DMA1_Stream1_IRQHandler
                0x0000000008001154                TIM3_IRQHandler
                0x0000000008001154                RCC_IRQHandler
                0x0000000008001154                Default_Handler
                0x0000000008001154                EXTI15_10_IRQHandler
                0x0000000008001154                ADC_IRQHandler
                0x0000000008001154                DMA1_Stream7_IRQHandler
                0x0000000008001154                SPI5_IRQHandler
                0x0000000008001154                TIM5_IRQHandler
                0x0000000008001154                DMA2_Stream7_IRQHandler
                0x0000000008001154                I2C3_EV_IRQHandler
                0x0000000008001154                EXTI9_5_IRQHandler
                0x0000000008001154                RTC_WKUP_IRQHandler
                0x0000000008001154                SPI2_IRQHandler
                0x0000000008001154                DMA1_Stream0_IRQHandler
                0x0000000008001154                EXTI4_IRQHandler
                0x0000000008001154                WWDG_IRQHandler
                0x0000000008001154                TIM2_IRQHandler
                0x0000000008001154                OTG_FS_WKUP_IRQHandler
                0x0000000008001154                TIM1_TRG_COM_TIM11_IRQHandler
                0x0000000008001154                EXTI1_IRQHandler
                0x0000000008001154                USART2_IRQHandler
                0x0000000008001154                I2C2_ER_IRQHandler
                0x0000000008001154                DMA2_Stream1_IRQHandler
                0x0000000008001154                FLASH_IRQHandler
                0x0000000008001154                DMA2_Stream4_IRQHandler
                0x0000000008001154                USART1_IRQHandler
                0x0000000008001154                SPI3_IRQHandler
                0x0000000008001154                DMA1_Stream4_IRQHandler
                0x0000000008001154                I2C1_ER_IRQHandler
                0x0000000008001154                DMA2_Stream6_IRQHandler
                0x0000000008001154                DMA1_Stream3_IRQHandler
 *fill*         0x0000000008001156        0x2 
 .text.HAL_Init
                0x0000000008001158       0x44 Drivers/STM32F4xx_HAL_Driver/Src/stm32f4xx_hal.o
                0x0000000008001158                HAL_Init
 .text.HAL_IncTick
                0x000000000800119c       0x28 Drivers/STM32F4xx_HAL_Driver/Src/stm32f4xx_hal.o
                0x000000000800119c                HAL_IncTick
 .text.HAL_GetTick
                0x00000000080011c4       0x18 Drivers/STM32F4xx_HAL_Driver/Src/stm32f4xx_hal.o
                0x00000000080011c4                HAL_GetTick
 .text.HAL_Delay
                0x00000000080011dc       0x44 Drivers/STM32F4xx_HAL_Driver/Src/stm32f4xx_hal.o
                0x00000000080011dc                HAL_Delay
 .text.__NVIC_SetPriorityGrouping
                0x0000000008001220       0x48 Drivers/STM32F4xx_HAL_Driver/Src/stm32f4xx_hal_cortex.o
 .text.__NVIC_GetPriorityGrouping
                0x0000000008001268       0x1c Drivers/STM32F4xx_HAL_Driver/Src/stm32f4xx_hal_cortex.o
 .text.__NVIC_EnableIRQ
                0x0000000008001284       0x3c Drivers/STM32F4xx_HAL_Driver/Src/stm32f4xx_hal_cortex.o
 .text.__NVIC_SetPriority
                0x00000000080012c0       0x54 Drivers/STM32F4xx_HAL_Driver/Src/stm32f4xx_hal_cortex.o
 .text.NVIC_EncodePriority
                0x0000000008001314       0x66 Drivers/STM32F4xx_HAL_Driver/Src/stm32f4xx_hal_cortex.o
 .text.HAL_NVIC_SetPriorityGrouping
                0x000000000800137a       0x16 Drivers/STM32F4xx_HAL_Driver/Src/stm32f4xx_hal_cortex.o
                0x000000000800137a                HAL_NVIC_SetPriorityGrouping
 .text.HAL_NVIC_SetPriority
                0x0000000008001390       0x38 Drivers/STM32F4xx_HAL_Driver/Src/stm32f4xx_hal_cortex.o
                0x0000000008001390                HAL_NVIC_SetPriority
 .text.HAL_NVIC_EnableIRQ
                0x00000000080013c8       0x1c Drivers/STM32F4xx_HAL_Driver/Src/stm32f4xx_hal_cortex.o
                0x00000000080013c8                HAL_NVIC_EnableIRQ
 .text.HAL_GPIO_Init
                0x00000000080013e4      0x304 Drivers/STM32F4xx_HAL_Driver/Src/stm32f4xx_hal_gpio.o
                0x00000000080013e4                HAL_GPIO_Init
 .text.HAL_GPIO_WritePin
                0x00000000080016e8       0x32 Drivers/STM32F4xx_HAL_Driver/Src/stm32f4xx_hal_gpio.o
                0x00000000080016e8                HAL_GPIO_WritePin
 .text.HAL_HCD_Init
                0x000000000800171a       0xc4 Drivers/STM32F4xx_HAL_Driver/Src/stm32f4xx_hal_hcd.o
                0x000000000800171a                HAL_HCD_Init
 .text.HAL_HCD_IRQHandler
                0x00000000080017de      0x20c Drivers/STM32F4xx_HAL_Driver/Src/stm32f4xx_hal_hcd.o
                0x00000000080017de                HAL_HCD_IRQHandler
 .text.HAL_HCD_SOF_Callback
                0x00000000080019ea       0x14 Drivers/STM32F4xx_HAL_Driver/Src/stm32f4xx_hal_hcd.o
                0x00000000080019ea                HAL_HCD_SOF_Callback
 .text.HAL_HCD_Connect_Callback
                0x00000000080019fe       0x14 Drivers/STM32F4xx_HAL_Driver/Src/stm32f4xx_hal_hcd.o
                0x00000000080019fe                HAL_HCD_Connect_Callback
 .text.HAL_HCD_Disconnect_Callback
                0x0000000008001a12       0x14 Drivers/STM32F4xx_HAL_Driver/Src/stm32f4xx_hal_hcd.o
                0x0000000008001a12                HAL_HCD_Disconnect_Callback
 .text.HAL_HCD_PortEnabled_Callback
                0x0000000008001a26       0x14 Drivers/STM32F4xx_HAL_Driver/Src/stm32f4xx_hal_hcd.o
                0x0000000008001a26                HAL_HCD_PortEnabled_Callback
 .text.HAL_HCD_PortDisabled_Callback
                0x0000000008001a3a       0x14 Drivers/STM32F4xx_HAL_Driver/Src/stm32f4xx_hal_hcd.o
                0x0000000008001a3a                HAL_HCD_PortDisabled_Callback
 .text.HAL_HCD_HC_NotifyURBChange_Callback
                0x0000000008001a4e       0x1c Drivers/STM32F4xx_HAL_Driver/Src/stm32f4xx_hal_hcd.o
                0x0000000008001a4e                HAL_HCD_HC_NotifyURBChange_Callback
 .text.HCD_HC_IN_IRQHandler
                0x0000000008001a6a      0x72e Drivers/STM32F4xx_HAL_Driver/Src/stm32f4xx_hal_hcd.o
 .text.HCD_HC_OUT_IRQHandler
                0x0000000008002198      0x6ea Drivers/STM32F4xx_HAL_Driver/Src/stm32f4xx_hal_hcd.o
 *fill*         0x0000000008002882        0x2 
 .text.HCD_RXQLVL_IRQHandler
                0x0000000008002884      0x158 Drivers/STM32F4xx_HAL_Driver/Src/stm32f4xx_hal_hcd.o
 .text.HCD_Port_IRQHandler
                0x00000000080029dc      0x120 Drivers/STM32F4xx_HAL_Driver/Src/stm32f4xx_hal_hcd.o
 .text.HAL_I2C_Init
                0x0000000008002afc      0x270 Drivers/STM32F4xx_HAL_Driver/Src/stm32f4xx_hal_i2c.o
                0x0000000008002afc                HAL_I2C_Init
 .text.HAL_I2S_Init
                0x0000000008002d6c      0x280 Drivers/STM32F4xx_HAL_Driver/Src/stm32f4xx_hal_i2s.o
                0x0000000008002d6c                HAL_I2S_Init
 .text.HAL_I2S_TxCpltCallback
                0x0000000008002fec       0x14 Drivers/STM32F4xx_HAL_Driver/Src/stm32f4xx_hal_i2s.o
                0x0000000008002fec                HAL_I2S_TxCpltCallback
 .text.HAL_I2S_RxCpltCallback
                0x0000000008003000       0x14 Drivers/STM32F4xx_HAL_Driver/Src/stm32f4xx_hal_i2s.o
                0x0000000008003000                HAL_I2S_RxCpltCallback
 .text.HAL_I2S_ErrorCallback
                0x0000000008003014       0x14 Drivers/STM32F4xx_HAL_Driver/Src/stm32f4xx_hal_i2s.o
                0x0000000008003014                HAL_I2S_ErrorCallback
 .text.I2S_Transmit_IT
                0x0000000008003028       0x5c Drivers/STM32F4xx_HAL_Driver/Src/stm32f4xx_hal_i2s.o
 .text.I2S_Receive_IT
                0x0000000008003084       0x5e Drivers/STM32F4xx_HAL_Driver/Src/stm32f4xx_hal_i2s.o
 .text.I2S_IRQHandler
                0x00000000080030e2      0x114 Drivers/STM32F4xx_HAL_Driver/Src/stm32f4xx_hal_i2s.o
 *fill*         0x00000000080031f6        0x2 
 .text.HAL_I2SEx_FullDuplex_IRQHandler
                0x00000000080031f8      0x2a8 Drivers/STM32F4xx_HAL_Driver/Src/stm32f4xx_hal_i2s_ex.o
                0x00000000080031f8                HAL_I2SEx_FullDuplex_IRQHandler
 .text.HAL_I2SEx_TxRxCpltCallback
                0x00000000080034a0       0x14 Drivers/STM32F4xx_HAL_Driver/Src/stm32f4xx_hal_i2s_ex.o
                0x00000000080034a0                HAL_I2SEx_TxRxCpltCallback
 .text.I2SEx_TxISR_I2S
                0x00000000080034b4       0x62 Drivers/STM32F4xx_HAL_Driver/Src/stm32f4xx_hal_i2s_ex.o
 *fill*         0x0000000008003516        0x2 
 .text.I2SEx_TxISR_I2SExt
                0x0000000008003518       0x98 Drivers/STM32F4xx_HAL_Driver/Src/stm32f4xx_hal_i2s_ex.o
 .text.I2SEx_RxISR_I2S
                0x00000000080035b0       0x64 Drivers/STM32F4xx_HAL_Driver/Src/stm32f4xx_hal_i2s_ex.o
 .text.I2SEx_RxISR_I2SExt
                0x0000000008003614       0x98 Drivers/STM32F4xx_HAL_Driver/Src/stm32f4xx_hal_i2s_ex.o
 .text.HAL_RCC_OscConfig
                0x00000000080036ac      0x4e0 Drivers/STM32F4xx_HAL_Driver/Src/stm32f4xx_hal_rcc.o
                0x00000000080036ac                HAL_RCC_OscConfig
 .text.HAL_RCC_ClockConfig
                0x0000000008003b8c      0x1cc Drivers/STM32F4xx_HAL_Driver/Src/stm32f4xx_hal_rcc.o
                0x0000000008003b8c                HAL_RCC_ClockConfig
 .text.HAL_RCC_GetSysClockFreq
                0x0000000008003d58      0x1b0 Drivers/STM32F4xx_HAL_Driver/Src/stm32f4xx_hal_rcc.o
                0x0000000008003d58                HAL_RCC_GetSysClockFreq
 .text.HAL_RCC_GetHCLKFreq
                0x0000000008003f08       0x18 Drivers/STM32F4xx_HAL_Driver/Src/stm32f4xx_hal_rcc.o
                0x0000000008003f08                HAL_RCC_GetHCLKFreq
 .text.HAL_RCC_GetPCLK1Freq
                0x0000000008003f20       0x28 Drivers/STM32F4xx_HAL_Driver/Src/stm32f4xx_hal_rcc.o
                0x0000000008003f20                HAL_RCC_GetPCLK1Freq
 .text.HAL_RCC_GetPCLK2Freq
                0x0000000008003f48       0x28 Drivers/STM32F4xx_HAL_Driver/Src/stm32f4xx_hal_rcc.o
                0x0000000008003f48                HAL_RCC_GetPCLK2Freq
 .text.HAL_RCC_GetClockConfig
                0x0000000008003f70       0x64 Drivers/STM32F4xx_HAL_Driver/Src/stm32f4xx_hal_rcc.o
                0x0000000008003f70                HAL_RCC_GetClockConfig
 .text.HAL_RCCEx_PeriphCLKConfig
                0x0000000008003fd4      0x1e0 Drivers/STM32F4xx_HAL_Driver/Src/stm32f4xx_hal_rcc_ex.o
                0x0000000008003fd4                HAL_RCCEx_PeriphCLKConfig
 .text.HAL_RCCEx_GetPeriphCLKFreq
                0x00000000080041b4       0xbc Drivers/STM32F4xx_HAL_Driver/Src/stm32f4xx_hal_rcc_ex.o
                0x00000000080041b4                HAL_RCCEx_GetPeriphCLKFreq
 .text.HAL_SPI_Init
                0x0000000008004270       0xc8 Drivers/STM32F4xx_HAL_Driver/Src/stm32f4xx_hal_spi.o
                0x0000000008004270                HAL_SPI_Init
 .text.HAL_TIM_Base_Init
                0x0000000008004338       0x56 Drivers/STM32F4xx_HAL_Driver/Src/stm32f4xx_hal_tim.o
                0x0000000008004338                HAL_TIM_Base_Init
 .text.HAL_TIM_Base_MspInit
                0x000000000800438e       0x14 Drivers/STM32F4xx_HAL_Driver/Src/stm32f4xx_hal_tim.o
                0x000000000800438e                HAL_TIM_Base_MspInit
 .text.HAL_TIM_Base_Start_IT
                0x00000000080043a2       0x48 Drivers/STM32F4xx_HAL_Driver/Src/stm32f4xx_hal_tim.o
                0x00000000080043a2                HAL_TIM_Base_Start_IT
 .text.HAL_TIM_IRQHandler
                0x00000000080043ea      0x210 Drivers/STM32F4xx_HAL_Driver/Src/stm32f4xx_hal_tim.o
                0x00000000080043ea                HAL_TIM_IRQHandler
 .text.HAL_TIM_OC_DelayElapsedCallback
                0x00000000080045fa       0x14 Drivers/STM32F4xx_HAL_Driver/Src/stm32f4xx_hal_tim.o
                0x00000000080045fa                HAL_TIM_OC_DelayElapsedCallback
 .text.HAL_TIM_IC_CaptureCallback
                0x000000000800460e       0x14 Drivers/STM32F4xx_HAL_Driver/Src/stm32f4xx_hal_tim.o
                0x000000000800460e                HAL_TIM_IC_CaptureCallback
 .text.HAL_TIM_PWM_PulseFinishedCallback
                0x0000000008004622       0x14 Drivers/STM32F4xx_HAL_Driver/Src/stm32f4xx_hal_tim.o
                0x0000000008004622                HAL_TIM_PWM_PulseFinishedCallback
 .text.HAL_TIM_TriggerCallback
                0x0000000008004636       0x14 Drivers/STM32F4xx_HAL_Driver/Src/stm32f4xx_hal_tim.o
                0x0000000008004636                HAL_TIM_TriggerCallback
 *fill*         0x000000000800464a        0x2 
 .text.TIM_Base_SetConfig
                0x000000000800464c      0x100 Drivers/STM32F4xx_HAL_Driver/Src/stm32f4xx_hal_tim.o
                0x000000000800464c                TIM_Base_SetConfig
 .text.HAL_TIMEx_CommutCallback
                0x000000000800474c       0x14 Drivers/STM32F4xx_HAL_Driver/Src/stm32f4xx_hal_tim_ex.o
                0x000000000800474c                HAL_TIMEx_CommutCallback
 .text.HAL_TIMEx_BreakCallback
                0x0000000008004760       0x14 Drivers/STM32F4xx_HAL_Driver/Src/stm32f4xx_hal_tim_ex.o
                0x0000000008004760                HAL_TIMEx_BreakCallback
 .text.USB_CoreInit
                0x0000000008004774       0xc2 Drivers/STM32F4xx_HAL_Driver/Src/stm32f4xx_ll_usb.o
                0x0000000008004774                USB_CoreInit
 .text.USB_DisableGlobalInt
                0x0000000008004836       0x22 Drivers/STM32F4xx_HAL_Driver/Src/stm32f4xx_ll_usb.o
                0x0000000008004836                USB_DisableGlobalInt
 .text.USB_SetCurrentMode
                0x0000000008004858       0x54 Drivers/STM32F4xx_HAL_Driver/Src/stm32f4xx_ll_usb.o
                0x0000000008004858                USB_SetCurrentMode
 .text.USB_FlushTxFifo
                0x00000000080048ac       0x4c Drivers/STM32F4xx_HAL_Driver/Src/stm32f4xx_ll_usb.o
                0x00000000080048ac                USB_FlushTxFifo
 .text.USB_FlushRxFifo
                0x00000000080048f8       0x44 Drivers/STM32F4xx_HAL_Driver/Src/stm32f4xx_ll_usb.o
                0x00000000080048f8                USB_FlushRxFifo
 .text.USB_ReadPacket
                0x000000000800493c       0x52 Drivers/STM32F4xx_HAL_Driver/Src/stm32f4xx_ll_usb.o
                0x000000000800493c                USB_ReadPacket
 .text.USB_ReadInterrupts
                0x000000000800498e       0x26 Drivers/STM32F4xx_HAL_Driver/Src/stm32f4xx_ll_usb.o
                0x000000000800498e                USB_ReadInterrupts
 .text.USB_GetMode
                0x00000000080049b4       0x1c Drivers/STM32F4xx_HAL_Driver/Src/stm32f4xx_ll_usb.o
                0x00000000080049b4                USB_GetMode
 .text.USB_CoreReset
                0x00000000080049d0       0x68 Drivers/STM32F4xx_HAL_Driver/Src/stm32f4xx_ll_usb.o
 .text.USB_HostInit
                0x0000000008004a38      0x178 Drivers/STM32F4xx_HAL_Driver/Src/stm32f4xx_ll_usb.o
                0x0000000008004a38                USB_HostInit
 .text.USB_InitFSLSPClkSel
                0x0000000008004bb0       0x74 Drivers/STM32F4xx_HAL_Driver/Src/stm32f4xx_ll_usb.o
                0x0000000008004bb0                USB_InitFSLSPClkSel
 .text.USB_DriveVbus
                0x0000000008004c24       0x72 Drivers/STM32F4xx_HAL_Driver/Src/stm32f4xx_ll_usb.o
                0x0000000008004c24                USB_DriveVbus
 .text.USB_HC_ReadInterrupt
                0x0000000008004c96       0x22 Drivers/STM32F4xx_HAL_Driver/Src/stm32f4xx_ll_usb.o
                0x0000000008004c96                USB_HC_ReadInterrupt
 .text.USB_HC_Halt
                0x0000000008004cb8      0x1fe Drivers/STM32F4xx_HAL_Driver/Src/stm32f4xx_ll_usb.o
                0x0000000008004cb8                USB_HC_Halt
 .text.makeFreeRtosPriority
                0x0000000008004eb6       0x30 Middlewares/Third_Party/FreeRTOS/Source/CMSIS_RTOS/cmsis_os.o
 .text.inHandlerMode
                0x0000000008004ee6       0x24 Middlewares/Third_Party/FreeRTOS/Source/CMSIS_RTOS/cmsis_os.o
 .text.osKernelStart
                0x0000000008004f0a        0xe Middlewares/Third_Party/FreeRTOS/Source/CMSIS_RTOS/cmsis_os.o
                0x0000000008004f0a                osKernelStart
 .text.osThreadCreate
                0x0000000008004f18       0x98 Middlewares/Third_Party/FreeRTOS/Source/CMSIS_RTOS/cmsis_os.o
                0x0000000008004f18                osThreadCreate
 .text.osDelay  0x0000000008004fb0       0x28 Middlewares/Third_Party/FreeRTOS/Source/CMSIS_RTOS/cmsis_os.o
                0x0000000008004fb0                osDelay
 .text.osSemaphoreCreate
                0x0000000008004fd8       0x66 Middlewares/Third_Party/FreeRTOS/Source/CMSIS_RTOS/cmsis_os.o
                0x0000000008004fd8                osSemaphoreCreate
 *fill*         0x000000000800503e        0x2 
 .text.osSemaphoreWait
                0x0000000008005040       0x9c Middlewares/Third_Party/FreeRTOS/Source/CMSIS_RTOS/cmsis_os.o
                0x0000000008005040                osSemaphoreWait
 .text.osSemaphoreRelease
                0x00000000080050dc       0x6c Middlewares/Third_Party/FreeRTOS/Source/CMSIS_RTOS/cmsis_os.o
                0x00000000080050dc                osSemaphoreRelease
 .text.vListInitialise
                0x0000000008005148       0x40 Middlewares/Third_Party/FreeRTOS/Source/list.o
                0x0000000008005148                vListInitialise
 .text.vListInitialiseItem
                0x0000000008005188       0x1a Middlewares/Third_Party/FreeRTOS/Source/list.o
                0x0000000008005188                vListInitialiseItem
 .text.vListInsertEnd
                0x00000000080051a2       0x48 Middlewares/Third_Party/FreeRTOS/Source/list.o
                0x00000000080051a2                vListInsertEnd
 .text.vListInsert
                0x00000000080051ea       0x72 Middlewares/Third_Party/FreeRTOS/Source/list.o
                0x00000000080051ea                vListInsert
 .text.uxListRemove
                0x000000000800525c       0x54 Middlewares/Third_Party/FreeRTOS/Source/list.o
                0x000000000800525c                uxListRemove
 .text.xQueueGenericReset
                0x00000000080052b0       0xd0 Middlewares/Third_Party/FreeRTOS/Source/queue.o
                0x00000000080052b0                xQueueGenericReset
 .text.xQueueGenericCreateStatic
                0x0000000008005380       0xe4 Middlewares/Third_Party/FreeRTOS/Source/queue.o
                0x0000000008005380                xQueueGenericCreateStatic
 .text.xQueueGenericCreate
                0x0000000008005464       0x7a Middlewares/Third_Party/FreeRTOS/Source/queue.o
                0x0000000008005464                xQueueGenericCreate
 .text.prvInitialiseNewQueue
                0x00000000080054de       0x3e Middlewares/Third_Party/FreeRTOS/Source/queue.o
 .text.xQueueGenericSend
                0x000000000800551c      0x1f4 Middlewares/Third_Party/FreeRTOS/Source/queue.o
                0x000000000800551c                xQueueGenericSend
 .text.xQueueGiveFromISR
                0x0000000008005710      0x112 Middlewares/Third_Party/FreeRTOS/Source/queue.o
                0x0000000008005710                xQueueGiveFromISR
 *fill*         0x0000000008005822        0x2 
 .text.xQueueSemaphoreTake
                0x0000000008005824      0x210 Middlewares/Third_Party/FreeRTOS/Source/queue.o
                0x0000000008005824                xQueueSemaphoreTake
 .text.xQueueReceiveFromISR
                0x0000000008005a34       0xfa Middlewares/Third_Party/FreeRTOS/Source/queue.o
                0x0000000008005a34                xQueueReceiveFromISR
 .text.prvGetDisinheritPriorityAfterTimeout
                0x0000000008005b2e       0x30 Middlewares/Third_Party/FreeRTOS/Source/queue.o
 .text.prvCopyDataToQueue
                0x0000000008005b5e       0xd4 Middlewares/Third_Party/FreeRTOS/Source/queue.o
 .text.prvCopyDataFromQueue
                0x0000000008005c32       0x4c Middlewares/Third_Party/FreeRTOS/Source/queue.o
 .text.prvUnlockQueue
                0x0000000008005c7e       0xa4 Middlewares/Third_Party/FreeRTOS/Source/queue.o
 .text.prvIsQueueEmpty
                0x0000000008005d22       0x2c Middlewares/Third_Party/FreeRTOS/Source/queue.o
 .text.prvIsQueueFull
                0x0000000008005d4e       0x30 Middlewares/Third_Party/FreeRTOS/Source/queue.o
 .text.xTaskCreateStatic
                0x0000000008005d7e       0xb2 Middlewares/Third_Party/FreeRTOS/Source/tasks.o
                0x0000000008005d7e                xTaskCreateStatic
 .text.xTaskCreate
                0x0000000008005e30       0x8a Middlewares/Third_Party/FreeRTOS/Source/tasks.o
                0x0000000008005e30                xTaskCreate
 .text.prvInitialiseNewTask
                0x0000000008005eba       0xfc Middlewares/Third_Party/FreeRTOS/Source/tasks.o
 *fill*         0x0000000008005fb6        0x2 
 .text.prvAddNewTaskToReadyList
                0x0000000008005fb8       0xd4 Middlewares/Third_Party/FreeRTOS/Source/tasks.o
 .text.vTaskDelay
                0x000000000800608c       0x68 Middlewares/Third_Party/FreeRTOS/Source/tasks.o
                0x000000000800608c                vTaskDelay
 .text.vTaskStartScheduler
                0x00000000080060f4       0xbc Middlewares/Third_Party/FreeRTOS/Source/tasks.o
                0x00000000080060f4                vTaskStartScheduler
 .text.vTaskSuspendAll
                0x00000000080061b0       0x1c Middlewares/Third_Party/FreeRTOS/Source/tasks.o
                0x00000000080061b0                vTaskSuspendAll
 .text.xTaskResumeAll
                0x00000000080061cc      0x138 Middlewares/Third_Party/FreeRTOS/Source/tasks.o
                0x00000000080061cc                xTaskResumeAll
 .text.xTaskIncrementTick
                0x0000000008006304      0x178 Middlewares/Third_Party/FreeRTOS/Source/tasks.o
                0x0000000008006304                xTaskIncrementTick
 .text.vTaskSwitchContext
                0x000000000800647c       0xb4 Middlewares/Third_Party/FreeRTOS/Source/tasks.o
                0x000000000800647c                vTaskSwitchContext
 .text.vTaskPlaceOnEventList
                0x0000000008006530       0x48 Middlewares/Third_Party/FreeRTOS/Source/tasks.o
                0x0000000008006530                vTaskPlaceOnEventList
 .text.xTaskRemoveFromEventList
                0x0000000008006578       0xc4 Middlewares/Third_Party/FreeRTOS/Source/tasks.o
                0x0000000008006578                xTaskRemoveFromEventList
 .text.vTaskInternalSetTimeOutState
                0x000000000800663c       0x2c Middlewares/Third_Party/FreeRTOS/Source/tasks.o
                0x000000000800663c                vTaskInternalSetTimeOutState
 .text.xTaskCheckForTimeOut
                0x0000000008006668       0xc0 Middlewares/Third_Party/FreeRTOS/Source/tasks.o
                0x0000000008006668                xTaskCheckForTimeOut
 .text.vTaskMissedYield
                0x0000000008006728       0x18 Middlewares/Third_Party/FreeRTOS/Source/tasks.o
                0x0000000008006728                vTaskMissedYield
 .text.prvIdleTask
                0x0000000008006740       0x30 Middlewares/Third_Party/FreeRTOS/Source/tasks.o
 .text.prvInitialiseTaskLists
                0x0000000008006770       0x80 Middlewares/Third_Party/FreeRTOS/Source/tasks.o
 .text.prvCheckTasksWaitingTermination
                0x00000000080067f0       0x58 Middlewares/Third_Party/FreeRTOS/Source/tasks.o
 .text.prvDeleteTCB
                0x0000000008006848       0x5c Middlewares/Third_Party/FreeRTOS/Source/tasks.o
 .text.prvResetNextTaskUnblockTime
                0x00000000080068a4       0x4c Middlewares/Third_Party/FreeRTOS/Source/tasks.o
 .text.xTaskGetSchedulerState
                0x00000000080068f0       0x3c Middlewares/Third_Party/FreeRTOS/Source/tasks.o
                0x00000000080068f0                xTaskGetSchedulerState
 .text.xTaskPriorityInherit
                0x000000000800692c      0x10c Middlewares/Third_Party/FreeRTOS/Source/tasks.o
                0x000000000800692c                xTaskPriorityInherit
 .text.xTaskPriorityDisinherit
                0x0000000008006a38      0x108 Middlewares/Third_Party/FreeRTOS/Source/tasks.o
                0x0000000008006a38                xTaskPriorityDisinherit
 .text.vTaskPriorityDisinheritAfterTimeout
                0x0000000008006b40      0x13c Middlewares/Third_Party/FreeRTOS/Source/tasks.o
                0x0000000008006b40                vTaskPriorityDisinheritAfterTimeout
 .text.pvTaskIncrementMutexHeldCount
                0x0000000008006c7c       0x28 Middlewares/Third_Party/FreeRTOS/Source/tasks.o
                0x0000000008006c7c                pvTaskIncrementMutexHeldCount
 .text.prvAddCurrentTaskToDelayedList
                0x0000000008006ca4       0xcc Middlewares/Third_Party/FreeRTOS/Source/tasks.o
 .text.pxPortInitialiseStack
                0x0000000008006d70       0x68 Middlewares/Third_Party/FreeRTOS/Source/portable/GCC/ARM_CM4F/port.o
                0x0000000008006d70                pxPortInitialiseStack
 .text.prvTaskExitError
                0x0000000008006dd8       0x54 Middlewares/Third_Party/FreeRTOS/Source/portable/GCC/ARM_CM4F/port.o
 *fill*         0x0000000008006e2c        0x4 
 .text.SVC_Handler
                0x0000000008006e30       0x28 Middlewares/Third_Party/FreeRTOS/Source/portable/GCC/ARM_CM4F/port.o
                0x0000000008006e30                SVC_Handler
 .text.prvPortStartFirstTask
                0x0000000008006e58       0x28 Middlewares/Third_Party/FreeRTOS/Source/portable/GCC/ARM_CM4F/port.o
 .text.xPortStartScheduler
                0x0000000008006e80      0x13c Middlewares/Third_Party/FreeRTOS/Source/portable/GCC/ARM_CM4F/port.o
                0x0000000008006e80                xPortStartScheduler
 .text.vPortEnterCritical
                0x0000000008006fbc       0x5c Middlewares/Third_Party/FreeRTOS/Source/portable/GCC/ARM_CM4F/port.o
                0x0000000008006fbc                vPortEnterCritical
 .text.vPortExitCritical
                0x0000000008007018       0x50 Middlewares/Third_Party/FreeRTOS/Source/portable/GCC/ARM_CM4F/port.o
                0x0000000008007018                vPortExitCritical
 *fill*         0x0000000008007068        0x8 
 .text.PendSV_Handler
                0x0000000008007070       0x68 Middlewares/Third_Party/FreeRTOS/Source/portable/GCC/ARM_CM4F/port.o
                0x0000000008007070                PendSV_Handler
 .text.SysTick_Handler
                0x00000000080070d8       0x40 Middlewares/Third_Party/FreeRTOS/Source/portable/GCC/ARM_CM4F/port.o
                0x00000000080070d8                SysTick_Handler
 .text.vPortSetupTimerInterrupt
                0x0000000008007118       0x48 Middlewares/Third_Party/FreeRTOS/Source/portable/GCC/ARM_CM4F/port.o
                0x0000000008007118                vPortSetupTimerInterrupt
 .text.vPortEnableVFP
                0x0000000008007160       0x14 Middlewares/Third_Party/FreeRTOS/Source/portable/GCC/ARM_CM4F/port.o
 .text.vPortValidateInterruptPriority
                0x0000000008007174       0x7c Middlewares/Third_Party/FreeRTOS/Source/portable/GCC/ARM_CM4F/port.o
                0x0000000008007174                vPortValidateInterruptPriority
 .text.pvPortMalloc
                0x00000000080071f0      0x184 Middlewares/Third_Party/FreeRTOS/Source/portable/MemMang/heap_4.o
                0x00000000080071f0                pvPortMalloc
 .text.vPortFree
                0x0000000008007374       0xb0 Middlewares/Third_Party/FreeRTOS/Source/portable/MemMang/heap_4.o
                0x0000000008007374                vPortFree
 .text.prvHeapInit
                0x0000000008007424       0xc4 Middlewares/Third_Party/FreeRTOS/Source/portable/MemMang/heap_4.o
 .text.prvInsertBlockIntoFreeList
                0x00000000080074e8       0xb4 Middlewares/Third_Party/FreeRTOS/Source/portable/MemMang/heap_4.o
 .text.__libc_init_array
                0x000000000800759c       0x48 c:/rtos/stm32cubeide_1.1.0/plugins/com.st.stm32cube.ide.mcu.externaltools.gnu-tools-for-stm32.7-2018-q2-update.win32_1.0.0.201904181610/tools/bin/../lib/gcc/arm-none-eabi/7.3.1/../../../../arm-none-eabi/lib/thumb/v7e-m/fpv4-sp/hard\libc_nano.a(lib_a-init.o)
                0x000000000800759c                __libc_init_array
 .text.memcpy   0x00000000080075e4       0x16 c:/rtos/stm32cubeide_1.1.0/plugins/com.st.stm32cube.ide.mcu.externaltools.gnu-tools-for-stm32.7-2018-q2-update.win32_1.0.0.201904181610/tools/bin/../lib/gcc/arm-none-eabi/7.3.1/../../../../arm-none-eabi/lib/thumb/v7e-m/fpv4-sp/hard\libc_nano.a(lib_a-memcpy-stub.o)
                0x00000000080075e4                memcpy
 .text.memset   0x00000000080075fa       0x10 c:/rtos/stm32cubeide_1.1.0/plugins/com.st.stm32cube.ide.mcu.externaltools.gnu-tools-for-stm32.7-2018-q2-update.win32_1.0.0.201904181610/tools/bin/../lib/gcc/arm-none-eabi/7.3.1/../../../../arm-none-eabi/lib/thumb/v7e-m/fpv4-sp/hard\libc_nano.a(lib_a-memset.o)
                0x00000000080075fa                memset
 *(.glue_7)
 .glue_7        0x000000000800760a        0x0 linker stubs
 *(.glue_7t)
 .glue_7t       0x000000000800760a        0x0 linker stubs
 *(.eh_frame)
 *fill*         0x000000000800760a        0x2 
 .eh_frame      0x000000000800760c        0x0 c:/rtos/stm32cubeide_1.1.0/plugins/com.st.stm32cube.ide.mcu.externaltools.gnu-tools-for-stm32.7-2018-q2-update.win32_1.0.0.201904181610/tools/bin/../lib/gcc/arm-none-eabi/7.3.1/thumb/v7e-m/fpv4-sp/hard/crtbegin.o
 *(.init)
 .init          0x000000000800760c        0x4 c:/rtos/stm32cubeide_1.1.0/plugins/com.st.stm32cube.ide.mcu.externaltools.gnu-tools-for-stm32.7-2018-q2-update.win32_1.0.0.201904181610/tools/bin/../lib/gcc/arm-none-eabi/7.3.1/thumb/v7e-m/fpv4-sp/hard/crti.o
                0x000000000800760c                _init
 .init          0x0000000008007610        0x8 c:/rtos/stm32cubeide_1.1.0/plugins/com.st.stm32cube.ide.mcu.externaltools.gnu-tools-for-stm32.7-2018-q2-update.win32_1.0.0.201904181610/tools/bin/../lib/gcc/arm-none-eabi/7.3.1/thumb/v7e-m/fpv4-sp/hard/crtn.o
 *(.fini)
 .fini          0x0000000008007618        0x4 c:/rtos/stm32cubeide_1.1.0/plugins/com.st.stm32cube.ide.mcu.externaltools.gnu-tools-for-stm32.7-2018-q2-update.win32_1.0.0.201904181610/tools/bin/../lib/gcc/arm-none-eabi/7.3.1/thumb/v7e-m/fpv4-sp/hard/crti.o
                0x0000000008007618                _fini
 .fini          0x000000000800761c        0x8 c:/rtos/stm32cubeide_1.1.0/plugins/com.st.stm32cube.ide.mcu.externaltools.gnu-tools-for-stm32.7-2018-q2-update.win32_1.0.0.201904181610/tools/bin/../lib/gcc/arm-none-eabi/7.3.1/thumb/v7e-m/fpv4-sp/hard/crtn.o
                0x0000000008007624                . = ALIGN (0x4)
                0x0000000008007624                _etext = .

.vfp11_veneer   0x0000000008007624        0x0
 .vfp11_veneer  0x0000000008007624        0x0 linker stubs

.v4_bx          0x0000000008007624        0x0
 .v4_bx         0x0000000008007624        0x0 linker stubs

.iplt           0x0000000008007624        0x0
 .iplt          0x0000000008007624        0x0 c:/rtos/stm32cubeide_1.1.0/plugins/com.st.stm32cube.ide.mcu.externaltools.gnu-tools-for-stm32.7-2018-q2-update.win32_1.0.0.201904181610/tools/bin/../lib/gcc/arm-none-eabi/7.3.1/thumb/v7e-m/fpv4-sp/hard/crtbegin.o

.rodata         0x0000000008007624       0xbc
                0x0000000008007624                . = ALIGN (0x4)
 *(.rodata)
 .rodata        0x0000000008007624       0x9c Core/Src/main.o
 .rodata        0x00000000080076c0        0x5 Middlewares/Third_Party/FreeRTOS/Source/tasks.o
 *(.rodata*)
 *fill*         0x00000000080076c5        0x3 
 .rodata.AHBPrescTable
                0x00000000080076c8       0x10 Core/Src/system_stm32f4xx.o
                0x00000000080076c8                AHBPrescTable
 .rodata.APBPrescTable
                0x00000000080076d8        0x8 Core/Src/system_stm32f4xx.o
                0x00000000080076d8                APBPrescTable
                0x00000000080076e0                . = ALIGN (0x4)

.ARM.extab      0x00000000080076e0        0x0
                0x00000000080076e0                . = ALIGN (0x4)
 *(.ARM.extab* .gnu.linkonce.armextab.*)
                0x00000000080076e0                . = ALIGN (0x4)

.ARM            0x00000000080076e0        0x8
                0x00000000080076e0                . = ALIGN (0x4)
                0x00000000080076e0                __exidx_start = .
 *(.ARM.exidx*)
 .ARM.exidx     0x00000000080076e0        0x8 c:/rtos/stm32cubeide_1.1.0/plugins/com.st.stm32cube.ide.mcu.externaltools.gnu-tools-for-stm32.7-2018-q2-update.win32_1.0.0.201904181610/tools/bin/../lib/gcc/arm-none-eabi/7.3.1/thumb/v7e-m/fpv4-sp/hard\libgcc.a(_udivmoddi4.o)
                0x00000000080076e8                __exidx_end = .
                0x00000000080076e8                . = ALIGN (0x4)

.rel.dyn        0x00000000080076e8        0x0
 .rel.iplt      0x00000000080076e8        0x0 c:/rtos/stm32cubeide_1.1.0/plugins/com.st.stm32cube.ide.mcu.externaltools.gnu-tools-for-stm32.7-2018-q2-update.win32_1.0.0.201904181610/tools/bin/../lib/gcc/arm-none-eabi/7.3.1/thumb/v7e-m/fpv4-sp/hard/crtbegin.o

.preinit_array  0x00000000080076e8        0x0
                0x00000000080076e8                . = ALIGN (0x4)
                0x00000000080076e8                PROVIDE (__preinit_array_start = .)
 *(.preinit_array*)
                0x00000000080076e8                PROVIDE (__preinit_array_end = .)
                0x00000000080076e8                . = ALIGN (0x4)

.init_array     0x00000000080076e8        0x4
                0x00000000080076e8                . = ALIGN (0x4)
                0x00000000080076e8                PROVIDE (__init_array_start = .)
 *(SORT_BY_NAME(.init_array.*))
 *(.init_array*)
 .init_array    0x00000000080076e8        0x4 c:/rtos/stm32cubeide_1.1.0/plugins/com.st.stm32cube.ide.mcu.externaltools.gnu-tools-for-stm32.7-2018-q2-update.win32_1.0.0.201904181610/tools/bin/../lib/gcc/arm-none-eabi/7.3.1/thumb/v7e-m/fpv4-sp/hard/crtbegin.o
                0x00000000080076ec                PROVIDE (__init_array_end = .)
                0x00000000080076ec                . = ALIGN (0x4)

.fini_array     0x00000000080076ec        0x4
                0x00000000080076ec                . = ALIGN (0x4)
                [!provide]                        PROVIDE (__fini_array_start = .)
 *(SORT_BY_NAME(.fini_array.*))
 *(.fini_array*)
 .fini_array    0x00000000080076ec        0x4 c:/rtos/stm32cubeide_1.1.0/plugins/com.st.stm32cube.ide.mcu.externaltools.gnu-tools-for-stm32.7-2018-q2-update.win32_1.0.0.201904181610/tools/bin/../lib/gcc/arm-none-eabi/7.3.1/thumb/v7e-m/fpv4-sp/hard/crtbegin.o
                [!provide]                        PROVIDE (__fini_array_end = .)
                0x00000000080076f0                . = ALIGN (0x4)
                0x00000000080076f0                _sidata = LOADADDR (.data)

.data           0x0000000020000000       0x10 load address 0x00000000080076f0
                0x0000000020000000                . = ALIGN (0x4)
                0x0000000020000000                _sdata = .
 *(.data)
 *(.data*)
 .data.SystemCoreClock
                0x0000000020000000        0x4 Core/Src/system_stm32f4xx.o
                0x0000000020000000                SystemCoreClock
 .data.uwTickPrio
                0x0000000020000004        0x4 Drivers/STM32F4xx_HAL_Driver/Src/stm32f4xx_hal.o
                0x0000000020000004                uwTickPrio
 .data.uwTickFreq
                0x0000000020000008        0x1 Drivers/STM32F4xx_HAL_Driver/Src/stm32f4xx_hal.o
                0x0000000020000008                uwTickFreq
 *fill*         0x0000000020000009        0x3 
 .data.uxCriticalNesting
                0x000000002000000c        0x4 Middlewares/Third_Party/FreeRTOS/Source/portable/GCC/ARM_CM4F/port.o
                0x0000000020000010                . = ALIGN (0x4)
                0x0000000020000010                _edata = .

.igot.plt       0x0000000020000010        0x0 load address 0x0000000008007700
 .igot.plt      0x0000000020000010        0x0 c:/rtos/stm32cubeide_1.1.0/plugins/com.st.stm32cube.ide.mcu.externaltools.gnu-tools-for-stm32.7-2018-q2-update.win32_1.0.0.201904181610/tools/bin/../lib/gcc/arm-none-eabi/7.3.1/thumb/v7e-m/fpv4-sp/hard/crtbegin.o
                0x0000000020000010                . = ALIGN (0x4)

.bss            0x0000000020000010     0x4418 load address 0x0000000008007700
                0x0000000020000010                _sbss = .
                0x0000000020000010                __bss_start__ = _sbss
 *(.bss)
 .bss           0x0000000020000010       0x1c c:/rtos/stm32cubeide_1.1.0/plugins/com.st.stm32cube.ide.mcu.externaltools.gnu-tools-for-stm32.7-2018-q2-update.win32_1.0.0.201904181610/tools/bin/../lib/gcc/arm-none-eabi/7.3.1/thumb/v7e-m/fpv4-sp/hard/crtbegin.o
 *(.bss*)
 .bss.xIdleTaskTCBBuffer
                0x000000002000002c       0x54 Core/Src/freertos.o
 .bss.xIdleStack
                0x0000000020000080      0x200 Core/Src/freertos.o
 .bss.pxCurrentTCB
                0x0000000020000280        0x4 Middlewares/Third_Party/FreeRTOS/Source/tasks.o
                0x0000000020000280                pxCurrentTCB
 .bss.pxReadyTasksLists
                0x0000000020000284       0x8c Middlewares/Third_Party/FreeRTOS/Source/tasks.o
 .bss.xDelayedTaskList1
                0x0000000020000310       0x14 Middlewares/Third_Party/FreeRTOS/Source/tasks.o
 .bss.xDelayedTaskList2
                0x0000000020000324       0x14 Middlewares/Third_Party/FreeRTOS/Source/tasks.o
 .bss.pxDelayedTaskList
                0x0000000020000338        0x4 Middlewares/Third_Party/FreeRTOS/Source/tasks.o
 .bss.pxOverflowDelayedTaskList
                0x000000002000033c        0x4 Middlewares/Third_Party/FreeRTOS/Source/tasks.o
 .bss.xPendingReadyList
                0x0000000020000340       0x14 Middlewares/Third_Party/FreeRTOS/Source/tasks.o
 .bss.xTasksWaitingTermination
                0x0000000020000354       0x14 Middlewares/Third_Party/FreeRTOS/Source/tasks.o
 .bss.uxDeletedTasksWaitingCleanUp
                0x0000000020000368        0x4 Middlewares/Third_Party/FreeRTOS/Source/tasks.o
 .bss.xSuspendedTaskList
                0x000000002000036c       0x14 Middlewares/Third_Party/FreeRTOS/Source/tasks.o
 .bss.uxCurrentNumberOfTasks
                0x0000000020000380        0x4 Middlewares/Third_Party/FreeRTOS/Source/tasks.o
 .bss.xTickCount
                0x0000000020000384        0x4 Middlewares/Third_Party/FreeRTOS/Source/tasks.o
 .bss.uxTopReadyPriority
                0x0000000020000388        0x4 Middlewares/Third_Party/FreeRTOS/Source/tasks.o
 .bss.xSchedulerRunning
                0x000000002000038c        0x4 Middlewares/Third_Party/FreeRTOS/Source/tasks.o
 .bss.uxPendedTicks
                0x0000000020000390        0x4 Middlewares/Third_Party/FreeRTOS/Source/tasks.o
 .bss.xYieldPending
                0x0000000020000394        0x4 Middlewares/Third_Party/FreeRTOS/Source/tasks.o
 .bss.xNumOfOverflows
                0x0000000020000398        0x4 Middlewares/Third_Party/FreeRTOS/Source/tasks.o
 .bss.uxTaskNumber
                0x000000002000039c        0x4 Middlewares/Third_Party/FreeRTOS/Source/tasks.o
 .bss.xNextTaskUnblockTime
                0x00000000200003a0        0x4 Middlewares/Third_Party/FreeRTOS/Source/tasks.o
 .bss.xIdleTaskHandle
                0x00000000200003a4        0x4 Middlewares/Third_Party/FreeRTOS/Source/tasks.o
 .bss.uxSchedulerSuspended
                0x00000000200003a8        0x4 Middlewares/Third_Party/FreeRTOS/Source/tasks.o
 .bss.ucMaxSysCallPriority
                0x00000000200003ac        0x1 Middlewares/Third_Party/FreeRTOS/Source/portable/GCC/ARM_CM4F/port.o
 *fill*         0x00000000200003ad        0x3 
 .bss.ulMaxPRIGROUPValue
                0x00000000200003b0        0x4 Middlewares/Third_Party/FreeRTOS/Source/portable/GCC/ARM_CM4F/port.o
 .bss.ucHeap    0x00000000200003b4     0x3c00 Middlewares/Third_Party/FreeRTOS/Source/portable/MemMang/heap_4.o
 .bss.xStart    0x0000000020003fb4        0x8 Middlewares/Third_Party/FreeRTOS/Source/portable/MemMang/heap_4.o
 .bss.pxEnd     0x0000000020003fbc        0x4 Middlewares/Third_Party/FreeRTOS/Source/portable/MemMang/heap_4.o
 .bss.xFreeBytesRemaining
                0x0000000020003fc0        0x4 Middlewares/Third_Party/FreeRTOS/Source/portable/MemMang/heap_4.o
 .bss.xMinimumEverFreeBytesRemaining
                0x0000000020003fc4        0x4 Middlewares/Third_Party/FreeRTOS/Source/portable/MemMang/heap_4.o
 .bss.xBlockAllocatedBit
                0x0000000020003fc8        0x4 Middlewares/Third_Party/FreeRTOS/Source/portable/MemMang/heap_4.o
 *(COMMON)
 COMMON         0x0000000020003fcc      0x418 Core/Src/main.o
                0x0000000020003fcc                defaultTaskHandle
                0x0000000020003fd0                hi2c1
                0x0000000020004024                RedEFHandle
                0x0000000020004028                RedTaskHandle
                0x000000002000402c                BlueTaskHandle
                0x0000000020004030                GreenTaskHandle
                0x0000000020004034                hspi1
                0x000000002000408c                hhcd_USB_OTG_FS
                0x0000000020004350                hi2s2
                0x0000000020004398                hi2s3
                0x00000000200043e0                GreenEFHandle
 COMMON         0x00000000200043e4       0x40 Core/Src/stm32f4xx_hal_timebase_tim.o
                0x00000000200043e4                htim1
 COMMON         0x0000000020004424        0x4 Drivers/STM32F4xx_HAL_Driver/Src/stm32f4xx_hal.o
                0x0000000020004424                uwTick
                0x0000000020004428                . = ALIGN (0x4)
                0x0000000020004428                _ebss = .
                0x0000000020004428                __bss_end__ = _ebss

._user_heap_stack
                0x0000000020004428      0x600 load address 0x0000000008007700
                0x0000000020004428                . = ALIGN (0x8)
                0x0000000020004428                PROVIDE (end = .)
                [!provide]                        PROVIDE (_end = .)
                0x0000000020004628                . = (. + _Min_Heap_Size)
 *fill*         0x0000000020004428      0x200 
                0x0000000020004a28                . = (. + _Min_Stack_Size)
 *fill*         0x0000000020004628      0x400 
                0x0000000020004a28                . = ALIGN (0x8)

/DISCARD/
 libc.a(*)
 libm.a(*)
 libgcc.a(*)

.ARM.attributes
                0x0000000000000000       0x30
 *(.ARM.attributes)
 .ARM.attributes
                0x0000000000000000       0x22 c:/rtos/stm32cubeide_1.1.0/plugins/com.st.stm32cube.ide.mcu.externaltools.gnu-tools-for-stm32.7-2018-q2-update.win32_1.0.0.201904181610/tools/bin/../lib/gcc/arm-none-eabi/7.3.1/thumb/v7e-m/fpv4-sp/hard/crti.o
 .ARM.attributes
                0x0000000000000022       0x34 c:/rtos/stm32cubeide_1.1.0/plugins/com.st.stm32cube.ide.mcu.externaltools.gnu-tools-for-stm32.7-2018-q2-update.win32_1.0.0.201904181610/tools/bin/../lib/gcc/arm-none-eabi/7.3.1/thumb/v7e-m/fpv4-sp/hard/crtbegin.o
 .ARM.attributes
                0x0000000000000056       0x39 Core/Src/blink_leds.o
 .ARM.attributes
                0x000000000000008f       0x39 Core/Src/freertos.o
 .ARM.attributes
                0x00000000000000c8       0x39 Core/Src/main.o
 .ARM.attributes
                0x0000000000000101       0x39 Core/Src/stm32f4xx_hal_msp.o
 .ARM.attributes
                0x000000000000013a       0x39 Core/Src/stm32f4xx_hal_timebase_tim.o
 .ARM.attributes
                0x0000000000000173       0x39 Core/Src/stm32f4xx_it.o
 .ARM.attributes
                0x00000000000001ac       0x39 Core/Src/system_stm32f4xx.o
 .ARM.attributes
                0x00000000000001e5       0x21 Core/Startup/startup_stm32f411vetx.o
 .ARM.attributes
                0x0000000000000206       0x39 Drivers/STM32F4xx_HAL_Driver/Src/stm32f4xx_hal.o
 .ARM.attributes
                0x000000000000023f       0x39 Drivers/STM32F4xx_HAL_Driver/Src/stm32f4xx_hal_cortex.o
 .ARM.attributes
                0x0000000000000278       0x39 Drivers/STM32F4xx_HAL_Driver/Src/stm32f4xx_hal_gpio.o
 .ARM.attributes
                0x00000000000002b1       0x39 Drivers/STM32F4xx_HAL_Driver/Src/stm32f4xx_hal_hcd.o
 .ARM.attributes
                0x00000000000002ea       0x39 Drivers/STM32F4xx_HAL_Driver/Src/stm32f4xx_hal_i2c.o
 .ARM.attributes
                0x0000000000000323       0x39 Drivers/STM32F4xx_HAL_Driver/Src/stm32f4xx_hal_i2s.o
 .ARM.attributes
                0x000000000000035c       0x39 Drivers/STM32F4xx_HAL_Driver/Src/stm32f4xx_hal_i2s_ex.o
 .ARM.attributes
                0x0000000000000395       0x39 Drivers/STM32F4xx_HAL_Driver/Src/stm32f4xx_hal_rcc.o
 .ARM.attributes
                0x00000000000003ce       0x39 Drivers/STM32F4xx_HAL_Driver/Src/stm32f4xx_hal_rcc_ex.o
 .ARM.attributes
                0x0000000000000407       0x39 Drivers/STM32F4xx_HAL_Driver/Src/stm32f4xx_hal_spi.o
 .ARM.attributes
                0x0000000000000440       0x39 Drivers/STM32F4xx_HAL_Driver/Src/stm32f4xx_hal_tim.o
 .ARM.attributes
                0x0000000000000479       0x39 Drivers/STM32F4xx_HAL_Driver/Src/stm32f4xx_hal_tim_ex.o
 .ARM.attributes
                0x00000000000004b2       0x39 Drivers/STM32F4xx_HAL_Driver/Src/stm32f4xx_ll_usb.o
 .ARM.attributes
                0x00000000000004eb       0x39 Middlewares/Third_Party/FreeRTOS/Source/CMSIS_RTOS/cmsis_os.o
 .ARM.attributes
                0x0000000000000524       0x39 Middlewares/Third_Party/FreeRTOS/Source/list.o
 .ARM.attributes
                0x000000000000055d       0x39 Middlewares/Third_Party/FreeRTOS/Source/queue.o
 .ARM.attributes
                0x0000000000000596       0x39 Middlewares/Third_Party/FreeRTOS/Source/tasks.o
 .ARM.attributes
                0x00000000000005cf       0x39 Middlewares/Third_Party/FreeRTOS/Source/portable/GCC/ARM_CM4F/port.o
 .ARM.attributes
                0x0000000000000608       0x39 Middlewares/Third_Party/FreeRTOS/Source/portable/MemMang/heap_4.o
 .ARM.attributes
                0x0000000000000641       0x34 c:/rtos/stm32cubeide_1.1.0/plugins/com.st.stm32cube.ide.mcu.externaltools.gnu-tools-for-stm32.7-2018-q2-update.win32_1.0.0.201904181610/tools/bin/../lib/gcc/arm-none-eabi/7.3.1/../../../../arm-none-eabi/lib/thumb/v7e-m/fpv4-sp/hard\libc_nano.a(lib_a-init.o)
 .ARM.attributes
                0x0000000000000675       0x34 c:/rtos/stm32cubeide_1.1.0/plugins/com.st.stm32cube.ide.mcu.externaltools.gnu-tools-for-stm32.7-2018-q2-update.win32_1.0.0.201904181610/tools/bin/../lib/gcc/arm-none-eabi/7.3.1/../../../../arm-none-eabi/lib/thumb/v7e-m/fpv4-sp/hard\libc_nano.a(lib_a-memcpy-stub.o)
 .ARM.attributes
                0x00000000000006a9       0x34 c:/rtos/stm32cubeide_1.1.0/plugins/com.st.stm32cube.ide.mcu.externaltools.gnu-tools-for-stm32.7-2018-q2-update.win32_1.0.0.201904181610/tools/bin/../lib/gcc/arm-none-eabi/7.3.1/../../../../arm-none-eabi/lib/thumb/v7e-m/fpv4-sp/hard\libc_nano.a(lib_a-memset.o)
 .ARM.attributes
                0x00000000000006dd       0x22 c:/rtos/stm32cubeide_1.1.0/plugins/com.st.stm32cube.ide.mcu.externaltools.gnu-tools-for-stm32.7-2018-q2-update.win32_1.0.0.201904181610/tools/bin/../lib/gcc/arm-none-eabi/7.3.1/thumb/v7e-m/fpv4-sp/hard\libgcc.a(_aeabi_uldivmod.o)
 .ARM.attributes
                0x00000000000006ff       0x34 c:/rtos/stm32cubeide_1.1.0/plugins/com.st.stm32cube.ide.mcu.externaltools.gnu-tools-for-stm32.7-2018-q2-update.win32_1.0.0.201904181610/tools/bin/../lib/gcc/arm-none-eabi/7.3.1/thumb/v7e-m/fpv4-sp/hard\libgcc.a(_udivmoddi4.o)
 .ARM.attributes
                0x0000000000000733       0x22 c:/rtos/stm32cubeide_1.1.0/plugins/com.st.stm32cube.ide.mcu.externaltools.gnu-tools-for-stm32.7-2018-q2-update.win32_1.0.0.201904181610/tools/bin/../lib/gcc/arm-none-eabi/7.3.1/thumb/v7e-m/fpv4-sp/hard\libgcc.a(_dvmd_tls.o)
 .ARM.attributes
                0x0000000000000755       0x22 c:/rtos/stm32cubeide_1.1.0/plugins/com.st.stm32cube.ide.mcu.externaltools.gnu-tools-for-stm32.7-2018-q2-update.win32_1.0.0.201904181610/tools/bin/../lib/gcc/arm-none-eabi/7.3.1/thumb/v7e-m/fpv4-sp/hard/crtn.o
OUTPUT(Lab5_Ex15.elf elf32-littlearm)

.debug_info     0x0000000000000000    0x1b18c
 .debug_info    0x0000000000000000      0x29a Core/Src/blink_leds.o
 .debug_info    0x000000000000029a      0x344 Core/Src/freertos.o
 .debug_info    0x00000000000005de     0x1d9b Core/Src/main.o
 .debug_info    0x0000000000002379     0x15fc Core/Src/stm32f4xx_hal_msp.o
 .debug_info    0x0000000000003975      0xabf Core/Src/stm32f4xx_hal_timebase_tim.o
 .debug_info    0x0000000000004434      0xb3a Core/Src/stm32f4xx_it.o
 .debug_info    0x0000000000004f6e      0x57e Core/Src/system_stm32f4xx.o
 .debug_info    0x00000000000054ec       0x22 Core/Startup/startup_stm32f411vetx.o
 .debug_info    0x000000000000550e      0x8d9 Drivers/STM32F4xx_HAL_Driver/Src/stm32f4xx_hal.o
 .debug_info    0x0000000000005de7      0xd98 Drivers/STM32F4xx_HAL_Driver/Src/stm32f4xx_hal_cortex.o
 .debug_info    0x0000000000006b7f      0x7dd Drivers/STM32F4xx_HAL_Driver/Src/stm32f4xx_hal_gpio.o
 .debug_info    0x000000000000735c      0xe39 Drivers/STM32F4xx_HAL_Driver/Src/stm32f4xx_hal_hcd.o
 .debug_info    0x0000000000008195     0x23ba Drivers/STM32F4xx_HAL_Driver/Src/stm32f4xx_hal_i2c.o
 .debug_info    0x000000000000a54f      0xdd7 Drivers/STM32F4xx_HAL_Driver/Src/stm32f4xx_hal_i2s.o
 .debug_info    0x000000000000b326      0xb6e Drivers/STM32F4xx_HAL_Driver/Src/stm32f4xx_hal_i2s_ex.o
 .debug_info    0x000000000000be94      0x92e Drivers/STM32F4xx_HAL_Driver/Src/stm32f4xx_hal_rcc.o
 .debug_info    0x000000000000c7c2      0x618 Drivers/STM32F4xx_HAL_Driver/Src/stm32f4xx_hal_rcc_ex.o
 .debug_info    0x000000000000cdda     0x1632 Drivers/STM32F4xx_HAL_Driver/Src/stm32f4xx_hal_spi.o
 .debug_info    0x000000000000e40c     0x24a1 Drivers/STM32F4xx_HAL_Driver/Src/stm32f4xx_hal_tim.o
 .debug_info    0x00000000000108ad     0x114f Drivers/STM32F4xx_HAL_Driver/Src/stm32f4xx_hal_tim_ex.o
 .debug_info    0x00000000000119fc     0x18dd Drivers/STM32F4xx_HAL_Driver/Src/stm32f4xx_ll_usb.o
 .debug_info    0x00000000000132d9     0x1e78 Middlewares/Third_Party/FreeRTOS/Source/CMSIS_RTOS/cmsis_os.o
 .debug_info    0x0000000000015151      0xac5 Middlewares/Third_Party/FreeRTOS/Source/list.o
 .debug_info    0x0000000000015c16     0x1f2d Middlewares/Third_Party/FreeRTOS/Source/queue.o
 .debug_info    0x0000000000017b43     0x252c Middlewares/Third_Party/FreeRTOS/Source/tasks.o
 .debug_info    0x000000000001a06f      0x533 Middlewares/Third_Party/FreeRTOS/Source/portable/GCC/ARM_CM4F/port.o
 .debug_info    0x000000000001a5a2      0xbea Middlewares/Third_Party/FreeRTOS/Source/portable/MemMang/heap_4.o

.debug_abbrev   0x0000000000000000     0x3899
 .debug_abbrev  0x0000000000000000      0x10d Core/Src/blink_leds.o
 .debug_abbrev  0x000000000000010d      0x109 Core/Src/freertos.o
 .debug_abbrev  0x0000000000000216      0x2a4 Core/Src/main.o
 .debug_abbrev  0x00000000000004ba      0x205 Core/Src/stm32f4xx_hal_msp.o
 .debug_abbrev  0x00000000000006bf      0x1ac Core/Src/stm32f4xx_hal_timebase_tim.o
 .debug_abbrev  0x000000000000086b      0x1a1 Core/Src/stm32f4xx_it.o
 .debug_abbrev  0x0000000000000a0c      0x12b Core/Src/system_stm32f4xx.o
 .debug_abbrev  0x0000000000000b37       0x12 Core/Startup/startup_stm32f411vetx.o
 .debug_abbrev  0x0000000000000b49      0x1f2 Drivers/STM32F4xx_HAL_Driver/Src/stm32f4xx_hal.o
 .debug_abbrev  0x0000000000000d3b      0x2fa Drivers/STM32F4xx_HAL_Driver/Src/stm32f4xx_hal_cortex.o
 .debug_abbrev  0x0000000000001035      0x1c9 Drivers/STM32F4xx_HAL_Driver/Src/stm32f4xx_hal_gpio.o
 .debug_abbrev  0x00000000000011fe      0x255 Drivers/STM32F4xx_HAL_Driver/Src/stm32f4xx_hal_hcd.o
 .debug_abbrev  0x0000000000001453      0x263 Drivers/STM32F4xx_HAL_Driver/Src/stm32f4xx_hal_i2c.o
 .debug_abbrev  0x00000000000016b6      0x22a Drivers/STM32F4xx_HAL_Driver/Src/stm32f4xx_hal_i2s.o
 .debug_abbrev  0x00000000000018e0      0x255 Drivers/STM32F4xx_HAL_Driver/Src/stm32f4xx_hal_i2s_ex.o
 .debug_abbrev  0x0000000000001b35      0x245 Drivers/STM32F4xx_HAL_Driver/Src/stm32f4xx_hal_rcc.o
 .debug_abbrev  0x0000000000001d7a      0x173 Drivers/STM32F4xx_HAL_Driver/Src/stm32f4xx_hal_rcc_ex.o
 .debug_abbrev  0x0000000000001eed      0x240 Drivers/STM32F4xx_HAL_Driver/Src/stm32f4xx_hal_spi.o
 .debug_abbrev  0x000000000000212d      0x23f Drivers/STM32F4xx_HAL_Driver/Src/stm32f4xx_hal_tim.o
 .debug_abbrev  0x000000000000236c      0x22d Drivers/STM32F4xx_HAL_Driver/Src/stm32f4xx_hal_tim_ex.o
 .debug_abbrev  0x0000000000002599      0x26d Drivers/STM32F4xx_HAL_Driver/Src/stm32f4xx_ll_usb.o
 .debug_abbrev  0x0000000000002806      0x38a Middlewares/Third_Party/FreeRTOS/Source/CMSIS_RTOS/cmsis_os.o
 .debug_abbrev  0x0000000000002b90      0x1cf Middlewares/Third_Party/FreeRTOS/Source/list.o
 .debug_abbrev  0x0000000000002d5f      0x354 Middlewares/Third_Party/FreeRTOS/Source/queue.o
 .debug_abbrev  0x00000000000030b3      0x338 Middlewares/Third_Party/FreeRTOS/Source/tasks.o
 .debug_abbrev  0x00000000000033eb      0x210 Middlewares/Third_Party/FreeRTOS/Source/portable/GCC/ARM_CM4F/port.o
 .debug_abbrev  0x00000000000035fb      0x29e Middlewares/Third_Party/FreeRTOS/Source/portable/MemMang/heap_4.o

.debug_aranges  0x0000000000000000     0x1850
 .debug_aranges
                0x0000000000000000       0x20 Core/Src/blink_leds.o
 .debug_aranges
                0x0000000000000020       0x20 Core/Src/freertos.o
 .debug_aranges
                0x0000000000000040       0x88 Core/Src/main.o
 .debug_aranges
                0x00000000000000c8       0x60 Core/Src/stm32f4xx_hal_msp.o
 .debug_aranges
                0x0000000000000128       0x30 Core/Src/stm32f4xx_hal_timebase_tim.o
 .debug_aranges
                0x0000000000000158       0x58 Core/Src/stm32f4xx_it.o
 .debug_aranges
                0x00000000000001b0       0x28 Core/Src/system_stm32f4xx.o
 .debug_aranges
                0x00000000000001d8       0x28 Core/Startup/startup_stm32f411vetx.o
 .debug_aranges
                0x0000000000000200       0xf0 Drivers/STM32F4xx_HAL_Driver/Src/stm32f4xx_hal.o
 .debug_aranges
                0x00000000000002f0      0x118 Drivers/STM32F4xx_HAL_Driver/Src/stm32f4xx_hal_cortex.o
 .debug_aranges
                0x0000000000000408       0x58 Drivers/STM32F4xx_HAL_Driver/Src/stm32f4xx_hal_gpio.o
 .debug_aranges
                0x0000000000000460       0xf0 Drivers/STM32F4xx_HAL_Driver/Src/stm32f4xx_hal_hcd.o
 .debug_aranges
                0x0000000000000550      0x298 Drivers/STM32F4xx_HAL_Driver/Src/stm32f4xx_hal_i2c.o
 .debug_aranges
                0x00000000000007e8      0x108 Drivers/STM32F4xx_HAL_Driver/Src/stm32f4xx_hal_i2s.o
 .debug_aranges
                0x00000000000008f0       0x88 Drivers/STM32F4xx_HAL_Driver/Src/stm32f4xx_hal_i2s_ex.o
 .debug_aranges
                0x0000000000000978       0x88 Drivers/STM32F4xx_HAL_Driver/Src/stm32f4xx_hal_rcc.o
 .debug_aranges
                0x0000000000000a00       0x50 Drivers/STM32F4xx_HAL_Driver/Src/stm32f4xx_hal_rcc_ex.o
 .debug_aranges
                0x0000000000000a50      0x1d0 Drivers/STM32F4xx_HAL_Driver/Src/stm32f4xx_hal_spi.o
 .debug_aranges
                0x0000000000000c20      0x3a8 Drivers/STM32F4xx_HAL_Driver/Src/stm32f4xx_hal_tim.o
 .debug_aranges
                0x0000000000000fc8      0x150 Drivers/STM32F4xx_HAL_Driver/Src/stm32f4xx_hal_tim_ex.o
 .debug_aranges
                0x0000000000001118      0x198 Drivers/STM32F4xx_HAL_Driver/Src/stm32f4xx_ll_usb.o
 .debug_aranges
                0x00000000000012b0      0x1d8 Middlewares/Third_Party/FreeRTOS/Source/CMSIS_RTOS/cmsis_os.o
 .debug_aranges
                0x0000000000001488       0x40 Middlewares/Third_Party/FreeRTOS/Source/list.o
 .debug_aranges
                0x00000000000014c8      0x108 Middlewares/Third_Party/FreeRTOS/Source/queue.o
 .debug_aranges
                0x00000000000015d0      0x1b0 Middlewares/Third_Party/FreeRTOS/Source/tasks.o
 .debug_aranges
                0x0000000000001780       0x80 Middlewares/Third_Party/FreeRTOS/Source/portable/GCC/ARM_CM4F/port.o
 .debug_aranges
                0x0000000000001800       0x50 Middlewares/Third_Party/FreeRTOS/Source/portable/MemMang/heap_4.o

.debug_ranges   0x0000000000000000     0x16c8
 .debug_ranges  0x0000000000000000       0x10 Core/Src/blink_leds.o
 .debug_ranges  0x0000000000000010       0x10 Core/Src/freertos.o
 .debug_ranges  0x0000000000000020       0x78 Core/Src/main.o
 .debug_ranges  0x0000000000000098       0x50 Core/Src/stm32f4xx_hal_msp.o
 .debug_ranges  0x00000000000000e8       0x20 Core/Src/stm32f4xx_hal_timebase_tim.o
 .debug_ranges  0x0000000000000108       0x48 Core/Src/stm32f4xx_it.o
 .debug_ranges  0x0000000000000150       0x18 Core/Src/system_stm32f4xx.o
 .debug_ranges  0x0000000000000168       0x20 Core/Startup/startup_stm32f411vetx.o
 .debug_ranges  0x0000000000000188       0xe0 Drivers/STM32F4xx_HAL_Driver/Src/stm32f4xx_hal.o
 .debug_ranges  0x0000000000000268      0x108 Drivers/STM32F4xx_HAL_Driver/Src/stm32f4xx_hal_cortex.o
 .debug_ranges  0x0000000000000370       0x48 Drivers/STM32F4xx_HAL_Driver/Src/stm32f4xx_hal_gpio.o
 .debug_ranges  0x00000000000003b8       0xe0 Drivers/STM32F4xx_HAL_Driver/Src/stm32f4xx_hal_hcd.o
 .debug_ranges  0x0000000000000498      0x2a8 Drivers/STM32F4xx_HAL_Driver/Src/stm32f4xx_hal_i2c.o
 .debug_ranges  0x0000000000000740       0xf8 Drivers/STM32F4xx_HAL_Driver/Src/stm32f4xx_hal_i2s.o
 .debug_ranges  0x0000000000000838       0x78 Drivers/STM32F4xx_HAL_Driver/Src/stm32f4xx_hal_i2s_ex.o
 .debug_ranges  0x00000000000008b0       0x78 Drivers/STM32F4xx_HAL_Driver/Src/stm32f4xx_hal_rcc.o
 .debug_ranges  0x0000000000000928       0x40 Drivers/STM32F4xx_HAL_Driver/Src/stm32f4xx_hal_rcc_ex.o
 .debug_ranges  0x0000000000000968      0x1c0 Drivers/STM32F4xx_HAL_Driver/Src/stm32f4xx_hal_spi.o
 .debug_ranges  0x0000000000000b28      0x398 Drivers/STM32F4xx_HAL_Driver/Src/stm32f4xx_hal_tim.o
 .debug_ranges  0x0000000000000ec0      0x140 Drivers/STM32F4xx_HAL_Driver/Src/stm32f4xx_hal_tim_ex.o
 .debug_ranges  0x0000000000001000      0x188 Drivers/STM32F4xx_HAL_Driver/Src/stm32f4xx_ll_usb.o
 .debug_ranges  0x0000000000001188      0x1c8 Middlewares/Third_Party/FreeRTOS/Source/CMSIS_RTOS/cmsis_os.o
 .debug_ranges  0x0000000000001350       0x30 Middlewares/Third_Party/FreeRTOS/Source/list.o
 .debug_ranges  0x0000000000001380       0xf8 Middlewares/Third_Party/FreeRTOS/Source/queue.o
 .debug_ranges  0x0000000000001478      0x1a0 Middlewares/Third_Party/FreeRTOS/Source/tasks.o
 .debug_ranges  0x0000000000001618       0x70 Middlewares/Third_Party/FreeRTOS/Source/portable/GCC/ARM_CM4F/port.o
 .debug_ranges  0x0000000000001688       0x40 Middlewares/Third_Party/FreeRTOS/Source/portable/MemMang/heap_4.o

.debug_macro    0x0000000000000000    0x18d55
 .debug_macro   0x0000000000000000      0x2e9 Core/Src/blink_leds.o
 .debug_macro   0x00000000000002e9      0xa5a Core/Src/blink_leds.o
 .debug_macro   0x0000000000000d43      0x174 Core/Src/blink_leds.o
 .debug_macro   0x0000000000000eb7       0x22 Core/Src/blink_leds.o
 .debug_macro   0x0000000000000ed9       0x8e Core/Src/blink_leds.o
 .debug_macro   0x0000000000000f67       0x51 Core/Src/blink_leds.o
 .debug_macro   0x0000000000000fb8       0xef Core/Src/blink_leds.o
 .debug_macro   0x00000000000010a7       0x6a Core/Src/blink_leds.o
 .debug_macro   0x0000000000001111      0x1df Core/Src/blink_leds.o
 .debug_macro   0x00000000000012f0       0xd6 Core/Src/blink_leds.o
 .debug_macro   0x00000000000013c6      0x15a Core/Src/blink_leds.o
 .debug_macro   0x0000000000001520       0xd7 Core/Src/blink_leds.o
 .debug_macro   0x00000000000015f7       0x10 Core/Src/blink_leds.o
 .debug_macro   0x0000000000001607       0x1f Core/Src/blink_leds.o
 .debug_macro   0x0000000000001626      0x4b7 Core/Src/blink_leds.o
 .debug_macro   0x0000000000001add       0xb5 Core/Src/blink_leds.o
 .debug_macro   0x0000000000001b92       0x8c Core/Src/blink_leds.o
 .debug_macro   0x0000000000001c1e       0x91 Core/Src/blink_leds.o
 .debug_macro   0x0000000000001caf       0x8d Core/Src/blink_leds.o
 .debug_macro   0x0000000000001d3c       0x7e Core/Src/blink_leds.o
 .debug_macro   0x0000000000001dba       0x19 Core/Src/blink_leds.o
 .debug_macro   0x0000000000001dd3       0xf2 Core/Src/blink_leds.o
 .debug_macro   0x0000000000001ec5      0x19c Core/Src/blink_leds.o
 .debug_macro   0x0000000000002061       0x32 Core/Src/blink_leds.o
 .debug_macro   0x0000000000002093       0x28 Core/Src/blink_leds.o
 .debug_macro   0x00000000000020bb       0x1c Core/Src/blink_leds.o
 .debug_macro   0x00000000000020d7       0x22 Core/Src/blink_leds.o
 .debug_macro   0x00000000000020f9       0xdf Core/Src/blink_leds.o
 .debug_macro   0x00000000000021d8     0x102d Core/Src/blink_leds.o
 .debug_macro   0x0000000000003205      0x11f Core/Src/blink_leds.o
 .debug_macro   0x0000000000003324     0xb937 Core/Src/blink_leds.o
 .debug_macro   0x000000000000ec5b       0x43 Core/Src/blink_leds.o
 .debug_macro   0x000000000000ec9e     0x3652 Core/Src/blink_leds.o
 .debug_macro   0x00000000000122f0       0x5a Core/Src/blink_leds.o
 .debug_macro   0x000000000001234a      0x447 Core/Src/blink_leds.o
 .debug_macro   0x0000000000012791      0x9fe Core/Src/blink_leds.o
 .debug_macro   0x000000000001318f      0x15f Core/Src/blink_leds.o
 .debug_macro   0x00000000000132ee      0x117 Core/Src/blink_leds.o
 .debug_macro   0x0000000000013405      0x11b Core/Src/blink_leds.o
 .debug_macro   0x0000000000013520       0x27 Core/Src/blink_leds.o
 .debug_macro   0x0000000000013547      0x287 Core/Src/blink_leds.o
 .debug_macro   0x00000000000137ce       0x5f Core/Src/blink_leds.o
 .debug_macro   0x000000000001382d      0x236 Core/Src/blink_leds.o
 .debug_macro   0x0000000000013a63      0x132 Core/Src/blink_leds.o
 .debug_macro   0x0000000000013b95      0x264 Core/Src/blink_leds.o
 .debug_macro   0x0000000000013df9       0x2e Core/Src/blink_leds.o
 .debug_macro   0x0000000000013e27      0x1b5 Core/Src/blink_leds.o
 .debug_macro   0x0000000000013fdc       0x22 Core/Src/blink_leds.o
 .debug_macro   0x0000000000013ffe       0xd6 Core/Src/blink_leds.o
 .debug_macro   0x00000000000140d4      0x199 Core/Src/blink_leds.o
 .debug_macro   0x000000000001426d       0x40 Core/Src/blink_leds.o
 .debug_macro   0x00000000000142ad       0x4a Core/Src/blink_leds.o
 .debug_macro   0x00000000000142f7      0x11a Core/Src/blink_leds.o
 .debug_macro   0x0000000000014411       0x85 Core/Src/blink_leds.o
 .debug_macro   0x0000000000014496       0x89 Core/Src/blink_leds.o
 .debug_macro   0x000000000001451f      0x225 Core/Src/blink_leds.o
 .debug_macro   0x0000000000014744      0x8a0 Core/Src/blink_leds.o
 .debug_macro   0x0000000000014fe4       0x47 Core/Src/blink_leds.o
 .debug_macro   0x000000000001502b      0x225 Core/Src/blink_leds.o
 .debug_macro   0x0000000000015250       0x68 Core/Src/blink_leds.o
 .debug_macro   0x00000000000152b8      0x126 Core/Src/blink_leds.o
 .debug_macro   0x00000000000153de      0x19d Core/Src/blink_leds.o
 .debug_macro   0x000000000001557b      0x290 Core/Src/freertos.o
 .debug_macro   0x000000000001580b      0x2f3 Core/Src/main.o
 .debug_macro   0x0000000000015afe       0xd6 Core/Src/main.o
 .debug_macro   0x0000000000015bd4      0x228 Core/Src/stm32f4xx_hal_msp.o
 .debug_macro   0x0000000000015dfc      0x219 Core/Src/stm32f4xx_hal_timebase_tim.o
 .debug_macro   0x0000000000016015      0x29a Core/Src/stm32f4xx_it.o
 .debug_macro   0x00000000000162af      0x21f Core/Src/system_stm32f4xx.o
 .debug_macro   0x00000000000164ce      0x279 Drivers/STM32F4xx_HAL_Driver/Src/stm32f4xx_hal.o
 .debug_macro   0x0000000000016747      0x219 Drivers/STM32F4xx_HAL_Driver/Src/stm32f4xx_hal_cortex.o
 .debug_macro   0x0000000000016960      0x24f Drivers/STM32F4xx_HAL_Driver/Src/stm32f4xx_hal_gpio.o
 .debug_macro   0x0000000000016baf      0x219 Drivers/STM32F4xx_HAL_Driver/Src/stm32f4xx_hal_hcd.o
 .debug_macro   0x0000000000016dc8      0x259 Drivers/STM32F4xx_HAL_Driver/Src/stm32f4xx_hal_i2c.o
 .debug_macro   0x0000000000017021      0x21a Drivers/STM32F4xx_HAL_Driver/Src/stm32f4xx_hal_i2s.o
 .debug_macro   0x000000000001723b      0x219 Drivers/STM32F4xx_HAL_Driver/Src/stm32f4xx_hal_i2s_ex.o
 .debug_macro   0x0000000000017454      0x23d Drivers/STM32F4xx_HAL_Driver/Src/stm32f4xx_hal_rcc.o
 .debug_macro   0x0000000000017691      0x219 Drivers/STM32F4xx_HAL_Driver/Src/stm32f4xx_hal_rcc_ex.o
 .debug_macro   0x00000000000178aa      0x228 Drivers/STM32F4xx_HAL_Driver/Src/stm32f4xx_hal_spi.o
 .debug_macro   0x0000000000017ad2      0x21a Drivers/STM32F4xx_HAL_Driver/Src/stm32f4xx_hal_tim.o
 .debug_macro   0x0000000000017cec      0x219 Drivers/STM32F4xx_HAL_Driver/Src/stm32f4xx_hal_tim_ex.o
 .debug_macro   0x0000000000017f05      0x219 Drivers/STM32F4xx_HAL_Driver/Src/stm32f4xx_ll_usb.o
 .debug_macro   0x000000000001811e      0x1f1 Middlewares/Third_Party/FreeRTOS/Source/CMSIS_RTOS/cmsis_os.o
 .debug_macro   0x000000000001830f       0x10 Middlewares/Third_Party/FreeRTOS/Source/CMSIS_RTOS/cmsis_os.o
 .debug_macro   0x000000000001831f       0x20 Middlewares/Third_Party/FreeRTOS/Source/CMSIS_RTOS/cmsis_os.o
 .debug_macro   0x000000000001833f       0xc7 Middlewares/Third_Party/FreeRTOS/Source/CMSIS_RTOS/cmsis_os.o
 .debug_macro   0x0000000000018406      0x17a Middlewares/Third_Party/FreeRTOS/Source/list.o
 .debug_macro   0x0000000000018580      0x205 Middlewares/Third_Party/FreeRTOS/Source/queue.o
 .debug_macro   0x0000000000018785       0x16 Middlewares/Third_Party/FreeRTOS/Source/queue.o
 .debug_macro   0x000000000001879b      0x273 Middlewares/Third_Party/FreeRTOS/Source/tasks.o
 .debug_macro   0x0000000000018a0e       0x10 Middlewares/Third_Party/FreeRTOS/Source/tasks.o
 .debug_macro   0x0000000000018a1e      0x196 Middlewares/Third_Party/FreeRTOS/Source/portable/GCC/ARM_CM4F/port.o
 .debug_macro   0x0000000000018bb4      0x1a1 Middlewares/Third_Party/FreeRTOS/Source/portable/MemMang/heap_4.o

.debug_line     0x0000000000000000    0x131bf
 .debug_line    0x0000000000000000      0x8c6 Core/Src/blink_leds.o
 .debug_line    0x00000000000008c6      0x81d Core/Src/freertos.o
 .debug_line    0x00000000000010e3      0xa6e Core/Src/main.o
 .debug_line    0x0000000000001b51      0x812 Core/Src/stm32f4xx_hal_msp.o
 .debug_line    0x0000000000002363      0x757 Core/Src/stm32f4xx_hal_timebase_tim.o
 .debug_line    0x0000000000002aba      0x8ba Core/Src/stm32f4xx_it.o
 .debug_line    0x0000000000003374      0x73e Core/Src/system_stm32f4xx.o
 .debug_line    0x0000000000003ab2       0x86 Core/Startup/startup_stm32f411vetx.o
 .debug_line    0x0000000000003b38      0x928 Drivers/STM32F4xx_HAL_Driver/Src/stm32f4xx_hal.o
 .debug_line    0x0000000000004460      0xa4c Drivers/STM32F4xx_HAL_Driver/Src/stm32f4xx_hal_cortex.o
 .debug_line    0x0000000000004eac      0x8cb Drivers/STM32F4xx_HAL_Driver/Src/stm32f4xx_hal_gpio.o
 .debug_line    0x0000000000005777      0xba6 Drivers/STM32F4xx_HAL_Driver/Src/stm32f4xx_hal_hcd.o
 .debug_line    0x000000000000631d     0x1b62 Drivers/STM32F4xx_HAL_Driver/Src/stm32f4xx_hal_i2c.o
 .debug_line    0x0000000000007e7f      0xce0 Drivers/STM32F4xx_HAL_Driver/Src/stm32f4xx_hal_i2s.o
 .debug_line    0x0000000000008b5f      0xef2 Drivers/STM32F4xx_HAL_Driver/Src/stm32f4xx_hal_i2s_ex.o
 .debug_line    0x0000000000009a51      0x980 Drivers/STM32F4xx_HAL_Driver/Src/stm32f4xx_hal_rcc.o
 .debug_line    0x000000000000a3d1      0x865 Drivers/STM32F4xx_HAL_Driver/Src/stm32f4xx_hal_rcc_ex.o
 .debug_line    0x000000000000ac36     0x10db Drivers/STM32F4xx_HAL_Driver/Src/stm32f4xx_hal_spi.o
 .debug_line    0x000000000000bd11     0x17e5 Drivers/STM32F4xx_HAL_Driver/Src/stm32f4xx_hal_tim.o
 .debug_line    0x000000000000d4f6      0xd33 Drivers/STM32F4xx_HAL_Driver/Src/stm32f4xx_hal_tim_ex.o
 .debug_line    0x000000000000e229      0xe4a Drivers/STM32F4xx_HAL_Driver/Src/stm32f4xx_ll_usb.o
 .debug_line    0x000000000000f073      0xca2 Middlewares/Third_Party/FreeRTOS/Source/CMSIS_RTOS/cmsis_os.o
 .debug_line    0x000000000000fd15      0x635 Middlewares/Third_Party/FreeRTOS/Source/list.o
 .debug_line    0x000000000001034a      0xf36 Middlewares/Third_Party/FreeRTOS/Source/queue.o
 .debug_line    0x0000000000011280     0x11ad Middlewares/Third_Party/FreeRTOS/Source/tasks.o
 .debug_line    0x000000000001242d      0x677 Middlewares/Third_Party/FreeRTOS/Source/portable/GCC/ARM_CM4F/port.o
 .debug_line    0x0000000000012aa4      0x71b Middlewares/Third_Party/FreeRTOS/Source/portable/MemMang/heap_4.o

.debug_str      0x0000000000000000    0x99ca9
 .debug_str     0x0000000000000000    0x8e5f1 Core/Src/blink_leds.o
                                      0x8e896 (size before relaxing)
 .debug_str     0x000000000008e5f1      0x132 Core/Src/freertos.o
                                      0x8c7af (size before relaxing)
 .debug_str     0x000000000008e723     0x13af Core/Src/main.o
                                      0x8fe2a (size before relaxing)
 .debug_str     0x000000000008fad2      0x454 Core/Src/stm32f4xx_hal_msp.o
                                      0x89df6 (size before relaxing)
 .debug_str     0x000000000008ff26       0xaa Core/Src/stm32f4xx_hal_timebase_tim.o
                                      0x88fac (size before relaxing)
 .debug_str     0x000000000008ffd0       0xbd Core/Src/stm32f4xx_it.o
                                      0x8ceff (size before relaxing)
 .debug_str     0x000000000009008d       0xc4 Core/Src/system_stm32f4xx.o
                                      0x8878e (size before relaxing)
 .debug_str     0x0000000000090151       0x36 Core/Startup/startup_stm32f411vetx.o
                                         0x52 (size before relaxing)
 .debug_str     0x0000000000090187      0x542 Drivers/STM32F4xx_HAL_Driver/Src/stm32f4xx_hal.o
                                      0x89103 (size before relaxing)
 .debug_str     0x00000000000906c9      0x389 Drivers/STM32F4xx_HAL_Driver/Src/stm32f4xx_hal_cortex.o
                                      0x88ee0 (size before relaxing)
 .debug_str     0x0000000000090a52      0x203 Drivers/STM32F4xx_HAL_Driver/Src/stm32f4xx_hal_gpio.o
                                      0x889cd (size before relaxing)
 .debug_str     0x0000000000090c55      0x39b Drivers/STM32F4xx_HAL_Driver/Src/stm32f4xx_hal_hcd.o
                                      0x88dd6 (size before relaxing)
 .debug_str     0x0000000000090ff0      0xa69 Drivers/STM32F4xx_HAL_Driver/Src/stm32f4xx_hal_i2c.o
                                      0x896ca (size before relaxing)
 .debug_str     0x0000000000091a59      0x266 Drivers/STM32F4xx_HAL_Driver/Src/stm32f4xx_hal_i2s.o
                                      0x88d1a (size before relaxing)
 .debug_str     0x0000000000091cbf      0x1f1 Drivers/STM32F4xx_HAL_Driver/Src/stm32f4xx_hal_i2s_ex.o
                                      0x88c6e (size before relaxing)
 .debug_str     0x0000000000091eb0      0x244 Drivers/STM32F4xx_HAL_Driver/Src/stm32f4xx_hal_rcc.o
                                      0x88b7b (size before relaxing)
 .debug_str     0x00000000000920f4      0x12b Drivers/STM32F4xx_HAL_Driver/Src/stm32f4xx_hal_rcc_ex.o
                                      0x888f9 (size before relaxing)
 .debug_str     0x000000000009221f      0x520 Drivers/STM32F4xx_HAL_Driver/Src/stm32f4xx_hal_spi.o
                                      0x88fea (size before relaxing)
 .debug_str     0x000000000009273f      0xd69 Drivers/STM32F4xx_HAL_Driver/Src/stm32f4xx_hal_tim.o
                                      0x89888 (size before relaxing)
 .debug_str     0x00000000000934a8      0x4ec Drivers/STM32F4xx_HAL_Driver/Src/stm32f4xx_hal_tim_ex.o
                                      0x89088 (size before relaxing)
 .debug_str     0x0000000000093994      0x62b Drivers/STM32F4xx_HAL_Driver/Src/stm32f4xx_ll_usb.o
                                      0x89050 (size before relaxing)
 .debug_str     0x0000000000093fbf     0x368c Middlewares/Third_Party/FreeRTOS/Source/CMSIS_RTOS/cmsis_os.o
                                       0xdd80 (size before relaxing)
 .debug_str     0x000000000009764b      0x225 Middlewares/Third_Party/FreeRTOS/Source/list.o
                                       0xa4c8 (size before relaxing)
 .debug_str     0x0000000000097870      0x7d3 Middlewares/Third_Party/FreeRTOS/Source/queue.o
                                       0xbb7c (size before relaxing)
 .debug_str     0x0000000000098043     0x1209 Middlewares/Third_Party/FreeRTOS/Source/tasks.o
                                       0xc6f4 (size before relaxing)
 .debug_str     0x000000000009924c      0x803 Middlewares/Third_Party/FreeRTOS/Source/portable/GCC/ARM_CM4F/port.o
                                       0x81c1 (size before relaxing)
 .debug_str     0x0000000000099a4f      0x25a Middlewares/Third_Party/FreeRTOS/Source/portable/MemMang/heap_4.o
                                       0xabeb (size before relaxing)

.comment        0x0000000000000000       0x7b
 .comment       0x0000000000000000       0x7b Core/Src/blink_leds.o
                                         0x7c (size before relaxing)
 .comment       0x000000000000007b       0x7c Core/Src/freertos.o
 .comment       0x000000000000007b       0x7c Core/Src/main.o
 .comment       0x000000000000007b       0x7c Core/Src/stm32f4xx_hal_msp.o
 .comment       0x000000000000007b       0x7c Core/Src/stm32f4xx_hal_timebase_tim.o
 .comment       0x000000000000007b       0x7c Core/Src/stm32f4xx_it.o
 .comment       0x000000000000007b       0x7c Core/Src/system_stm32f4xx.o
 .comment       0x000000000000007b       0x7c Drivers/STM32F4xx_HAL_Driver/Src/stm32f4xx_hal.o
 .comment       0x000000000000007b       0x7c Drivers/STM32F4xx_HAL_Driver/Src/stm32f4xx_hal_cortex.o
 .comment       0x000000000000007b       0x7c Drivers/STM32F4xx_HAL_Driver/Src/stm32f4xx_hal_gpio.o
 .comment       0x000000000000007b       0x7c Drivers/STM32F4xx_HAL_Driver/Src/stm32f4xx_hal_hcd.o
 .comment       0x000000000000007b       0x7c Drivers/STM32F4xx_HAL_Driver/Src/stm32f4xx_hal_i2c.o
 .comment       0x000000000000007b       0x7c Drivers/STM32F4xx_HAL_Driver/Src/stm32f4xx_hal_i2s.o
 .comment       0x000000000000007b       0x7c Drivers/STM32F4xx_HAL_Driver/Src/stm32f4xx_hal_i2s_ex.o
 .comment       0x000000000000007b       0x7c Drivers/STM32F4xx_HAL_Driver/Src/stm32f4xx_hal_rcc.o
 .comment       0x000000000000007b       0x7c Drivers/STM32F4xx_HAL_Driver/Src/stm32f4xx_hal_rcc_ex.o
 .comment       0x000000000000007b       0x7c Drivers/STM32F4xx_HAL_Driver/Src/stm32f4xx_hal_spi.o
 .comment       0x000000000000007b       0x7c Drivers/STM32F4xx_HAL_Driver/Src/stm32f4xx_hal_tim.o
 .comment       0x000000000000007b       0x7c Drivers/STM32F4xx_HAL_Driver/Src/stm32f4xx_hal_tim_ex.o
 .comment       0x000000000000007b       0x7c Drivers/STM32F4xx_HAL_Driver/Src/stm32f4xx_ll_usb.o
 .comment       0x000000000000007b       0x7c Middlewares/Third_Party/FreeRTOS/Source/CMSIS_RTOS/cmsis_os.o
 .comment       0x000000000000007b       0x7c Middlewares/Third_Party/FreeRTOS/Source/list.o
 .comment       0x000000000000007b       0x7c Middlewares/Third_Party/FreeRTOS/Source/queue.o
 .comment       0x000000000000007b       0x7c Middlewares/Third_Party/FreeRTOS/Source/tasks.o
 .comment       0x000000000000007b       0x7c Middlewares/Third_Party/FreeRTOS/Source/portable/GCC/ARM_CM4F/port.o
 .comment       0x000000000000007b       0x7c Middlewares/Third_Party/FreeRTOS/Source/portable/MemMang/heap_4.o

.debug_frame    0x0000000000000000     0x6724
 .debug_frame   0x0000000000000000       0x34 Core/Src/blink_leds.o
 .debug_frame   0x0000000000000034       0x38 Core/Src/freertos.o
 .debug_frame   0x000000000000006c      0x1cc Core/Src/main.o
 .debug_frame   0x0000000000000238      0x154 Core/Src/stm32f4xx_hal_msp.o
 .debug_frame   0x000000000000038c       0x74 Core/Src/stm32f4xx_hal_timebase_tim.o
 .debug_frame   0x0000000000000400       0xe8 Core/Src/stm32f4xx_it.o
 .debug_frame   0x00000000000004e8       0x58 Core/Src/system_stm32f4xx.o
 .debug_frame   0x0000000000000540      0x374 Drivers/STM32F4xx_HAL_Driver/Src/stm32f4xx_hal.o
 .debug_frame   0x00000000000008b4      0x498 Drivers/STM32F4xx_HAL_Driver/Src/stm32f4xx_hal_cortex.o
 .debug_frame   0x0000000000000d4c      0x14c Drivers/STM32F4xx_HAL_Driver/Src/stm32f4xx_hal_gpio.o
 .debug_frame   0x0000000000000e98      0x428 Drivers/STM32F4xx_HAL_Driver/Src/stm32f4xx_hal_hcd.o
 .debug_frame   0x00000000000012c0      0xc38 Drivers/STM32F4xx_HAL_Driver/Src/stm32f4xx_hal_i2c.o
 .debug_frame   0x0000000000001ef8      0x480 Drivers/STM32F4xx_HAL_Driver/Src/stm32f4xx_hal_i2s.o
 .debug_frame   0x0000000000002378      0x220 Drivers/STM32F4xx_HAL_Driver/Src/stm32f4xx_hal_i2s_ex.o
 .debug_frame   0x0000000000002598      0x1f0 Drivers/STM32F4xx_HAL_Driver/Src/stm32f4xx_hal_rcc.o
 .debug_frame   0x0000000000002788      0x118 Drivers/STM32F4xx_HAL_Driver/Src/stm32f4xx_hal_rcc_ex.o
 .debug_frame   0x00000000000028a0      0x824 Drivers/STM32F4xx_HAL_Driver/Src/stm32f4xx_hal_spi.o
 .debug_frame   0x00000000000030c4     0x10e8 Drivers/STM32F4xx_HAL_Driver/Src/stm32f4xx_hal_tim.o
 .debug_frame   0x00000000000041ac      0x5c0 Drivers/STM32F4xx_HAL_Driver/Src/stm32f4xx_hal_tim_ex.o
 .debug_frame   0x000000000000476c      0x790 Drivers/STM32F4xx_HAL_Driver/Src/stm32f4xx_ll_usb.o
 .debug_frame   0x0000000000004efc      0x808 Middlewares/Third_Party/FreeRTOS/Source/CMSIS_RTOS/cmsis_os.o
 .debug_frame   0x0000000000005704       0xd8 Middlewares/Third_Party/FreeRTOS/Source/list.o
 .debug_frame   0x00000000000057dc      0x46c Middlewares/Third_Party/FreeRTOS/Source/queue.o
 .debug_frame   0x0000000000005c48      0x758 Middlewares/Third_Party/FreeRTOS/Source/tasks.o
 .debug_frame   0x00000000000063a0      0x1a8 Middlewares/Third_Party/FreeRTOS/Source/portable/GCC/ARM_CM4F/port.o
 .debug_frame   0x0000000000006548      0x108 Middlewares/Third_Party/FreeRTOS/Source/portable/MemMang/heap_4.o
 .debug_frame   0x0000000000006650       0x2c c:/rtos/stm32cubeide_1.1.0/plugins/com.st.stm32cube.ide.mcu.externaltools.gnu-tools-for-stm32.7-2018-q2-update.win32_1.0.0.201904181610/tools/bin/../lib/gcc/arm-none-eabi/7.3.1/../../../../arm-none-eabi/lib/thumb/v7e-m/fpv4-sp/hard\libc_nano.a(lib_a-init.o)
 .debug_frame   0x000000000000667c       0x28 c:/rtos/stm32cubeide_1.1.0/plugins/com.st.stm32cube.ide.mcu.externaltools.gnu-tools-for-stm32.7-2018-q2-update.win32_1.0.0.201904181610/tools/bin/../lib/gcc/arm-none-eabi/7.3.1/../../../../arm-none-eabi/lib/thumb/v7e-m/fpv4-sp/hard\libc_nano.a(lib_a-memcpy-stub.o)
 .debug_frame   0x00000000000066a4       0x20 c:/rtos/stm32cubeide_1.1.0/plugins/com.st.stm32cube.ide.mcu.externaltools.gnu-tools-for-stm32.7-2018-q2-update.win32_1.0.0.201904181610/tools/bin/../lib/gcc/arm-none-eabi/7.3.1/../../../../arm-none-eabi/lib/thumb/v7e-m/fpv4-sp/hard\libc_nano.a(lib_a-memset.o)
 .debug_frame   0x00000000000066c4       0x2c c:/rtos/stm32cubeide_1.1.0/plugins/com.st.stm32cube.ide.mcu.externaltools.gnu-tools-for-stm32.7-2018-q2-update.win32_1.0.0.201904181610/tools/bin/../lib/gcc/arm-none-eabi/7.3.1/thumb/v7e-m/fpv4-sp/hard\libgcc.a(_aeabi_uldivmod.o)