main.c:89:5:main	120	static
main.c:187:6:SystemClock_Config	112	static
main.c:239:13:MX_I2C1_Init	8	static
main.c:273:13:MX_I2S2_Init	8	static
main.c:307:13:MX_I2S3_Init	8	static
main.c:341:13:MX_SPI1_Init	8	static
main.c:379:13:MX_USB_OTG_FS_HCD_Init	8	static
main.c:410:13:MX_GPIO_Init	56	static
main.c:492:6:StartDefaultTask	16	static
main.c:510:6:StartGreenTask	16	static
main.c:534:6:StartRedTask	16	static
main.c:559:6:HAL_TIM_PeriodElapsedCallback	16	static
main.c:576:6:Error_Handler	4	static
