main.c:91:5:main	144	static
main.c:196:6:SystemClock_Config	112	static
main.c:248:13:MX_I2C1_Init	8	static
main.c:282:13:MX_I2S2_Init	8	static
main.c:316:13:MX_I2S3_Init	8	static
main.c:350:13:MX_SPI1_Init	8	static
main.c:388:13:MX_USB_OTG_FS_HCD_Init	8	static
main.c:419:13:MX_GPIO_Init	56	static
main.c:501:6:StartDefaultTask	16	static
main.c:519:6:StartGreenTask	16	static
main.c:540:6:StartBlueTask	16	static
main.c:565:6:StartRedTask	16	static
main.c:587:6:HAL_TIM_PeriodElapsedCallback	16	static
main.c:604:6:Error_Handler	4	static
