Archive member included to satisfy reference by file (symbol)

c:/rtos/stm32cubeide_1.1.0/plugins/com.st.stm32cube.ide.mcu.externaltools.gnu-tools-for-stm32.7-2018-q2-update.win32_1.0.0.201904181610/tools/bin/../lib/gcc/arm-none-eabi/7.3.1/../../../../arm-none-eabi/lib/thumb/v7e-m/fpv4-sp/hard\libc_nano.a(lib_a-errno.o)
                              Core/Src/syscalls.o (__errno)
c:/rtos/stm32cubeide_1.1.0/plugins/com.st.stm32cube.ide.mcu.externaltools.gnu-tools-for-stm32.7-2018-q2-update.win32_1.0.0.201904181610/tools/bin/../lib/gcc/arm-none-eabi/7.3.1/../../../../arm-none-eabi/lib/thumb/v7e-m/fpv4-sp/hard\libc_nano.a(lib_a-exit.o)
                              c:/rtos/stm32cubeide_1.1.0/plugins/com.st.stm32cube.ide.mcu.externaltools.gnu-tools-for-stm32.7-2018-q2-update.win32_1.0.0.201904181610/tools/bin/../lib/gcc/arm-none-eabi/7.3.1/../../../../arm-none-eabi/lib/thumb/v7e-m/fpv4-sp/hard/crt0.o (exit)
c:/rtos/stm32cubeide_1.1.0/plugins/com.st.stm32cube.ide.mcu.externaltools.gnu-tools-for-stm32.7-2018-q2-update.win32_1.0.0.201904181610/tools/bin/../lib/gcc/arm-none-eabi/7.3.1/../../../../arm-none-eabi/lib/thumb/v7e-m/fpv4-sp/hard\libc_nano.a(lib_a-impure.o)
                              c:/rtos/stm32cubeide_1.1.0/plugins/com.st.stm32cube.ide.mcu.externaltools.gnu-tools-for-stm32.7-2018-q2-update.win32_1.0.0.201904181610/tools/bin/../lib/gcc/arm-none-eabi/7.3.1/../../../../arm-none-eabi/lib/thumb/v7e-m/fpv4-sp/hard\libc_nano.a(lib_a-exit.o) (_global_impure_ptr)
c:/rtos/stm32cubeide_1.1.0/plugins/com.st.stm32cube.ide.mcu.externaltools.gnu-tools-for-stm32.7-2018-q2-update.win32_1.0.0.201904181610/tools/bin/../lib/gcc/arm-none-eabi/7.3.1/../../../../arm-none-eabi/lib/thumb/v7e-m/fpv4-sp/hard\libc_nano.a(lib_a-init.o)
                              c:/rtos/stm32cubeide_1.1.0/plugins/com.st.stm32cube.ide.mcu.externaltools.gnu-tools-for-stm32.7-2018-q2-update.win32_1.0.0.201904181610/tools/bin/../lib/gcc/arm-none-eabi/7.3.1/../../../../arm-none-eabi/lib/thumb/v7e-m/fpv4-sp/hard/crt0.o (__libc_init_array)
c:/rtos/stm32cubeide_1.1.0/plugins/com.st.stm32cube.ide.mcu.externaltools.gnu-tools-for-stm32.7-2018-q2-update.win32_1.0.0.201904181610/tools/bin/../lib/gcc/arm-none-eabi/7.3.1/../../../../arm-none-eabi/lib/thumb/v7e-m/fpv4-sp/hard\libc_nano.a(lib_a-malloc.o)
                              Middlewares/ST/STM32_USB_Host_Library/Class/CDC/Src/usbh_cdc.o (malloc)
c:/rtos/stm32cubeide_1.1.0/plugins/com.st.stm32cube.ide.mcu.externaltools.gnu-tools-for-stm32.7-2018-q2-update.win32_1.0.0.201904181610/tools/bin/../lib/gcc/arm-none-eabi/7.3.1/../../../../arm-none-eabi/lib/thumb/v7e-m/fpv4-sp/hard\libc_nano.a(lib_a-memcpy-stub.o)
                              Middlewares/Third_Party/FreeRTOS/Source/queue.o (memcpy)
c:/rtos/stm32cubeide_1.1.0/plugins/com.st.stm32cube.ide.mcu.externaltools.gnu-tools-for-stm32.7-2018-q2-update.win32_1.0.0.201904181610/tools/bin/../lib/gcc/arm-none-eabi/7.3.1/../../../../arm-none-eabi/lib/thumb/v7e-m/fpv4-sp/hard\libc_nano.a(lib_a-memset.o)
                              c:/rtos/stm32cubeide_1.1.0/plugins/com.st.stm32cube.ide.mcu.externaltools.gnu-tools-for-stm32.7-2018-q2-update.win32_1.0.0.201904181610/tools/bin/../lib/gcc/arm-none-eabi/7.3.1/../../../../arm-none-eabi/lib/thumb/v7e-m/fpv4-sp/hard/crt0.o (memset)
c:/rtos/stm32cubeide_1.1.0/plugins/com.st.stm32cube.ide.mcu.externaltools.gnu-tools-for-stm32.7-2018-q2-update.win32_1.0.0.201904181610/tools/bin/../lib/gcc/arm-none-eabi/7.3.1/../../../../arm-none-eabi/lib/thumb/v7e-m/fpv4-sp/hard\libc_nano.a(lib_a-nano-freer.o)
                              c:/rtos/stm32cubeide_1.1.0/plugins/com.st.stm32cube.ide.mcu.externaltools.gnu-tools-for-stm32.7-2018-q2-update.win32_1.0.0.201904181610/tools/bin/../lib/gcc/arm-none-eabi/7.3.1/../../../../arm-none-eabi/lib/thumb/v7e-m/fpv4-sp/hard\libc_nano.a(lib_a-malloc.o) (_free_r)
c:/rtos/stm32cubeide_1.1.0/plugins/com.st.stm32cube.ide.mcu.externaltools.gnu-tools-for-stm32.7-2018-q2-update.win32_1.0.0.201904181610/tools/bin/../lib/gcc/arm-none-eabi/7.3.1/../../../../arm-none-eabi/lib/thumb/v7e-m/fpv4-sp/hard\libc_nano.a(lib_a-nano-mallocr.o)
                              c:/rtos/stm32cubeide_1.1.0/plugins/com.st.stm32cube.ide.mcu.externaltools.gnu-tools-for-stm32.7-2018-q2-update.win32_1.0.0.201904181610/tools/bin/../lib/gcc/arm-none-eabi/7.3.1/../../../../arm-none-eabi/lib/thumb/v7e-m/fpv4-sp/hard\libc_nano.a(lib_a-malloc.o) (_malloc_r)
c:/rtos/stm32cubeide_1.1.0/plugins/com.st.stm32cube.ide.mcu.externaltools.gnu-tools-for-stm32.7-2018-q2-update.win32_1.0.0.201904181610/tools/bin/../lib/gcc/arm-none-eabi/7.3.1/../../../../arm-none-eabi/lib/thumb/v7e-m/fpv4-sp/hard\libc_nano.a(lib_a-sbrkr.o)
                              c:/rtos/stm32cubeide_1.1.0/plugins/com.st.stm32cube.ide.mcu.externaltools.gnu-tools-for-stm32.7-2018-q2-update.win32_1.0.0.201904181610/tools/bin/../lib/gcc/arm-none-eabi/7.3.1/../../../../arm-none-eabi/lib/thumb/v7e-m/fpv4-sp/hard\libc_nano.a(lib_a-nano-mallocr.o) (_sbrk_r)
[...]
Memory Configuration

Name             Origin             Length             Attributes
RAM              0x0000000020000000 0x0000000000020000 xrw
FLASH            0x0000000008000000 0x0000000000080000 xr
*default*        0x0000000000000000 0xffffffffffffffff

Linker script and memory map

LOAD c:/rtos/stm32cubeide_1.1.0/plugins/com.st.stm32cube.ide.mcu.externaltools.gnu-tools-for-stm32.7-2018-q2-update.win32_1.0.0.201904181610/tools/bin/../lib/gcc/arm-none-eabi/7.3.1/thumb/v7e-m/fpv4-sp/hard/crti.o
LOAD c:/rtos/stm32cubeide_1.1.0/plugins/com.st.stm32cube.ide.mcu.externaltools.gnu-tools-for-stm32.7-2018-q2-update.win32_1.0.0.201904181610/tools/bin/../lib/gcc/arm-none-eabi/7.3.1/thumb/v7e-m/fpv4-sp/hard/crtbegin.o
LOAD c:/rtos/stm32cubeide_1.1.0/plugins/com.st.stm32cube.ide.mcu.externaltools.gnu-tools-for-stm32.7-2018-q2-update.win32_1.0.0.201904181610/tools/bin/../lib/gcc/arm-none-eabi/7.3.1/../../../../arm-none-eabi/lib/thumb/v7e-m/fpv4-sp/hard/crt0.o
LOAD Core/Src/freertos.o
LOAD Core/Src/main.o
LOAD Core/Src/stm32f4xx_hal_msp.o
LOAD Core/Src/stm32f4xx_hal_timebase_tim.o
LOAD Core/Src/stm32f4xx_it.o
LOAD Core/Src/syscalls.o
LOAD Core/Src/sysmem.o
LOAD Core/Src/system_stm32f4xx.o
LOAD Core/Startup/startup_stm32f411vetx.o
LOAD Drivers/STM32F4xx_HAL_Driver/Src/stm32f4xx_hal.o
LOAD Drivers/STM32F4xx_HAL_Driver/Src/stm32f4xx_hal_cortex.o
LOAD Drivers/STM32F4xx_HAL_Driver/Src/stm32f4xx_hal_dma.o
LOAD Drivers/STM32F4xx_HAL_Driver/Src/stm32f4xx_hal_dma_ex.o
LOAD Drivers/STM32F4xx_HAL_Driver/Src/stm32f4xx_hal_exti.o
LOAD Drivers/STM32F4xx_HAL_Driver/Src/stm32f4xx_hal_flash.o
LOAD Drivers/STM32F4xx_HAL_Driver/Src/stm32f4xx_hal_flash_ex.o
LOAD Drivers/STM32F4xx_HAL_Driver/Src/stm32f4xx_hal_flash_ramfunc.o
LOAD Drivers/STM32F4xx_HAL_Driver/Src/stm32f4xx_hal_gpio.o
LOAD Drivers/STM32F4xx_HAL_Driver/Src/stm32f4xx_hal_hcd.o
LOAD Drivers/STM32F4xx_HAL_Driver/Src/stm32f4xx_hal_i2c.o
LOAD Drivers/STM32F4xx_HAL_Driver/Src/stm32f4xx_hal_i2c_ex.o
LOAD Drivers/STM32F4xx_HAL_Driver/Src/stm32f4xx_hal_i2s.o
LOAD Drivers/STM32F4xx_HAL_Driver/Src/stm32f4xx_hal_i2s_ex.o
LOAD Drivers/STM32F4xx_HAL_Driver/Src/stm32f4xx_hal_pwr.o
LOAD Drivers/STM32F4xx_HAL_Driver/Src/stm32f4xx_hal_pwr_ex.o
LOAD Drivers/STM32F4xx_HAL_Driver/Src/stm32f4xx_hal_rcc.o
LOAD Drivers/STM32F4xx_HAL_Driver/Src/stm32f4xx_hal_rcc_ex.o
LOAD Drivers/STM32F4xx_HAL_Driver/Src/stm32f4xx_hal_spi.o
LOAD Drivers/STM32F4xx_HAL_Driver/Src/stm32f4xx_hal_tim.o
LOAD Drivers/STM32F4xx_HAL_Driver/Src/stm32f4xx_hal_tim_ex.o
LOAD Drivers/STM32F4xx_HAL_Driver/Src/stm32f4xx_ll_usb.o
LOAD Middlewares/ST/STM32_USB_Host_Library/Class/CDC/Src/usbh_cdc.o
LOAD Middlewares/ST/STM32_USB_Host_Library/Core/Src/usbh_core.o
LOAD Middlewares/ST/STM32_USB_Host_Library/Core/Src/usbh_ctlreq.o
LOAD Middlewares/ST/STM32_USB_Host_Library/Core/Src/usbh_ioreq.o
LOAD Middlewares/ST/STM32_USB_Host_Library/Core/Src/usbh_pipes.o
LOAD Middlewares/Third_Party/FreeRTOS/Source/CMSIS_RTOS/cmsis_os.o
LOAD Middlewares/Third_Party/FreeRTOS/Source/croutine.o
LOAD Middlewares/Third_Party/FreeRTOS/Source/event_groups.o
LOAD Middlewares/Third_Party/FreeRTOS/Source/list.o
LOAD Middlewares/Third_Party/FreeRTOS/Source/queue.o
LOAD Middlewares/Third_Party/FreeRTOS/Source/stream_buffer.o
LOAD Middlewares/Third_Party/FreeRTOS/Source/tasks.o
LOAD Middlewares/Third_Party/FreeRTOS/Source/timers.o
LOAD Middlewares/Third_Party/FreeRTOS/Source/portable/GCC/ARM_CM4F/port.o
LOAD Middlewares/Third_Party/FreeRTOS/Source/portable/MemMang/heap_4.o
LOAD USB_HOST/App/usb_host.o
LOAD USB_HOST/Target/usbh_conf.o
LOAD USB_HOST/Target/usbh_platform.o
START GROUP
LOAD c:/rtos/stm32cubeide_1.1.0/plugins/com.st.stm32cube.ide.mcu.externaltools.gnu-tools-for-stm32.7-2018-q2-update.win32_1.0.0.201904181610/tools/bin/../lib/gcc/arm-none-eabi/7.3.1/../../../../arm-none-eabi/lib/thumb/v7e-m/fpv4-sp/hard\libstdc++_nano.a
LOAD c:/rtos/stm32cubeide_1.1.0/plugins/com.st.stm32cube.ide.mcu.externaltools.gnu-tools-for-stm32.7-2018-q2-update.win32_1.0.0.201904181610/tools/bin/../lib/gcc/arm-none-eabi/7.3.1/../../../../arm-none-eabi/lib/thumb/v7e-m/fpv4-sp/hard\libsupc++_nano.a
END GROUP
LOAD c:/rtos/stm32cubeide_1.1.0/plugins/com.st.stm32cube.ide.mcu.externaltools.gnu-tools-for-stm32.7-2018-q2-update.win32_1.0.0.201904181610/tools/bin/../lib/gcc/arm-none-eabi/7.3.1/../../../../arm-none-eabi/lib/thumb/v7e-m/fpv4-sp/hard\libstdc++_nano.a
LOAD c:/rtos/stm32cubeide_1.1.0/plugins/com.st.stm32cube.ide.mcu.externaltools.gnu-tools-for-stm32.7-2018-q2-update.win32_1.0.0.201904181610/tools/bin/../lib/gcc/arm-none-eabi/7.3.1/../../../../arm-none-eabi/lib/thumb/v7e-m/fpv4-sp/hard\libm.a
LOAD c:/rtos/stm32cubeide_1.1.0/plugins/com.st.stm32cube.ide.mcu.externaltools.gnu-tools-for-stm32.7-2018-q2-update.win32_1.0.0.201904181610/tools/bin/../lib/gcc/arm-none-eabi/7.3.1/../../../../arm-none-eabi/lib/thumb/v7e-m/fpv4-sp/hard\libc_nano.a
START GROUP
LOAD c:/rtos/stm32cubeide_1.1.0/plugins/com.st.stm32cube.ide.mcu.externaltools.gnu-tools-for-stm32.7-2018-q2-update.win32_1.0.0.201904181610/tools/bin/../lib/gcc/arm-none-eabi/7.3.1/thumb/v7e-m/fpv4-sp/hard\libgcc.a
LOAD c:/rtos/stm32cubeide_1.1.0/plugins/com.st.stm32cube.ide.mcu.externaltools.gnu-tools-for-stm32.7-2018-q2-update.win32_1.0.0.201904181610/tools/bin/../lib/gcc/arm-none-eabi/7.3.1/../../../../arm-none-eabi/lib/thumb/v7e-m/fpv4-sp/hard\libc_nano.a
END GROUP
START GROUP
LOAD c:/rtos/stm32cubeide_1.1.0/plugins/com.st.stm32cube.ide.mcu.externaltools.gnu-tools-for-stm32.7-2018-q2-update.win32_1.0.0.201904181610/tools/bin/../lib/gcc/arm-none-eabi/7.3.1/thumb/v7e-m/fpv4-sp/hard\libgcc.a
LOAD c:/rtos/stm32cubeide_1.1.0/plugins/com.st.stm32cube.ide.mcu.externaltools.gnu-tools-for-stm32.7-2018-q2-update.win32_1.0.0.201904181610/tools/bin/../lib/gcc/arm-none-eabi/7.3.1/../../../../arm-none-eabi/lib/thumb/v7e-m/fpv4-sp/hard\libc_nano.a
LOAD c:/rtos/stm32cubeide_1.1.0/plugins/com.st.stm32cube.ide.mcu.externaltools.gnu-tools-for-stm32.7-2018-q2-update.win32_1.0.0.201904181610/tools/bin/../lib/gcc/arm-none-eabi/7.3.1/../../../../arm-none-eabi/lib/thumb/v7e-m/fpv4-sp/hard\libnosys.a
END GROUP
START GROUP
LOAD c:/rtos/stm32cubeide_1.1.0/plugins/com.st.stm32cube.ide.mcu.externaltools.gnu-tools-for-stm32.7-2018-q2-update.win32_1.0.0.201904181610/tools/bin/../lib/gcc/arm-none-eabi/7.3.1/thumb/v7e-m/fpv4-sp/hard\libgcc.a
LOAD c:/rtos/stm32cubeide_1.1.0/plugins/com.st.stm32cube.ide.mcu.externaltools.gnu-tools-for-stm32.7-2018-q2-update.win32_1.0.0.201904181610/tools/bin/../lib/gcc/arm-none-eabi/7.3.1/../../../../arm-none-eabi/lib/thumb/v7e-m/fpv4-sp/hard\libc_nano.a
LOAD c:/rtos/stm32cubeide_1.1.0/plugins/com.st.stm32cube.ide.mcu.externaltools.gnu-tools-for-stm32.7-2018-q2-update.win32_1.0.0.201904181610/tools/bin/../lib/gcc/arm-none-eabi/7.3.1/../../../../arm-none-eabi/lib/thumb/v7e-m/fpv4-sp/hard\libnosys.a
END GROUP
LOAD c:/rtos/stm32cubeide_1.1.0/plugins/com.st.stm32cube.ide.mcu.externaltools.gnu-tools-for-stm32.7-2018-q2-update.win32_1.0.0.201904181610/tools/bin/../lib/gcc/arm-none-eabi/7.3.1/thumb/v7e-m/fpv4-sp/hard/crtend.o
LOAD c:/rtos/stm32cubeide_1.1.0/plugins/com.st.stm32cube.ide.mcu.externaltools.gnu-tools-for-stm32.7-2018-q2-update.win32_1.0.0.201904181610/tools/bin/../lib/gcc/arm-none-eabi/7.3.1/thumb/v7e-m/fpv4-sp/hard/crtn.o
                0x0000000020020000                _estack = (ORIGIN (RAM) + LENGTH (RAM))
                0x0000000000000200                _Min_Heap_Size = 0x200
                0x0000000000000400                _Min_Stack_Size = 0x400

.isr_vector     0x0000000008000000      0x198
                0x0000000008000000                . = ALIGN (0x4)
 *(.isr_vector)
 .isr_vector    0x0000000008000000      0x198 Core/Startup/startup_stm32f411vetx.o
                0x0000000008000000                g_pfnVectors
                0x0000000008000198                . = ALIGN (0x4)

.text           0x00000000080001a0     0x7658
                0x00000000080001a0                . = ALIGN (0x4)
 *(.text)
 .text          0x00000000080001a0       0x40 c:/rtos/stm32cubeide_1.1.0/plugins/com.st.stm32cube.ide.mcu.externaltools.gnu-tools-for-stm32.7-2018-q2-update.win32_1.0.0.201904181610/tools/bin/../lib/gcc/arm-none-eabi/7.3.1/thumb/v7e-m/fpv4-sp/hard/crtbegin.o
 .text          0x00000000080001e0       0x30 c:/rtos/stm32cubeide_1.1.0/plugins/com.st.stm32cube.ide.mcu.externaltools.gnu-tools-for-stm32.7-2018-q2-update.win32_1.0.0.201904181610/tools/bin/../lib/gcc/arm-none-eabi/7.3.1/thumb/v7e-m/fpv4-sp/hard\libgcc.a(_aeabi_uldivmod.o)
                0x00000000080001e0                __aeabi_uldivmod
 .text          0x0000000008000210      0x2cc c:/rtos/stm32cubeide_1.1.0/plugins/com.st.stm32cube.ide.mcu.externaltools.gnu-tools-for-stm32.7-2018-q2-update.win32_1.0.0.201904181610/tools/bin/../lib/gcc/arm-none-eabi/7.3.1/thumb/v7e-m/fpv4-sp/hard\libgcc.a(_udivmoddi4.o)
                0x0000000008000210                __udivmoddi4
 .text          0x00000000080004dc        0x4 c:/rtos/stm32cubeide_1.1.0/plugins/com.st.stm32cube.ide.mcu.externaltools.gnu-tools-for-stm32.7-2018-q2-update.win32_1.0.0.201904181610/tools/bin/../lib/gcc/arm-none-eabi/7.3.1/thumb/v7e-m/fpv4-sp/hard\libgcc.a(_dvmd_tls.o)
                0x00000000080004dc                __aeabi_idiv0
                0x00000000080004dc                __aeabi_ldiv0
 *(.text*)
 .text.vApplicationGetIdleTaskMemory
                0x00000000080004e0       0x34 Core/Src/freertos.o
                0x00000000080004e0                vApplicationGetIdleTaskMemory
 .text.main     0x0000000008000514       0xe8 Core/Src/main.o
                0x0000000008000514                main
 .text.SystemClock_Config
                0x00000000080005fc      0x108 Core/Src/main.o
                0x00000000080005fc                SystemClock_Config
 .text.MX_I2C1_Init
                0x0000000008000704       0x5c Core/Src/main.o
 .text.MX_I2S2_Init
                0x0000000008000760       0x5c Core/Src/main.o
 .text.MX_I2S3_Init
                0x00000000080007bc       0x60 Core/Src/main.o
 .text.MX_SPI1_Init
                0x000000000800081c       0x6c Core/Src/main.o
 .text.MX_GPIO_Init
                0x0000000008000888      0x1b4 Core/Src/main.o
 .text.StartAccessSoftware
                0x0000000008000a3c       0x6c Core/Src/main.o
                0x0000000008000a3c                StartAccessSoftware
 .text.StartGreenTask
                0x0000000008000aa8       0x38 Core/Src/main.o
                0x0000000008000aa8                StartGreenTask
 .text.StartRedTask
                0x0000000008000ae0       0x3c Core/Src/main.o
                0x0000000008000ae0                StartRedTask
 .text.StartOrangeTask
                0x0000000008000b1c       0x20 Core/Src/main.o
                0x0000000008000b1c                StartOrangeTask
 .text.HAL_TIM_PeriodElapsedCallback
                0x0000000008000b3c       0x24 Core/Src/main.o
                0x0000000008000b3c                HAL_TIM_PeriodElapsedCallback
 .text.Error_Handler
                0x0000000008000b60        0xe Core/Src/main.o
                0x0000000008000b60                Error_Handler
 *fill*         0x0000000008000b6e        0x2 
 .text.HAL_MspInit
                0x0000000008000b70       0x58 Core/Src/stm32f4xx_hal_msp.o
                0x0000000008000b70                HAL_MspInit
 .text.HAL_I2C_MspInit
                0x0000000008000bc8       0x90 Core/Src/stm32f4xx_hal_msp.o
                0x0000000008000bc8                HAL_I2C_MspInit
 .text.HAL_I2S_MspInit
                0x0000000008000c58      0x19c Core/Src/stm32f4xx_hal_msp.o
                0x0000000008000c58                HAL_I2S_MspInit
 .text.HAL_SPI_MspInit
                0x0000000008000df4       0x90 Core/Src/stm32f4xx_hal_msp.o
                0x0000000008000df4                HAL_SPI_MspInit
 .text.HAL_InitTick
                0x0000000008000e84       0xb0 Core/Src/stm32f4xx_hal_timebase_tim.o
                0x0000000008000e84                HAL_InitTick
 .text.NMI_Handler
                0x0000000008000f34        0xe Core/Src/stm32f4xx_it.o
                0x0000000008000f34                NMI_Handler
 .text.HardFault_Handler
                0x0000000008000f42        0x6 Core/Src/stm32f4xx_it.o
                0x0000000008000f42                HardFault_Handler
 .text.MemManage_Handler
                0x0000000008000f48        0x6 Core/Src/stm32f4xx_it.o
                0x0000000008000f48                MemManage_Handler
 .text.BusFault_Handler
                0x0000000008000f4e        0x6 Core/Src/stm32f4xx_it.o
                0x0000000008000f4e                BusFault_Handler
 .text.UsageFault_Handler
                0x0000000008000f54        0x6 Core/Src/stm32f4xx_it.o
                0x0000000008000f54                UsageFault_Handler
 .text.DebugMon_Handler
                0x0000000008000f5a        0xe Core/Src/stm32f4xx_it.o
                0x0000000008000f5a                DebugMon_Handler
 .text.TIM1_UP_TIM10_IRQHandler
                0x0000000008000f68       0x14 Core/Src/stm32f4xx_it.o
                0x0000000008000f68                TIM1_UP_TIM10_IRQHandler
 .text.OTG_FS_IRQHandler
                0x0000000008000f7c       0x14 Core/Src/stm32f4xx_it.o
                0x0000000008000f7c                OTG_FS_IRQHandler
 .text.SystemInit
                0x0000000008000f90       0x2c Core/Src/system_stm32f4xx.o
                0x0000000008000f90                SystemInit
 .text.Reset_Handler
                0x0000000008000fbc       0x50 Core/Startup/startup_stm32f411vetx.o
                0x0000000008000fbc                Reset_Handler
 .text.Default_Handler
                0x000000000800100c        0x2 Core/Startup/startup_stm32f411vetx.o
                0x000000000800100c                RTC_Alarm_IRQHandler
                0x000000000800100c                EXTI2_IRQHandler
                0x000000000800100c                SPI4_IRQHandler
                0x000000000800100c                TIM1_CC_IRQHandler
                0x000000000800100c                DMA2_Stream5_IRQHandler
                0x000000000800100c                DMA1_Stream5_IRQHandler
                0x000000000800100c                PVD_IRQHandler
                0x000000000800100c                SDIO_IRQHandler
                0x000000000800100c                TAMP_STAMP_IRQHandler
                0x000000000800100c                EXTI3_IRQHandler
                0x000000000800100c                I2C3_ER_IRQHandler
                0x000000000800100c                EXTI0_IRQHandler
                0x000000000800100c                I2C2_EV_IRQHandler
                0x000000000800100c                DMA1_Stream2_IRQHandler
                0x000000000800100c                FPU_IRQHandler
                0x000000000800100c                DMA2_Stream2_IRQHandler
                0x000000000800100c                SPI1_IRQHandler
                0x000000000800100c                TIM1_BRK_TIM9_IRQHandler
                0x000000000800100c                DMA2_Stream3_IRQHandler
                0x000000000800100c                USART6_IRQHandler
                0x000000000800100c                DMA2_Stream0_IRQHandler
                0x000000000800100c                TIM4_IRQHandler
                0x000000000800100c                I2C1_EV_IRQHandler
                0x000000000800100c                DMA1_Stream6_IRQHandler
                0x000000000800100c                DMA1_Stream1_IRQHandler
                0x000000000800100c                TIM3_IRQHandler
                0x000000000800100c                RCC_IRQHandler
                0x000000000800100c                Default_Handler
                0x000000000800100c                EXTI15_10_IRQHandler
                0x000000000800100c                ADC_IRQHandler
                0x000000000800100c                DMA1_Stream7_IRQHandler
                0x000000000800100c                SPI5_IRQHandler
                0x000000000800100c                TIM5_IRQHandler
                0x000000000800100c                DMA2_Stream7_IRQHandler
                0x000000000800100c                I2C3_EV_IRQHandler
                0x000000000800100c                EXTI9_5_IRQHandler
                0x000000000800100c                RTC_WKUP_IRQHandler
                0x000000000800100c                SPI2_IRQHandler
                0x000000000800100c                DMA1_Stream0_IRQHandler
                0x000000000800100c                EXTI4_IRQHandler
                0x000000000800100c                WWDG_IRQHandler
                0x000000000800100c                TIM2_IRQHandler
                0x000000000800100c                OTG_FS_WKUP_IRQHandler
                0x000000000800100c                TIM1_TRG_COM_TIM11_IRQHandler
                0x000000000800100c                EXTI1_IRQHandler
                0x000000000800100c                USART2_IRQHandler
                0x000000000800100c                I2C2_ER_IRQHandler
                0x000000000800100c                DMA2_Stream1_IRQHandler
                0x000000000800100c                FLASH_IRQHandler
                0x000000000800100c                DMA2_Stream4_IRQHandler
                0x000000000800100c                USART1_IRQHandler
                0x000000000800100c                SPI3_IRQHandler
                0x000000000800100c                DMA1_Stream4_IRQHandler
                0x000000000800100c                I2C1_ER_IRQHandler
                0x000000000800100c                DMA2_Stream6_IRQHandler
                0x000000000800100c                DMA1_Stream3_IRQHandler
 *fill*         0x000000000800100e        0x2 
 .text.HAL_Init
                0x0000000008001010       0x44 Drivers/STM32F4xx_HAL_Driver/Src/stm32f4xx_hal.o
                0x0000000008001010                HAL_Init
 .text.HAL_IncTick
                0x0000000008001054       0x28 Drivers/STM32F4xx_HAL_Driver/Src/stm32f4xx_hal.o
                0x0000000008001054                HAL_IncTick
 .text.HAL_GetTick
                0x000000000800107c       0x18 Drivers/STM32F4xx_HAL_Driver/Src/stm32f4xx_hal.o
                0x000000000800107c                HAL_GetTick
 .text.__NVIC_SetPriorityGrouping
                0x0000000008001094       0x48 Drivers/STM32F4xx_HAL_Driver/Src/stm32f4xx_hal_cortex.o
 .text.__NVIC_GetPriorityGrouping
                0x00000000080010dc       0x1c Drivers/STM32F4xx_HAL_Driver/Src/stm32f4xx_hal_cortex.o
 .text.__NVIC_EnableIRQ
                0x00000000080010f8       0x3c Drivers/STM32F4xx_HAL_Driver/Src/stm32f4xx_hal_cortex.o
 .text.__NVIC_SetPriority
                0x0000000008001134       0x54 Drivers/STM32F4xx_HAL_Driver/Src/stm32f4xx_hal_cortex.o
 .text.NVIC_EncodePriority
                0x0000000008001188       0x66 Drivers/STM32F4xx_HAL_Driver/Src/stm32f4xx_hal_cortex.o
 .text.HAL_NVIC_SetPriorityGrouping
                0x00000000080011ee       0x16 Drivers/STM32F4xx_HAL_Driver/Src/stm32f4xx_hal_cortex.o
                0x00000000080011ee                HAL_NVIC_SetPriorityGrouping
 .text.HAL_NVIC_SetPriority
                0x0000000008001204       0x38 Drivers/STM32F4xx_HAL_Driver/Src/stm32f4xx_hal_cortex.o
                0x0000000008001204                HAL_NVIC_SetPriority
 .text.HAL_NVIC_EnableIRQ
                0x000000000800123c       0x1c Drivers/STM32F4xx_HAL_Driver/Src/stm32f4xx_hal_cortex.o
                0x000000000800123c                HAL_NVIC_EnableIRQ
 .text.HAL_GPIO_Init
                0x0000000008001258      0x304 Drivers/STM32F4xx_HAL_Driver/Src/stm32f4xx_hal_gpio.o
                0x0000000008001258                HAL_GPIO_Init
 .text.HAL_GPIO_WritePin
                0x000000000800155c       0x32 Drivers/STM32F4xx_HAL_Driver/Src/stm32f4xx_hal_gpio.o
                0x000000000800155c                HAL_GPIO_WritePin
 .text.HAL_GPIO_TogglePin
                0x000000000800158e       0x36 Drivers/STM32F4xx_HAL_Driver/Src/stm32f4xx_hal_gpio.o
                0x000000000800158e                HAL_GPIO_TogglePin
 .text.HAL_HCD_IRQHandler
                0x00000000080015c4      0x20c Drivers/STM32F4xx_HAL_Driver/Src/stm32f4xx_hal_hcd.o
                0x00000000080015c4                HAL_HCD_IRQHandler
 .text.HAL_HCD_Start
                0x00000000080017d0       0x46 Drivers/STM32F4xx_HAL_Driver/Src/stm32f4xx_hal_hcd.o
                0x00000000080017d0                HAL_HCD_Start
 .text.HAL_HCD_Stop
                0x0000000008001816       0x3a Drivers/STM32F4xx_HAL_Driver/Src/stm32f4xx_hal_hcd.o
                0x0000000008001816                HAL_HCD_Stop
 .text.HCD_HC_IN_IRQHandler
                0x0000000008001850      0x72e Drivers/STM32F4xx_HAL_Driver/Src/stm32f4xx_hal_hcd.o
 .text.HCD_HC_OUT_IRQHandler
                0x0000000008001f7e      0x6ea Drivers/STM32F4xx_HAL_Driver/Src/stm32f4xx_hal_hcd.o
 .text.HCD_RXQLVL_IRQHandler
                0x0000000008002668      0x158 Drivers/STM32F4xx_HAL_Driver/Src/stm32f4xx_hal_hcd.o
 .text.HCD_Port_IRQHandler
                0x00000000080027c0      0x120 Drivers/STM32F4xx_HAL_Driver/Src/stm32f4xx_hal_hcd.o
 .text.HAL_I2C_Init
                0x00000000080028e0      0x270 Drivers/STM32F4xx_HAL_Driver/Src/stm32f4xx_hal_i2c.o
                0x00000000080028e0                HAL_I2C_Init
 .text.HAL_I2S_Init
                0x0000000008002b50      0x280 Drivers/STM32F4xx_HAL_Driver/Src/stm32f4xx_hal_i2s.o
                0x0000000008002b50                HAL_I2S_Init
 .text.HAL_I2S_TxCpltCallback
                0x0000000008002dd0       0x14 Drivers/STM32F4xx_HAL_Driver/Src/stm32f4xx_hal_i2s.o
                0x0000000008002dd0                HAL_I2S_TxCpltCallback
 .text.HAL_I2S_RxCpltCallback
                0x0000000008002de4       0x14 Drivers/STM32F4xx_HAL_Driver/Src/stm32f4xx_hal_i2s.o
                0x0000000008002de4                HAL_I2S_RxCpltCallback
 .text.HAL_I2S_ErrorCallback
                0x0000000008002df8       0x14 Drivers/STM32F4xx_HAL_Driver/Src/stm32f4xx_hal_i2s.o
                0x0000000008002df8                HAL_I2S_ErrorCallback
 .text.I2S_Transmit_IT
                0x0000000008002e0c       0x5c Drivers/STM32F4xx_HAL_Driver/Src/stm32f4xx_hal_i2s.o
 .text.I2S_Receive_IT
                0x0000000008002e68       0x5e Drivers/STM32F4xx_HAL_Driver/Src/stm32f4xx_hal_i2s.o
 .text.I2S_IRQHandler
                0x0000000008002ec6      0x114 Drivers/STM32F4xx_HAL_Driver/Src/stm32f4xx_hal_i2s.o
 *fill*         0x0000000008002fda        0x2 
 .text.HAL_I2SEx_FullDuplex_IRQHandler
                0x0000000008002fdc      0x2a8 Drivers/STM32F4xx_HAL_Driver/Src/stm32f4xx_hal_i2s_ex.o
                0x0000000008002fdc                HAL_I2SEx_FullDuplex_IRQHandler
 .text.HAL_I2SEx_TxRxCpltCallback
                0x0000000008003284       0x14 Drivers/STM32F4xx_HAL_Driver/Src/stm32f4xx_hal_i2s_ex.o
                0x0000000008003284                HAL_I2SEx_TxRxCpltCallback
 .text.I2SEx_TxISR_I2S
                0x0000000008003298       0x62 Drivers/STM32F4xx_HAL_Driver/Src/stm32f4xx_hal_i2s_ex.o
 *fill*         0x00000000080032fa        0x2 
 .text.I2SEx_TxISR_I2SExt
                0x00000000080032fc       0x98 Drivers/STM32F4xx_HAL_Driver/Src/stm32f4xx_hal_i2s_ex.o
 .text.I2SEx_RxISR_I2S
                0x0000000008003394       0x64 Drivers/STM32F4xx_HAL_Driver/Src/stm32f4xx_hal_i2s_ex.o
 .text.I2SEx_RxISR_I2SExt
                0x00000000080033f8       0x98 Drivers/STM32F4xx_HAL_Driver/Src/stm32f4xx_hal_i2s_ex.o
 .text.HAL_RCC_OscConfig
                0x0000000008003490      0x4e0 Drivers/STM32F4xx_HAL_Driver/Src/stm32f4xx_hal_rcc.o
                0x0000000008003490                HAL_RCC_OscConfig
 .text.HAL_RCC_ClockConfig
                0x0000000008003970      0x1cc Drivers/STM32F4xx_HAL_Driver/Src/stm32f4xx_hal_rcc.o
                0x0000000008003970                HAL_RCC_ClockConfig
 .text.HAL_RCC_GetSysClockFreq
                0x0000000008003b3c      0x1b0 Drivers/STM32F4xx_HAL_Driver/Src/stm32f4xx_hal_rcc.o
                0x0000000008003b3c                HAL_RCC_GetSysClockFreq
 .text.HAL_RCC_GetHCLKFreq
                0x0000000008003cec       0x18 Drivers/STM32F4xx_HAL_Driver/Src/stm32f4xx_hal_rcc.o
                0x0000000008003cec                HAL_RCC_GetHCLKFreq
 .text.HAL_RCC_GetPCLK1Freq
                0x0000000008003d04       0x28 Drivers/STM32F4xx_HAL_Driver/Src/stm32f4xx_hal_rcc.o
                0x0000000008003d04                HAL_RCC_GetPCLK1Freq
 .text.HAL_RCC_GetPCLK2Freq
                0x0000000008003d2c       0x28 Drivers/STM32F4xx_HAL_Driver/Src/stm32f4xx_hal_rcc.o
                0x0000000008003d2c                HAL_RCC_GetPCLK2Freq
 .text.HAL_RCC_GetClockConfig
                0x0000000008003d54       0x64 Drivers/STM32F4xx_HAL_Driver/Src/stm32f4xx_hal_rcc.o
                0x0000000008003d54                HAL_RCC_GetClockConfig
 .text.HAL_RCCEx_PeriphCLKConfig
                0x0000000008003db8      0x1e0 Drivers/STM32F4xx_HAL_Driver/Src/stm32f4xx_hal_rcc_ex.o
                0x0000000008003db8                HAL_RCCEx_PeriphCLKConfig
 .text.HAL_RCCEx_GetPeriphCLKFreq
                0x0000000008003f98       0xbc Drivers/STM32F4xx_HAL_Driver/Src/stm32f4xx_hal_rcc_ex.o
                0x0000000008003f98                HAL_RCCEx_GetPeriphCLKFreq
 .text.HAL_SPI_Init
                0x0000000008004054       0xc8 Drivers/STM32F4xx_HAL_Driver/Src/stm32f4xx_hal_spi.o
                0x0000000008004054                HAL_SPI_Init
 .text.HAL_TIM_Base_Init
                0x000000000800411c       0x56 Drivers/STM32F4xx_HAL_Driver/Src/stm32f4xx_hal_tim.o
                0x000000000800411c                HAL_TIM_Base_Init
 .text.HAL_TIM_Base_MspInit
                0x0000000008004172       0x14 Drivers/STM32F4xx_HAL_Driver/Src/stm32f4xx_hal_tim.o
                0x0000000008004172                HAL_TIM_Base_MspInit
 .text.HAL_TIM_Base_Start_IT
                0x0000000008004186       0x48 Drivers/STM32F4xx_HAL_Driver/Src/stm32f4xx_hal_tim.o
                0x0000000008004186                HAL_TIM_Base_Start_IT
 .text.HAL_TIM_IRQHandler
                0x00000000080041ce      0x210 Drivers/STM32F4xx_HAL_Driver/Src/stm32f4xx_hal_tim.o
                0x00000000080041ce                HAL_TIM_IRQHandler
 .text.HAL_TIM_OC_DelayElapsedCallback
                0x00000000080043de       0x14 Drivers/STM32F4xx_HAL_Driver/Src/stm32f4xx_hal_tim.o
                0x00000000080043de                HAL_TIM_OC_DelayElapsedCallback
 .text.HAL_TIM_IC_CaptureCallback
                0x00000000080043f2       0x14 Drivers/STM32F4xx_HAL_Driver/Src/stm32f4xx_hal_tim.o
                0x00000000080043f2                HAL_TIM_IC_CaptureCallback
 .text.HAL_TIM_PWM_PulseFinishedCallback
                0x0000000008004406       0x14 Drivers/STM32F4xx_HAL_Driver/Src/stm32f4xx_hal_tim.o
                0x0000000008004406                HAL_TIM_PWM_PulseFinishedCallback
 .text.HAL_TIM_TriggerCallback
                0x000000000800441a       0x14 Drivers/STM32F4xx_HAL_Driver/Src/stm32f4xx_hal_tim.o
                0x000000000800441a                HAL_TIM_TriggerCallback
 *fill*         0x000000000800442e        0x2 
 .text.TIM_Base_SetConfig
                0x0000000008004430      0x100 Drivers/STM32F4xx_HAL_Driver/Src/stm32f4xx_hal_tim.o
                0x0000000008004430                TIM_Base_SetConfig
 .text.HAL_TIMEx_CommutCallback
                0x0000000008004530       0x14 Drivers/STM32F4xx_HAL_Driver/Src/stm32f4xx_hal_tim_ex.o
                0x0000000008004530                HAL_TIMEx_CommutCallback
 .text.HAL_TIMEx_BreakCallback
                0x0000000008004544       0x14 Drivers/STM32F4xx_HAL_Driver/Src/stm32f4xx_hal_tim_ex.o
                0x0000000008004544                HAL_TIMEx_BreakCallback
 .text.USB_EnableGlobalInt
                0x0000000008004558       0x22 Drivers/STM32F4xx_HAL_Driver/Src/stm32f4xx_ll_usb.o
                0x0000000008004558                USB_EnableGlobalInt
 .text.USB_DisableGlobalInt
                0x000000000800457a       0x22 Drivers/STM32F4xx_HAL_Driver/Src/stm32f4xx_ll_usb.o
                0x000000000800457a                USB_DisableGlobalInt
 .text.USB_FlushTxFifo
                0x000000000800459c       0x4c Drivers/STM32F4xx_HAL_Driver/Src/stm32f4xx_ll_usb.o
                0x000000000800459c                USB_FlushTxFifo
 .text.USB_FlushRxFifo
                0x00000000080045e8       0x44 Drivers/STM32F4xx_HAL_Driver/Src/stm32f4xx_ll_usb.o
                0x00000000080045e8                USB_FlushRxFifo
 .text.USB_ReadPacket
                0x000000000800462c       0x52 Drivers/STM32F4xx_HAL_Driver/Src/stm32f4xx_ll_usb.o
                0x000000000800462c                USB_ReadPacket
 .text.USB_ReadInterrupts
                0x000000000800467e       0x26 Drivers/STM32F4xx_HAL_Driver/Src/stm32f4xx_ll_usb.o
                0x000000000800467e                USB_ReadInterrupts
 .text.USB_GetMode
                0x00000000080046a4       0x1c Drivers/STM32F4xx_HAL_Driver/Src/stm32f4xx_ll_usb.o
                0x00000000080046a4                USB_GetMode
 .text.USB_InitFSLSPClkSel
                0x00000000080046c0       0x74 Drivers/STM32F4xx_HAL_Driver/Src/stm32f4xx_ll_usb.o
                0x00000000080046c0                USB_InitFSLSPClkSel
 .text.USB_DriveVbus
                0x0000000008004734       0x72 Drivers/STM32F4xx_HAL_Driver/Src/stm32f4xx_ll_usb.o
                0x0000000008004734                USB_DriveVbus
 .text.USB_HC_ReadInterrupt
                0x00000000080047a6       0x22 Drivers/STM32F4xx_HAL_Driver/Src/stm32f4xx_ll_usb.o
                0x00000000080047a6                USB_HC_ReadInterrupt
 .text.USB_HC_Halt
                0x00000000080047c8      0x1fe Drivers/STM32F4xx_HAL_Driver/Src/stm32f4xx_ll_usb.o
                0x00000000080047c8                USB_HC_Halt
 .text.USB_StopHost
                0x00000000080049c6      0x10c Drivers/STM32F4xx_HAL_Driver/Src/stm32f4xx_ll_usb.o
                0x00000000080049c6                USB_StopHost
 .text.USBH_LL_IncTimer
                0x0000000008004ad2       0x24 Middlewares/ST/STM32_USB_Host_Library/Core/Src/usbh_core.o
                0x0000000008004ad2                USBH_LL_IncTimer
 .text.USBH_HandleSof
                0x0000000008004af6       0x30 Middlewares/ST/STM32_USB_Host_Library/Core/Src/usbh_core.o
 .text.USBH_LL_PortEnabled
                0x0000000008004b26       0x1c Middlewares/ST/STM32_USB_Host_Library/Core/Src/usbh_core.o
                0x0000000008004b26                USBH_LL_PortEnabled
 .text.USBH_LL_PortDisabled
                0x0000000008004b42       0x1c Middlewares/ST/STM32_USB_Host_Library/Core/Src/usbh_core.o
                0x0000000008004b42                USBH_LL_PortDisabled
 .text.USBH_LL_Connect
                0x0000000008004b5e       0x68 Middlewares/ST/STM32_USB_Host_Library/Core/Src/usbh_core.o
                0x0000000008004b5e                USBH_LL_Connect
 .text.USBH_LL_Disconnect
                0x0000000008004bc6       0x76 Middlewares/ST/STM32_USB_Host_Library/Core/Src/usbh_core.o
                0x0000000008004bc6                USBH_LL_Disconnect
 .text.USBH_LL_NotifyURBChange
                0x0000000008004c3c       0x2e Middlewares/ST/STM32_USB_Host_Library/Core/Src/usbh_core.o
                0x0000000008004c3c                USBH_LL_NotifyURBChange
 .text.USBH_FreePipe
                0x0000000008004c6a       0x38 Middlewares/ST/STM32_USB_Host_Library/Core/Src/usbh_pipes.o
                0x0000000008004c6a                USBH_FreePipe
 .text.makeFreeRtosPriority
                0x0000000008004ca2       0x30 Middlewares/Third_Party/FreeRTOS/Source/CMSIS_RTOS/cmsis_os.o
 .text.inHandlerMode
                0x0000000008004cd2       0x24 Middlewares/Third_Party/FreeRTOS/Source/CMSIS_RTOS/cmsis_os.o
 .text.osKernelStart
                0x0000000008004cf6        0xe Middlewares/Third_Party/FreeRTOS/Source/CMSIS_RTOS/cmsis_os.o
                0x0000000008004cf6                osKernelStart
 .text.osThreadCreate
                0x0000000008004d04       0x98 Middlewares/Third_Party/FreeRTOS/Source/CMSIS_RTOS/cmsis_os.o
                0x0000000008004d04                osThreadCreate
 .text.osDelay  0x0000000008004d9c       0x28 Middlewares/Third_Party/FreeRTOS/Source/CMSIS_RTOS/cmsis_os.o
                0x0000000008004d9c                osDelay
 .text.osMutexCreate
                0x0000000008004dc4       0x30 Middlewares/Third_Party/FreeRTOS/Source/CMSIS_RTOS/cmsis_os.o
                0x0000000008004dc4                osMutexCreate
 .text.osSemaphoreCreate
                0x0000000008004df4       0x66 Middlewares/Third_Party/FreeRTOS/Source/CMSIS_RTOS/cmsis_os.o
                0x0000000008004df4                osSemaphoreCreate
 *fill*         0x0000000008004e5a        0x2 
 .text.osSemaphoreWait
                0x0000000008004e5c       0x9c Middlewares/Third_Party/FreeRTOS/Source/CMSIS_RTOS/cmsis_os.o
                0x0000000008004e5c                osSemaphoreWait
 .text.osSemaphoreRelease
                0x0000000008004ef8       0x6c Middlewares/Third_Party/FreeRTOS/Source/CMSIS_RTOS/cmsis_os.o
                0x0000000008004ef8                osSemaphoreRelease
 .text.osMessagePut
                0x0000000008004f64       0x80 Middlewares/Third_Party/FreeRTOS/Source/CMSIS_RTOS/cmsis_os.o
                0x0000000008004f64                osMessagePut
 .text.vListInitialise
                0x0000000008004fe4       0x40 Middlewares/Third_Party/FreeRTOS/Source/list.o
                0x0000000008004fe4                vListInitialise
 .text.vListInitialiseItem
                0x0000000008005024       0x1a Middlewares/Third_Party/FreeRTOS/Source/list.o
                0x0000000008005024                vListInitialiseItem
 .text.vListInsertEnd
                0x000000000800503e       0x48 Middlewares/Third_Party/FreeRTOS/Source/list.o
                0x000000000800503e                vListInsertEnd
 .text.vListInsert
                0x0000000008005086       0x72 Middlewares/Third_Party/FreeRTOS/Source/list.o
                0x0000000008005086                vListInsert
 .text.uxListRemove
                0x00000000080050f8       0x54 Middlewares/Third_Party/FreeRTOS/Source/list.o
                0x00000000080050f8                uxListRemove
 .text.xQueueGenericReset
                0x000000000800514c       0xd0 Middlewares/Third_Party/FreeRTOS/Source/queue.o
                0x000000000800514c                xQueueGenericReset
 .text.xQueueGenericCreateStatic
                0x000000000800521c       0xe4 Middlewares/Third_Party/FreeRTOS/Source/queue.o
                0x000000000800521c                xQueueGenericCreateStatic
 .text.xQueueGenericCreate
                0x0000000008005300       0x7a Middlewares/Third_Party/FreeRTOS/Source/queue.o
                0x0000000008005300                xQueueGenericCreate
 .text.prvInitialiseNewQueue
                0x000000000800537a       0x3e Middlewares/Third_Party/FreeRTOS/Source/queue.o
 .text.prvInitialiseMutex
                0x00000000080053b8       0x34 Middlewares/Third_Party/FreeRTOS/Source/queue.o
 .text.xQueueCreateMutex
                0x00000000080053ec       0x30 Middlewares/Third_Party/FreeRTOS/Source/queue.o
                0x00000000080053ec                xQueueCreateMutex
 .text.xQueueCreateMutexStatic
                0x000000000800541c       0x36 Middlewares/Third_Party/FreeRTOS/Source/queue.o
                0x000000000800541c                xQueueCreateMutexStatic
 *fill*         0x0000000008005452        0x2 
 .text.xQueueGenericSend
                0x0000000008005454      0x1f4 Middlewares/Third_Party/FreeRTOS/Source/queue.o
                0x0000000008005454                xQueueGenericSend
 .text.xQueueGenericSendFromISR
                0x0000000008005648      0x128 Middlewares/Third_Party/FreeRTOS/Source/queue.o
                0x0000000008005648                xQueueGenericSendFromISR
 .text.xQueueGiveFromISR
                0x0000000008005770      0x112 Middlewares/Third_Party/FreeRTOS/Source/queue.o
                0x0000000008005770                xQueueGiveFromISR
 *fill*         0x0000000008005882        0x2 
 .text.xQueueSemaphoreTake
                0x0000000008005884      0x210 Middlewares/Third_Party/FreeRTOS/Source/queue.o
                0x0000000008005884                xQueueSemaphoreTake
 .text.xQueueReceiveFromISR
                0x0000000008005a94       0xfa Middlewares/Third_Party/FreeRTOS/Source/queue.o
                0x0000000008005a94                xQueueReceiveFromISR
 .text.prvGetDisinheritPriorityAfterTimeout
                0x0000000008005b8e       0x30 Middlewares/Third_Party/FreeRTOS/Source/queue.o
 .text.prvCopyDataToQueue
                0x0000000008005bbe       0xd4 Middlewares/Third_Party/FreeRTOS/Source/queue.o
 .text.prvCopyDataFromQueue
                0x0000000008005c92       0x4c Middlewares/Third_Party/FreeRTOS/Source/queue.o
 .text.prvUnlockQueue
                0x0000000008005cde       0xa4 Middlewares/Third_Party/FreeRTOS/Source/queue.o
 .text.prvIsQueueEmpty
                0x0000000008005d82       0x2c Middlewares/Third_Party/FreeRTOS/Source/queue.o
 .text.prvIsQueueFull
                0x0000000008005dae       0x30 Middlewares/Third_Party/FreeRTOS/Source/queue.o
 .text.xTaskCreateStatic
                0x0000000008005dde       0xb2 Middlewares/Third_Party/FreeRTOS/Source/tasks.o
                0x0000000008005dde                xTaskCreateStatic
 .text.xTaskCreate
                0x0000000008005e90       0x8a Middlewares/Third_Party/FreeRTOS/Source/tasks.o
                0x0000000008005e90                xTaskCreate
 .text.prvInitialiseNewTask
                0x0000000008005f1a       0xfc Middlewares/Third_Party/FreeRTOS/Source/tasks.o
 *fill*         0x0000000008006016        0x2 
 .text.prvAddNewTaskToReadyList
                0x0000000008006018       0xd4 Middlewares/Third_Party/FreeRTOS/Source/tasks.o
 .text.vTaskDelay
                0x00000000080060ec       0x68 Middlewares/Third_Party/FreeRTOS/Source/tasks.o
                0x00000000080060ec                vTaskDelay
 .text.vTaskStartScheduler
                0x0000000008006154       0xbc Middlewares/Third_Party/FreeRTOS/Source/tasks.o
                0x0000000008006154                vTaskStartScheduler
 .text.vTaskSuspendAll
                0x0000000008006210       0x1c Middlewares/Third_Party/FreeRTOS/Source/tasks.o
                0x0000000008006210                vTaskSuspendAll
 .text.xTaskResumeAll
                0x000000000800622c      0x138 Middlewares/Third_Party/FreeRTOS/Source/tasks.o
                0x000000000800622c                xTaskResumeAll
 .text.xTaskIncrementTick
                0x0000000008006364      0x178 Middlewares/Third_Party/FreeRTOS/Source/tasks.o
                0x0000000008006364                xTaskIncrementTick
 .text.vTaskSwitchContext
                0x00000000080064dc       0xb4 Middlewares/Third_Party/FreeRTOS/Source/tasks.o
                0x00000000080064dc                vTaskSwitchContext
 .text.vTaskPlaceOnEventList
                0x0000000008006590       0x48 Middlewares/Third_Party/FreeRTOS/Source/tasks.o
                0x0000000008006590                vTaskPlaceOnEventList
 .text.xTaskRemoveFromEventList
                0x00000000080065d8       0xc4 Middlewares/Third_Party/FreeRTOS/Source/tasks.o
                0x00000000080065d8                xTaskRemoveFromEventList
 .text.vTaskInternalSetTimeOutState
                0x000000000800669c       0x2c Middlewares/Third_Party/FreeRTOS/Source/tasks.o
                0x000000000800669c                vTaskInternalSetTimeOutState
 .text.xTaskCheckForTimeOut
                0x00000000080066c8       0xc0 Middlewares/Third_Party/FreeRTOS/Source/tasks.o
                0x00000000080066c8                xTaskCheckForTimeOut
 .text.vTaskMissedYield
                0x0000000008006788       0x18 Middlewares/Third_Party/FreeRTOS/Source/tasks.o
                0x0000000008006788                vTaskMissedYield
 .text.prvIdleTask
                0x00000000080067a0       0x30 Middlewares/Third_Party/FreeRTOS/Source/tasks.o
 .text.prvInitialiseTaskLists
                0x00000000080067d0       0x80 Middlewares/Third_Party/FreeRTOS/Source/tasks.o
 .text.prvCheckTasksWaitingTermination
                0x0000000008006850       0x58 Middlewares/Third_Party/FreeRTOS/Source/tasks.o
 .text.prvDeleteTCB
                0x00000000080068a8       0x5c Middlewares/Third_Party/FreeRTOS/Source/tasks.o
 .text.prvResetNextTaskUnblockTime
                0x0000000008006904       0x4c Middlewares/Third_Party/FreeRTOS/Source/tasks.o
 .text.xTaskGetSchedulerState
                0x0000000008006950       0x3c Middlewares/Third_Party/FreeRTOS/Source/tasks.o
                0x0000000008006950                xTaskGetSchedulerState
 .text.xTaskPriorityInherit
                0x000000000800698c      0x10c Middlewares/Third_Party/FreeRTOS/Source/tasks.o
                0x000000000800698c                xTaskPriorityInherit
 .text.xTaskPriorityDisinherit
                0x0000000008006a98      0x108 Middlewares/Third_Party/FreeRTOS/Source/tasks.o
                0x0000000008006a98                xTaskPriorityDisinherit
 .text.vTaskPriorityDisinheritAfterTimeout
                0x0000000008006ba0      0x13c Middlewares/Third_Party/FreeRTOS/Source/tasks.o
                0x0000000008006ba0                vTaskPriorityDisinheritAfterTimeout
 .text.pvTaskIncrementMutexHeldCount
                0x0000000008006cdc       0x28 Middlewares/Third_Party/FreeRTOS/Source/tasks.o
                0x0000000008006cdc                pvTaskIncrementMutexHeldCount
 .text.prvAddCurrentTaskToDelayedList
                0x0000000008006d04       0xcc Middlewares/Third_Party/FreeRTOS/Source/tasks.o
 .text.pxPortInitialiseStack
                0x0000000008006dd0       0x68 Middlewares/Third_Party/FreeRTOS/Source/portable/GCC/ARM_CM4F/port.o
                0x0000000008006dd0                pxPortInitialiseStack
 .text.prvTaskExitError
                0x0000000008006e38       0x54 Middlewares/Third_Party/FreeRTOS/Source/portable/GCC/ARM_CM4F/port.o
 *fill*         0x0000000008006e8c        0x4 
 .text.SVC_Handler
                0x0000000008006e90       0x28 Middlewares/Third_Party/FreeRTOS/Source/portable/GCC/ARM_CM4F/port.o
                0x0000000008006e90                SVC_Handler
 .text.prvPortStartFirstTask
                0x0000000008006eb8       0x28 Middlewares/Third_Party/FreeRTOS/Source/portable/GCC/ARM_CM4F/port.o
 .text.xPortStartScheduler
                0x0000000008006ee0      0x13c Middlewares/Third_Party/FreeRTOS/Source/portable/GCC/ARM_CM4F/port.o
                0x0000000008006ee0                xPortStartScheduler
 .text.vPortEnterCritical
                0x000000000800701c       0x5c Middlewares/Third_Party/FreeRTOS/Source/portable/GCC/ARM_CM4F/port.o
                0x000000000800701c                vPortEnterCritical
 .text.vPortExitCritical
                0x0000000008007078       0x50 Middlewares/Third_Party/FreeRTOS/Source/portable/GCC/ARM_CM4F/port.o
                0x0000000008007078                vPortExitCritical
 *fill*         0x00000000080070c8        0x8 
 .text.PendSV_Handler
                0x00000000080070d0       0x68 Middlewares/Third_Party/FreeRTOS/Source/portable/GCC/ARM_CM4F/port.o
                0x00000000080070d0                PendSV_Handler
 .text.SysTick_Handler
                0x0000000008007138       0x40 Middlewares/Third_Party/FreeRTOS/Source/portable/GCC/ARM_CM4F/port.o
                0x0000000008007138                SysTick_Handler
 .text.vPortSetupTimerInterrupt
                0x0000000008007178       0x48 Middlewares/Third_Party/FreeRTOS/Source/portable/GCC/ARM_CM4F/port.o
                0x0000000008007178                vPortSetupTimerInterrupt
 .text.vPortEnableVFP
                0x00000000080071c0       0x14 Middlewares/Third_Party/FreeRTOS/Source/portable/GCC/ARM_CM4F/port.o
 .text.vPortValidateInterruptPriority
                0x00000000080071d4       0x7c Middlewares/Third_Party/FreeRTOS/Source/portable/GCC/ARM_CM4F/port.o
                0x00000000080071d4                vPortValidateInterruptPriority
 .text.pvPortMalloc
                0x0000000008007250      0x184 Middlewares/Third_Party/FreeRTOS/Source/portable/MemMang/heap_4.o
                0x0000000008007250                pvPortMalloc
 .text.vPortFree
                0x00000000080073d4       0xb0 Middlewares/Third_Party/FreeRTOS/Source/portable/MemMang/heap_4.o
                0x00000000080073d4                vPortFree
 .text.prvHeapInit
                0x0000000008007484       0xc4 Middlewares/Third_Party/FreeRTOS/Source/portable/MemMang/heap_4.o
 .text.prvInsertBlockIntoFreeList
                0x0000000008007548       0xb4 Middlewares/Third_Party/FreeRTOS/Source/portable/MemMang/heap_4.o
 .text.HAL_HCD_SOF_Callback
                0x00000000080075fc       0x1c USB_HOST/Target/usbh_conf.o
                0x00000000080075fc                HAL_HCD_SOF_Callback
 .text.HAL_HCD_Connect_Callback
                0x0000000008007618       0x1c USB_HOST/Target/usbh_conf.o
                0x0000000008007618                HAL_HCD_Connect_Callback
 .text.HAL_HCD_Disconnect_Callback
                0x0000000008007634       0x1c USB_HOST/Target/usbh_conf.o
                0x0000000008007634                HAL_HCD_Disconnect_Callback
 .text.HAL_HCD_HC_NotifyURBChange_Callback
                0x0000000008007650       0x24 USB_HOST/Target/usbh_conf.o
                0x0000000008007650                HAL_HCD_HC_NotifyURBChange_Callback
 .text.HAL_HCD_PortEnabled_Callback
                0x0000000008007674       0x1c USB_HOST/Target/usbh_conf.o
                0x0000000008007674                HAL_HCD_PortEnabled_Callback
 .text.HAL_HCD_PortDisabled_Callback
                0x0000000008007690       0x1c USB_HOST/Target/usbh_conf.o
                0x0000000008007690                HAL_HCD_PortDisabled_Callback
 .text.USBH_LL_Start
                0x00000000080076ac       0x36 USB_HOST/Target/usbh_conf.o
                0x00000000080076ac                USBH_LL_Start
 .text.USBH_LL_Stop
                0x00000000080076e2       0x36 USB_HOST/Target/usbh_conf.o
                0x00000000080076e2                USBH_LL_Stop
 .text.USBH_Get_USB_Status
                0x0000000008007718       0x58 USB_HOST/Target/usbh_conf.o
                0x0000000008007718                USBH_Get_USB_Status
 .text.__libc_init_array
                0x0000000008007770       0x48 c:/rtos/stm32cubeide_1.1.0/plugins/com.st.stm32cube.ide.mcu.externaltools.gnu-tools-for-stm32.7-2018-q2-update.win32_1.0.0.201904181610/tools/bin/../lib/gcc/arm-none-eabi/7.3.1/../../../../arm-none-eabi/lib/thumb/v7e-m/fpv4-sp/hard\libc_nano.a(lib_a-init.o)
                0x0000000008007770                __libc_init_array
 .text.memcpy   0x00000000080077b8       0x16 c:/rtos/stm32cubeide_1.1.0/plugins/com.st.stm32cube.ide.mcu.externaltools.gnu-tools-for-stm32.7-2018-q2-update.win32_1.0.0.201904181610/tools/bin/../lib/gcc/arm-none-eabi/7.3.1/../../../../arm-none-eabi/lib/thumb/v7e-m/fpv4-sp/hard\libc_nano.a(lib_a-memcpy-stub.o)
                0x00000000080077b8                memcpy
 .text.memset   0x00000000080077ce       0x10 c:/rtos/stm32cubeide_1.1.0/plugins/com.st.stm32cube.ide.mcu.externaltools.gnu-tools-for-stm32.7-2018-q2-update.win32_1.0.0.201904181610/tools/bin/../lib/gcc/arm-none-eabi/7.3.1/../../../../arm-none-eabi/lib/thumb/v7e-m/fpv4-sp/hard\libc_nano.a(lib_a-memset.o)
                0x00000000080077ce                memset
 *(.glue_7)
 .glue_7        0x00000000080077de        0x0 linker stubs
 *(.glue_7t)
 .glue_7t       0x00000000080077de        0x0 linker stubs
 *(.eh_frame)
 *fill*         0x00000000080077de        0x2 
 .eh_frame      0x00000000080077e0        0x0 c:/rtos/stm32cubeide_1.1.0/plugins/com.st.stm32cube.ide.mcu.externaltools.gnu-tools-for-stm32.7-2018-q2-update.win32_1.0.0.201904181610/tools/bin/../lib/gcc/arm-none-eabi/7.3.1/thumb/v7e-m/fpv4-sp/hard/crtbegin.o
 *(.init)
 .init          0x00000000080077e0        0x4 c:/rtos/stm32cubeide_1.1.0/plugins/com.st.stm32cube.ide.mcu.externaltools.gnu-tools-for-stm32.7-2018-q2-update.win32_1.0.0.201904181610/tools/bin/../lib/gcc/arm-none-eabi/7.3.1/thumb/v7e-m/fpv4-sp/hard/crti.o
                0x00000000080077e0                _init
 .init          0x00000000080077e4        0x8 c:/rtos/stm32cubeide_1.1.0/plugins/com.st.stm32cube.ide.mcu.externaltools.gnu-tools-for-stm32.7-2018-q2-update.win32_1.0.0.201904181610/tools/bin/../lib/gcc/arm-none-eabi/7.3.1/thumb/v7e-m/fpv4-sp/hard/crtn.o
 *(.fini)
 .fini          0x00000000080077ec        0x4 c:/rtos/stm32cubeide_1.1.0/plugins/com.st.stm32cube.ide.mcu.externaltools.gnu-tools-for-stm32.7-2018-q2-update.win32_1.0.0.201904181610/tools/bin/../lib/gcc/arm-none-eabi/7.3.1/thumb/v7e-m/fpv4-sp/hard/crti.o
                0x00000000080077ec                _fini
 .fini          0x00000000080077f0        0x8 c:/rtos/stm32cubeide_1.1.0/plugins/com.st.stm32cube.ide.mcu.externaltools.gnu-tools-for-stm32.7-2018-q2-update.win32_1.0.0.201904181610/tools/bin/../lib/gcc/arm-none-eabi/7.3.1/thumb/v7e-m/fpv4-sp/hard/crtn.o
                0x00000000080077f8                . = ALIGN (0x4)
                0x00000000080077f8                _etext = .

.vfp11_veneer   0x00000000080077f8        0x0
 .vfp11_veneer  0x00000000080077f8        0x0 linker stubs

.v4_bx          0x00000000080077f8        0x0
 .v4_bx         0x00000000080077f8        0x0 linker stubs

.iplt           0x00000000080077f8        0x0
 .iplt          0x00000000080077f8        0x0 c:/rtos/stm32cubeide_1.1.0/plugins/com.st.stm32cube.ide.mcu.externaltools.gnu-tools-for-stm32.7-2018-q2-update.win32_1.0.0.201904181610/tools/bin/../lib/gcc/arm-none-eabi/7.3.1/thumb/v7e-m/fpv4-sp/hard/crtbegin.o

.rodata         0x00000000080077f8       0x94
                0x00000000080077f8                . = ALIGN (0x4)
 *(.rodata)
 .rodata        0x00000000080077f8       0x74 Core/Src/main.o
 .rodata        0x000000000800786c        0x5 Middlewares/Third_Party/FreeRTOS/Source/tasks.o
 *(.rodata*)
 *fill*         0x0000000008007871        0x3 
 .rodata.AHBPrescTable
                0x0000000008007874       0x10 Core/Src/system_stm32f4xx.o
                0x0000000008007874                AHBPrescTable
 .rodata.APBPrescTable
                0x0000000008007884        0x8 Core/Src/system_stm32f4xx.o
                0x0000000008007884                APBPrescTable
                0x000000000800788c                . = ALIGN (0x4)

.ARM.extab      0x000000000800788c        0x0
                0x000000000800788c                . = ALIGN (0x4)
 *(.ARM.extab* .gnu.linkonce.armextab.*)
                0x000000000800788c                . = ALIGN (0x4)

.ARM            0x000000000800788c        0x8
                0x000000000800788c                . = ALIGN (0x4)
                0x000000000800788c                __exidx_start = .
 *(.ARM.exidx*)
 .ARM.exidx     0x000000000800788c        0x8 c:/rtos/stm32cubeide_1.1.0/plugins/com.st.stm32cube.ide.mcu.externaltools.gnu-tools-for-stm32.7-2018-q2-update.win32_1.0.0.201904181610/tools/bin/../lib/gcc/arm-none-eabi/7.3.1/thumb/v7e-m/fpv4-sp/hard\libgcc.a(_udivmoddi4.o)
                0x0000000008007894                __exidx_end = .
                0x0000000008007894                . = ALIGN (0x4)

.rel.dyn        0x0000000008007894        0x0
 .rel.iplt      0x0000000008007894        0x0 c:/rtos/stm32cubeide_1.1.0/plugins/com.st.stm32cube.ide.mcu.externaltools.gnu-tools-for-stm32.7-2018-q2-update.win32_1.0.0.201904181610/tools/bin/../lib/gcc/arm-none-eabi/7.3.1/thumb/v7e-m/fpv4-sp/hard/crtbegin.o

.preinit_array  0x0000000008007894        0x0
                0x0000000008007894                . = ALIGN (0x4)
                0x0000000008007894                PROVIDE (__preinit_array_start = .)
 *(.preinit_array*)
                0x0000000008007894                PROVIDE (__preinit_array_end = .)
                0x0000000008007894                . = ALIGN (0x4)

.init_array     0x0000000008007894        0x4
                0x0000000008007894                . = ALIGN (0x4)
                0x0000000008007894                PROVIDE (__init_array_start = .)
 *(SORT_BY_NAME(.init_array.*))
 *(.init_array*)
 .init_array    0x0000000008007894        0x4 c:/rtos/stm32cubeide_1.1.0/plugins/com.st.stm32cube.ide.mcu.externaltools.gnu-tools-for-stm32.7-2018-q2-update.win32_1.0.0.201904181610/tools/bin/../lib/gcc/arm-none-eabi/7.3.1/thumb/v7e-m/fpv4-sp/hard/crtbegin.o
                0x0000000008007898                PROVIDE (__init_array_end = .)
                0x0000000008007898                . = ALIGN (0x4)

.fini_array     0x0000000008007898        0x4
                0x0000000008007898                . = ALIGN (0x4)
                [!provide]                        PROVIDE (__fini_array_start = .)
 *(SORT_BY_NAME(.fini_array.*))
 *(.fini_array*)
 .fini_array    0x0000000008007898        0x4 c:/rtos/stm32cubeide_1.1.0/plugins/com.st.stm32cube.ide.mcu.externaltools.gnu-tools-for-stm32.7-2018-q2-update.win32_1.0.0.201904181610/tools/bin/../lib/gcc/arm-none-eabi/7.3.1/thumb/v7e-m/fpv4-sp/hard/crtbegin.o
                [!provide]                        PROVIDE (__fini_array_end = .)
                0x000000000800789c                . = ALIGN (0x4)
                0x000000000800789c                _sidata = LOADADDR (.data)

.data           0x0000000020000000       0x14 load address 0x000000000800789c
                0x0000000020000000                . = ALIGN (0x4)
                0x0000000020000000                _sdata = .
 *(.data)
 *(.data*)
 .data.startFlag
                0x0000000020000000        0x4 Core/Src/main.o
                0x0000000020000000                startFlag
 .data.SystemCoreClock
                0x0000000020000004        0x4 Core/Src/system_stm32f4xx.o
                0x0000000020000004                SystemCoreClock
 .data.uwTickPrio
                0x0000000020000008        0x4 Drivers/STM32F4xx_HAL_Driver/Src/stm32f4xx_hal.o
                0x0000000020000008                uwTickPrio
 .data.uwTickFreq
                0x000000002000000c        0x1 Drivers/STM32F4xx_HAL_Driver/Src/stm32f4xx_hal.o
                0x000000002000000c                uwTickFreq
 *fill*         0x000000002000000d        0x3 
 .data.uxCriticalNesting
                0x0000000020000010        0x4 Middlewares/Third_Party/FreeRTOS/Source/portable/GCC/ARM_CM4F/port.o
                0x0000000020000014                . = ALIGN (0x4)
                0x0000000020000014                _edata = .

.igot.plt       0x0000000020000014        0x0 load address 0x00000000080078b0
 .igot.plt      0x0000000020000014        0x0 c:/rtos/stm32cubeide_1.1.0/plugins/com.st.stm32cube.ide.mcu.externaltools.gnu-tools-for-stm32.7-2018-q2-update.win32_1.0.0.201904181610/tools/bin/../lib/gcc/arm-none-eabi/7.3.1/thumb/v7e-m/fpv4-sp/hard/crtbegin.o
                0x0000000020000014                . = ALIGN (0x4)

.bss            0x0000000020000014     0x4414 load address 0x00000000080078b0
                0x0000000020000014                _sbss = .
                0x0000000020000014                __bss_start__ = _sbss
 *(.bss)
 .bss           0x0000000020000014       0x1c c:/rtos/stm32cubeide_1.1.0/plugins/com.st.stm32cube.ide.mcu.externaltools.gnu-tools-for-stm32.7-2018-q2-update.win32_1.0.0.201904181610/tools/bin/../lib/gcc/arm-none-eabi/7.3.1/thumb/v7e-m/fpv4-sp/hard/crtbegin.o
 *(.bss*)
 .bss.xIdleTaskTCBBuffer
                0x0000000020000030       0x54 Core/Src/freertos.o
 .bss.xIdleStack
                0x0000000020000084      0x200 Core/Src/freertos.o
 .bss.pxCurrentTCB
                0x0000000020000284        0x4 Middlewares/Third_Party/FreeRTOS/Source/tasks.o
                0x0000000020000284                pxCurrentTCB
 .bss.pxReadyTasksLists
                0x0000000020000288       0x8c Middlewares/Third_Party/FreeRTOS/Source/tasks.o
 .bss.xDelayedTaskList1
                0x0000000020000314       0x14 Middlewares/Third_Party/FreeRTOS/Source/tasks.o
 .bss.xDelayedTaskList2
                0x0000000020000328       0x14 Middlewares/Third_Party/FreeRTOS/Source/tasks.o
 .bss.pxDelayedTaskList
                0x000000002000033c        0x4 Middlewares/Third_Party/FreeRTOS/Source/tasks.o
 .bss.pxOverflowDelayedTaskList
                0x0000000020000340        0x4 Middlewares/Third_Party/FreeRTOS/Source/tasks.o
 .bss.xPendingReadyList
                0x0000000020000344       0x14 Middlewares/Third_Party/FreeRTOS/Source/tasks.o
 .bss.xTasksWaitingTermination
                0x0000000020000358       0x14 Middlewares/Third_Party/FreeRTOS/Source/tasks.o
 .bss.uxDeletedTasksWaitingCleanUp
                0x000000002000036c        0x4 Middlewares/Third_Party/FreeRTOS/Source/tasks.o
 .bss.xSuspendedTaskList
                0x0000000020000370       0x14 Middlewares/Third_Party/FreeRTOS/Source/tasks.o
 .bss.uxCurrentNumberOfTasks
                0x0000000020000384        0x4 Middlewares/Third_Party/FreeRTOS/Source/tasks.o
 .bss.xTickCount
                0x0000000020000388        0x4 Middlewares/Third_Party/FreeRTOS/Source/tasks.o
 .bss.uxTopReadyPriority
                0x000000002000038c        0x4 Middlewares/Third_Party/FreeRTOS/Source/tasks.o
 .bss.xSchedulerRunning
                0x0000000020000390        0x4 Middlewares/Third_Party/FreeRTOS/Source/tasks.o
 .bss.uxPendedTicks
                0x0000000020000394        0x4 Middlewares/Third_Party/FreeRTOS/Source/tasks.o
 .bss.xYieldPending
                0x0000000020000398        0x4 Middlewares/Third_Party/FreeRTOS/Source/tasks.o
 .bss.xNumOfOverflows
                0x000000002000039c        0x4 Middlewares/Third_Party/FreeRTOS/Source/tasks.o
 .bss.uxTaskNumber
                0x00000000200003a0        0x4 Middlewares/Third_Party/FreeRTOS/Source/tasks.o
 .bss.xNextTaskUnblockTime
                0x00000000200003a4        0x4 Middlewares/Third_Party/FreeRTOS/Source/tasks.o
 .bss.xIdleTaskHandle
                0x00000000200003a8        0x4 Middlewares/Third_Party/FreeRTOS/Source/tasks.o
 .bss.uxSchedulerSuspended
                0x00000000200003ac        0x4 Middlewares/Third_Party/FreeRTOS/Source/tasks.o
 .bss.ucMaxSysCallPriority
                0x00000000200003b0        0x1 Middlewares/Third_Party/FreeRTOS/Source/portable/GCC/ARM_CM4F/port.o
 *fill*         0x00000000200003b1        0x3 
 .bss.ulMaxPRIGROUPValue
                0x00000000200003b4        0x4 Middlewares/Third_Party/FreeRTOS/Source/portable/GCC/ARM_CM4F/port.o
 .bss.ucHeap    0x00000000200003b8     0x3c00 Middlewares/Third_Party/FreeRTOS/Source/portable/MemMang/heap_4.o
 .bss.xStart    0x0000000020003fb8        0x8 Middlewares/Third_Party/FreeRTOS/Source/portable/MemMang/heap_4.o
 .bss.pxEnd     0x0000000020003fc0        0x4 Middlewares/Third_Party/FreeRTOS/Source/portable/MemMang/heap_4.o
 .bss.xFreeBytesRemaining
                0x0000000020003fc4        0x4 Middlewares/Third_Party/FreeRTOS/Source/portable/MemMang/heap_4.o
 .bss.xMinimumEverFreeBytesRemaining
                0x0000000020003fc8        0x4 Middlewares/Third_Party/FreeRTOS/Source/portable/MemMang/heap_4.o
 .bss.xBlockAllocatedBit
                0x0000000020003fcc        0x4 Middlewares/Third_Party/FreeRTOS/Source/portable/MemMang/heap_4.o
 *(COMMON)
 COMMON         0x0000000020003fd0      0x150 Core/Src/main.o
                0x0000000020003fd0                CriticalSemaphoreHandle
                0x0000000020003fd4                hi2c1
                0x0000000020004028                OrangeTaskHandle
                0x000000002000402c                RedTaskHandle
                0x0000000020004030                GreenTaskHandle
                0x0000000020004034                hspi1
                0x000000002000408c                CriticalResourceMutexHandle
                0x0000000020004090                hi2s2
                0x00000000200040d8                hi2s3
 COMMON         0x0000000020004120       0x40 Core/Src/stm32f4xx_hal_timebase_tim.o
                0x0000000020004120                htim1
 COMMON         0x0000000020004160        0x4 Drivers/STM32F4xx_HAL_Driver/Src/stm32f4xx_hal.o
                0x0000000020004160                uwTick
 COMMON         0x0000000020004164      0x2c4 USB_HOST/Target/usbh_conf.o
                0x0000000020004164                hhcd_USB_OTG_FS
                0x0000000020004428                . = ALIGN (0x4)
                0x0000000020004428                _ebss = .
                0x0000000020004428                __bss_end__ = _ebss

._user_heap_stack
                0x0000000020004428      0x600 load address 0x00000000080078b0
                0x0000000020004428                . = ALIGN (0x8)
                0x0000000020004428                PROVIDE (end = .)
                [!provide]                        PROVIDE (_end = .)
                0x0000000020004628                . = (. + _Min_Heap_Size)
 *fill*         0x0000000020004428      0x200 
                0x0000000020004a28                . = (. + _Min_Stack_Size)
 *fill*         0x0000000020004628      0x400 
                0x0000000020004a28                . = ALIGN (0x8)

/DISCARD/
 libc.a(*)
 libm.a(*)
 libgcc.a(*)

.ARM.attributes
                0x0000000000000000       0x30
 *(.ARM.attributes)
 .ARM.attributes
                0x0000000000000000       0x22 c:/rtos/stm32cubeide_1.1.0/plugins/com.st.stm32cube.ide.mcu.externaltools.gnu-tools-for-stm32.7-2018-q2-update.win32_1.0.0.201904181610/tools/bin/../lib/gcc/arm-none-eabi/7.3.1/thumb/v7e-m/fpv4-sp/hard/crti.o
 .ARM.attributes
                0x0000000000000022       0x34 c:/rtos/stm32cubeide_1.1.0/plugins/com.st.stm32cube.ide.mcu.externaltools.gnu-tools-for-stm32.7-2018-q2-update.win32_1.0.0.201904181610/tools/bin/../lib/gcc/arm-none-eabi/7.3.1/thumb/v7e-m/fpv4-sp/hard/crtbegin.o
 .ARM.attributes
                0x0000000000000056       0x39 Core/Src/freertos.o
 .ARM.attributes
                0x000000000000008f       0x39 Core/Src/main.o
 .ARM.attributes
                0x00000000000000c8       0x39 Core/Src/stm32f4xx_hal_msp.o
 .ARM.attributes
                0x0000000000000101       0x39 Core/Src/stm32f4xx_hal_timebase_tim.o
 .ARM.attributes
                0x000000000000013a       0x39 Core/Src/stm32f4xx_it.o
 .ARM.attributes
                0x0000000000000173       0x39 Core/Src/system_stm32f4xx.o
 .ARM.attributes
                0x00000000000001ac       0x21 Core/Startup/startup_stm32f411vetx.o
 .ARM.attributes
                0x00000000000001cd       0x39 Drivers/STM32F4xx_HAL_Driver/Src/stm32f4xx_hal.o
 .ARM.attributes
                0x0000000000000206       0x39 Drivers/STM32F4xx_HAL_Driver/Src/stm32f4xx_hal_cortex.o
 .ARM.attributes
                0x000000000000023f       0x39 Drivers/STM32F4xx_HAL_Driver/Src/stm32f4xx_hal_gpio.o
 .ARM.attributes
                0x0000000000000278       0x39 Drivers/STM32F4xx_HAL_Driver/Src/stm32f4xx_hal_hcd.o
 .ARM.attributes
                0x00000000000002b1       0x39 Drivers/STM32F4xx_HAL_Driver/Src/stm32f4xx_hal_i2c.o
 .ARM.attributes
                0x00000000000002ea       0x39 Drivers/STM32F4xx_HAL_Driver/Src/stm32f4xx_hal_i2s.o
 .ARM.attributes
                0x0000000000000323       0x39 Drivers/STM32F4xx_HAL_Driver/Src/stm32f4xx_hal_i2s_ex.o
 .ARM.attributes
                0x000000000000035c       0x39 Drivers/STM32F4xx_HAL_Driver/Src/stm32f4xx_hal_rcc.o
 .ARM.attributes
                0x0000000000000395       0x39 Drivers/STM32F4xx_HAL_Driver/Src/stm32f4xx_hal_rcc_ex.o
 .ARM.attributes
                0x00000000000003ce       0x39 Drivers/STM32F4xx_HAL_Driver/Src/stm32f4xx_hal_spi.o
 .ARM.attributes
                0x0000000000000407       0x39 Drivers/STM32F4xx_HAL_Driver/Src/stm32f4xx_hal_tim.o
 .ARM.attributes
                0x0000000000000440       0x39 Drivers/STM32F4xx_HAL_Driver/Src/stm32f4xx_hal_tim_ex.o
 .ARM.attributes
                0x0000000000000479       0x39 Drivers/STM32F4xx_HAL_Driver/Src/stm32f4xx_ll_usb.o
 .ARM.attributes
                0x00000000000004b2       0x39 Middlewares/ST/STM32_USB_Host_Library/Core/Src/usbh_core.o
 .ARM.attributes
                0x00000000000004eb       0x39 Middlewares/ST/STM32_USB_Host_Library/Core/Src/usbh_pipes.o
 .ARM.attributes
                0x0000000000000524       0x39 Middlewares/Third_Party/FreeRTOS/Source/CMSIS_RTOS/cmsis_os.o
 .ARM.attributes
                0x000000000000055d       0x39 Middlewares/Third_Party/FreeRTOS/Source/list.o
 .ARM.attributes
                0x0000000000000596       0x39 Middlewares/Third_Party/FreeRTOS/Source/queue.o
 .ARM.attributes
                0x00000000000005cf       0x39 Middlewares/Third_Party/FreeRTOS/Source/tasks.o
 .ARM.attributes
                0x0000000000000608       0x39 Middlewares/Third_Party/FreeRTOS/Source/portable/GCC/ARM_CM4F/port.o
 .ARM.attributes
                0x0000000000000641       0x39 Middlewares/Third_Party/FreeRTOS/Source/portable/MemMang/heap_4.o
 .ARM.attributes
                0x000000000000067a       0x39 USB_HOST/Target/usbh_conf.o
 .ARM.attributes
                0x00000000000006b3       0x34 c:/rtos/stm32cubeide_1.1.0/plugins/com.st.stm32cube.ide.mcu.externaltools.gnu-tools-for-stm32.7-2018-q2-update.win32_1.0.0.201904181610/tools/bin/../lib/gcc/arm-none-eabi/7.3.1/../../../../arm-none-eabi/lib/thumb/v7e-m/fpv4-sp/hard\libc_nano.a(lib_a-init.o)
 .ARM.attributes
                0x00000000000006e7       0x34 c:/rtos/stm32cubeide_1.1.0/plugins/com.st.stm32cube.ide.mcu.externaltools.gnu-tools-for-stm32.7-2018-q2-update.win32_1.0.0.201904181610/tools/bin/../lib/gcc/arm-none-eabi/7.3.1/../../../../arm-none-eabi/lib/thumb/v7e-m/fpv4-sp/hard\libc_nano.a(lib_a-memcpy-stub.o)
 .ARM.attributes
                0x000000000000071b       0x34 c:/rtos/stm32cubeide_1.1.0/plugins/com.st.stm32cube.ide.mcu.externaltools.gnu-tools-for-stm32.7-2018-q2-update.win32_1.0.0.201904181610/tools/bin/../lib/gcc/arm-none-eabi/7.3.1/../../../../arm-none-eabi/lib/thumb/v7e-m/fpv4-sp/hard\libc_nano.a(lib_a-memset.o)
 .ARM.attributes
                0x000000000000074f       0x22 c:/rtos/stm32cubeide_1.1.0/plugins/com.st.stm32cube.ide.mcu.externaltools.gnu-tools-for-stm32.7-2018-q2-update.win32_1.0.0.201904181610/tools/bin/../lib/gcc/arm-none-eabi/7.3.1/thumb/v7e-m/fpv4-sp/hard\libgcc.a(_aeabi_uldivmod.o)
 .ARM.attributes
                0x0000000000000771       0x34 c:/rtos/stm32cubeide_1.1.0/plugins/com.st.stm32cube.ide.mcu.externaltools.gnu-tools-for-stm32.7-2018-q2-update.win32_1.0.0.201904181610/tools/bin/../lib/gcc/arm-none-eabi/7.3.1/thumb/v7e-m/fpv4-sp/hard\libgcc.a(_udivmoddi4.o)
 .ARM.attributes
                0x00000000000007a5       0x22 c:/rtos/stm32cubeide_1.1.0/plugins/com.st.stm32cube.ide.mcu.externaltools.gnu-tools-for-stm32.7-2018-q2-update.win32_1.0.0.201904181610/tools/bin/../lib/gcc/arm-none-eabi/7.3.1/thumb/v7e-m/fpv4-sp/hard\libgcc.a(_dvmd_tls.o)
 .ARM.attributes
                0x00000000000007c7       0x22 c:/rtos/stm32cubeide_1.1.0/plugins/com.st.stm32cube.ide.mcu.externaltools.gnu-tools-for-stm32.7-2018-q2-update.win32_1.0.0.201904181610/tools/bin/../lib/gcc/arm-none-eabi/7.3.1/thumb/v7e-m/fpv4-sp/hard/crtn.o
OUTPUT(lab4.elf elf32-littlearm)

.debug_info     0x0000000000000000    0x1f613
 .debug_info    0x0000000000000000      0x344 Core/Src/freertos.o
 .debug_info    0x0000000000000344     0x1974 Core/Src/main.o
 .debug_info    0x0000000000001cb8     0x112a Core/Src/stm32f4xx_hal_msp.o
 .debug_info    0x0000000000002de2      0xabf Core/Src/stm32f4xx_hal_timebase_tim.o
 .debug_info    0x00000000000038a1      0xb3a Core/Src/stm32f4xx_it.o
 .debug_info    0x00000000000043db      0x57e Core/Src/system_stm32f4xx.o
 .debug_info    0x0000000000004959       0x22 Core/Startup/startup_stm32f411vetx.o
 .debug_info    0x000000000000497b      0x8d9 Drivers/STM32F4xx_HAL_Driver/Src/stm32f4xx_hal.o
 .debug_info    0x0000000000005254      0xd98 Drivers/STM32F4xx_HAL_Driver/Src/stm32f4xx_hal_cortex.o
 .debug_info    0x0000000000005fec      0x7dd Drivers/STM32F4xx_HAL_Driver/Src/stm32f4xx_hal_gpio.o
 .debug_info    0x00000000000067c9      0xe39 Drivers/STM32F4xx_HAL_Driver/Src/stm32f4xx_hal_hcd.o
 .debug_info    0x0000000000007602     0x23ba Drivers/STM32F4xx_HAL_Driver/Src/stm32f4xx_hal_i2c.o
 .debug_info    0x00000000000099bc      0xdd7 Drivers/STM32F4xx_HAL_Driver/Src/stm32f4xx_hal_i2s.o
 .debug_info    0x000000000000a793      0xb6e Drivers/STM32F4xx_HAL_Driver/Src/stm32f4xx_hal_i2s_ex.o
 .debug_info    0x000000000000b301      0x92e Drivers/STM32F4xx_HAL_Driver/Src/stm32f4xx_hal_rcc.o
 .debug_info    0x000000000000bc2f      0x618 Drivers/STM32F4xx_HAL_Driver/Src/stm32f4xx_hal_rcc_ex.o
 .debug_info    0x000000000000c247     0x1632 Drivers/STM32F4xx_HAL_Driver/Src/stm32f4xx_hal_spi.o
 .debug_info    0x000000000000d879     0x24a1 Drivers/STM32F4xx_HAL_Driver/Src/stm32f4xx_hal_tim.o
 .debug_info    0x000000000000fd1a     0x114f Drivers/STM32F4xx_HAL_Driver/Src/stm32f4xx_hal_tim_ex.o
 .debug_info    0x0000000000010e69     0x18dd Drivers/STM32F4xx_HAL_Driver/Src/stm32f4xx_ll_usb.o
 .debug_info    0x0000000000012746     0x1c3e Middlewares/ST/STM32_USB_Host_Library/Core/Src/usbh_core.o
 .debug_info    0x0000000000014384     0x1331 Middlewares/ST/STM32_USB_Host_Library/Core/Src/usbh_pipes.o
 .debug_info    0x00000000000156b5     0x1e69 Middlewares/Third_Party/FreeRTOS/Source/CMSIS_RTOS/cmsis_os.o
 .debug_info    0x000000000001751e      0xac5 Middlewares/Third_Party/FreeRTOS/Source/list.o
 .debug_info    0x0000000000017fe3     0x1f2d Middlewares/Third_Party/FreeRTOS/Source/queue.o
 .debug_info    0x0000000000019f10     0x243c Middlewares/Third_Party/FreeRTOS/Source/tasks.o
 .debug_info    0x000000000001c34c      0x533 Middlewares/Third_Party/FreeRTOS/Source/portable/GCC/ARM_CM4F/port.o
 .debug_info    0x000000000001c87f      0xbea Middlewares/Third_Party/FreeRTOS/Source/portable/MemMang/heap_4.o
 .debug_info    0x000000000001d469     0x21aa USB_HOST/Target/usbh_conf.o

.debug_abbrev   0x0000000000000000     0x40d4
 .debug_abbrev  0x0000000000000000      0x109 Core/Src/freertos.o
 .debug_abbrev  0x0000000000000109      0x2a4 Core/Src/main.o
 .debug_abbrev  0x00000000000003ad      0x1cd Core/Src/stm32f4xx_hal_msp.o
 .debug_abbrev  0x000000000000057a      0x1ac Core/Src/stm32f4xx_hal_timebase_tim.o
 .debug_abbrev  0x0000000000000726      0x1a1 Core/Src/stm32f4xx_it.o
 .debug_abbrev  0x00000000000008c7      0x12b Core/Src/system_stm32f4xx.o
 .debug_abbrev  0x00000000000009f2       0x12 Core/Startup/startup_stm32f411vetx.o
 .debug_abbrev  0x0000000000000a04      0x1f2 Drivers/STM32F4xx_HAL_Driver/Src/stm32f4xx_hal.o
 .debug_abbrev  0x0000000000000bf6      0x2fa Drivers/STM32F4xx_HAL_Driver/Src/stm32f4xx_hal_cortex.o
 .debug_abbrev  0x0000000000000ef0      0x1c9 Drivers/STM32F4xx_HAL_Driver/Src/stm32f4xx_hal_gpio.o
 .debug_abbrev  0x00000000000010b9      0x255 Drivers/STM32F4xx_HAL_Driver/Src/stm32f4xx_hal_hcd.o
 .debug_abbrev  0x000000000000130e      0x263 Drivers/STM32F4xx_HAL_Driver/Src/stm32f4xx_hal_i2c.o
 .debug_abbrev  0x0000000000001571      0x22a Drivers/STM32F4xx_HAL_Driver/Src/stm32f4xx_hal_i2s.o
 .debug_abbrev  0x000000000000179b      0x255 Drivers/STM32F4xx_HAL_Driver/Src/stm32f4xx_hal_i2s_ex.o
 .debug_abbrev  0x00000000000019f0      0x245 Drivers/STM32F4xx_HAL_Driver/Src/stm32f4xx_hal_rcc.o
 .debug_abbrev  0x0000000000001c35      0x173 Drivers/STM32F4xx_HAL_Driver/Src/stm32f4xx_hal_rcc_ex.o
 .debug_abbrev  0x0000000000001da8      0x240 Drivers/STM32F4xx_HAL_Driver/Src/stm32f4xx_hal_spi.o
 .debug_abbrev  0x0000000000001fe8      0x23f Drivers/STM32F4xx_HAL_Driver/Src/stm32f4xx_hal_tim.o
 .debug_abbrev  0x0000000000002227      0x22d Drivers/STM32F4xx_HAL_Driver/Src/stm32f4xx_hal_tim_ex.o
 .debug_abbrev  0x0000000000002454      0x26d Drivers/STM32F4xx_HAL_Driver/Src/stm32f4xx_ll_usb.o
 .debug_abbrev  0x00000000000026c1      0x3a0 Middlewares/ST/STM32_USB_Host_Library/Core/Src/usbh_core.o
 .debug_abbrev  0x0000000000002a61      0x2b1 Middlewares/ST/STM32_USB_Host_Library/Core/Src/usbh_pipes.o
 .debug_abbrev  0x0000000000002d12      0x38a Middlewares/Third_Party/FreeRTOS/Source/CMSIS_RTOS/cmsis_os.o
 .debug_abbrev  0x000000000000309c      0x1cf Middlewares/Third_Party/FreeRTOS/Source/list.o
 .debug_abbrev  0x000000000000326b      0x354 Middlewares/Third_Party/FreeRTOS/Source/queue.o
 .debug_abbrev  0x00000000000035bf      0x338 Middlewares/Third_Party/FreeRTOS/Source/tasks.o
 .debug_abbrev  0x00000000000038f7      0x210 Middlewares/Third_Party/FreeRTOS/Source/portable/GCC/ARM_CM4F/port.o
 .debug_abbrev  0x0000000000003b07      0x29e Middlewares/Third_Party/FreeRTOS/Source/portable/MemMang/heap_4.o
 .debug_abbrev  0x0000000000003da5      0x32f USB_HOST/Target/usbh_conf.o

.debug_aranges  0x0000000000000000     0x19f8
 .debug_aranges
                0x0000000000000000       0x20 Core/Src/freertos.o
 .debug_aranges
                0x0000000000000020       0x80 Core/Src/main.o
 .debug_aranges
                0x00000000000000a0       0x50 Core/Src/stm32f4xx_hal_msp.o
 .debug_aranges
                0x00000000000000f0       0x30 Core/Src/stm32f4xx_hal_timebase_tim.o
 .debug_aranges
                0x0000000000000120       0x58 Core/Src/stm32f4xx_it.o
 .debug_aranges
                0x0000000000000178       0x28 Core/Src/system_stm32f4xx.o
 .debug_aranges
                0x00000000000001a0       0x28 Core/Startup/startup_stm32f411vetx.o
 .debug_aranges
                0x00000000000001c8       0xf0 Drivers/STM32F4xx_HAL_Driver/Src/stm32f4xx_hal.o
 .debug_aranges
                0x00000000000002b8      0x118 Drivers/STM32F4xx_HAL_Driver/Src/stm32f4xx_hal_cortex.o
 .debug_aranges
                0x00000000000003d0       0x58 Drivers/STM32F4xx_HAL_Driver/Src/stm32f4xx_hal_gpio.o
 .debug_aranges
                0x0000000000000428       0xf0 Drivers/STM32F4xx_HAL_Driver/Src/stm32f4xx_hal_hcd.o
 .debug_aranges
                0x0000000000000518      0x298 Drivers/STM32F4xx_HAL_Driver/Src/stm32f4xx_hal_i2c.o
 .debug_aranges
                0x00000000000007b0      0x108 Drivers/STM32F4xx_HAL_Driver/Src/stm32f4xx_hal_i2s.o
 .debug_aranges
                0x00000000000008b8       0x88 Drivers/STM32F4xx_HAL_Driver/Src/stm32f4xx_hal_i2s_ex.o
 .debug_aranges
                0x0000000000000940       0x88 Drivers/STM32F4xx_HAL_Driver/Src/stm32f4xx_hal_rcc.o
 .debug_aranges
                0x00000000000009c8       0x50 Drivers/STM32F4xx_HAL_Driver/Src/stm32f4xx_hal_rcc_ex.o
 .debug_aranges
                0x0000000000000a18      0x1d0 Drivers/STM32F4xx_HAL_Driver/Src/stm32f4xx_hal_spi.o
 .debug_aranges
                0x0000000000000be8      0x3a8 Drivers/STM32F4xx_HAL_Driver/Src/stm32f4xx_hal_tim.o
 .debug_aranges
                0x0000000000000f90      0x150 Drivers/STM32F4xx_HAL_Driver/Src/stm32f4xx_hal_tim_ex.o
 .debug_aranges
                0x00000000000010e0      0x198 Drivers/STM32F4xx_HAL_Driver/Src/stm32f4xx_ll_usb.o
 .debug_aranges
                0x0000000000001278       0xd0 Middlewares/ST/STM32_USB_Host_Library/Core/Src/usbh_core.o
 .debug_aranges
                0x0000000000001348       0x40 Middlewares/ST/STM32_USB_Host_Library/Core/Src/usbh_pipes.o
 .debug_aranges
                0x0000000000001388      0x1d8 Middlewares/Third_Party/FreeRTOS/Source/CMSIS_RTOS/cmsis_os.o
 .debug_aranges
                0x0000000000001560       0x40 Middlewares/Third_Party/FreeRTOS/Source/list.o
 .debug_aranges
                0x00000000000015a0      0x108 Middlewares/Third_Party/FreeRTOS/Source/queue.o
 .debug_aranges
                0x00000000000016a8      0x1a8 Middlewares/Third_Party/FreeRTOS/Source/tasks.o
 .debug_aranges
                0x0000000000001850       0x80 Middlewares/Third_Party/FreeRTOS/Source/portable/GCC/ARM_CM4F/port.o
 .debug_aranges
                0x00000000000018d0       0x50 Middlewares/Third_Party/FreeRTOS/Source/portable/MemMang/heap_4.o
 .debug_aranges
                0x0000000000001920       0xd8 USB_HOST/Target/usbh_conf.o

.debug_ranges   0x0000000000000000     0x1850
 .debug_ranges  0x0000000000000000       0x10 Core/Src/freertos.o
 .debug_ranges  0x0000000000000010       0x70 Core/Src/main.o
 .debug_ranges  0x0000000000000080       0x40 Core/Src/stm32f4xx_hal_msp.o
 .debug_ranges  0x00000000000000c0       0x20 Core/Src/stm32f4xx_hal_timebase_tim.o
 .debug_ranges  0x00000000000000e0       0x48 Core/Src/stm32f4xx_it.o
 .debug_ranges  0x0000000000000128       0x18 Core/Src/system_stm32f4xx.o
 .debug_ranges  0x0000000000000140       0x20 Core/Startup/startup_stm32f411vetx.o
 .debug_ranges  0x0000000000000160       0xe0 Drivers/STM32F4xx_HAL_Driver/Src/stm32f4xx_hal.o
 .debug_ranges  0x0000000000000240      0x108 Drivers/STM32F4xx_HAL_Driver/Src/stm32f4xx_hal_cortex.o
 .debug_ranges  0x0000000000000348       0x48 Drivers/STM32F4xx_HAL_Driver/Src/stm32f4xx_hal_gpio.o
 .debug_ranges  0x0000000000000390       0xe0 Drivers/STM32F4xx_HAL_Driver/Src/stm32f4xx_hal_hcd.o
 .debug_ranges  0x0000000000000470      0x2a8 Drivers/STM32F4xx_HAL_Driver/Src/stm32f4xx_hal_i2c.o
 .debug_ranges  0x0000000000000718       0xf8 Drivers/STM32F4xx_HAL_Driver/Src/stm32f4xx_hal_i2s.o
 .debug_ranges  0x0000000000000810       0x78 Drivers/STM32F4xx_HAL_Driver/Src/stm32f4xx_hal_i2s_ex.o
 .debug_ranges  0x0000000000000888       0x78 Drivers/STM32F4xx_HAL_Driver/Src/stm32f4xx_hal_rcc.o
 .debug_ranges  0x0000000000000900       0x40 Drivers/STM32F4xx_HAL_Driver/Src/stm32f4xx_hal_rcc_ex.o
 .debug_ranges  0x0000000000000940      0x1c0 Drivers/STM32F4xx_HAL_Driver/Src/stm32f4xx_hal_spi.o
 .debug_ranges  0x0000000000000b00      0x398 Drivers/STM32F4xx_HAL_Driver/Src/stm32f4xx_hal_tim.o
 .debug_ranges  0x0000000000000e98      0x140 Drivers/STM32F4xx_HAL_Driver/Src/stm32f4xx_hal_tim_ex.o
 .debug_ranges  0x0000000000000fd8      0x188 Drivers/STM32F4xx_HAL_Driver/Src/stm32f4xx_ll_usb.o
 .debug_ranges  0x0000000000001160       0xc0 Middlewares/ST/STM32_USB_Host_Library/Core/Src/usbh_core.o
 .debug_ranges  0x0000000000001220       0x30 Middlewares/ST/STM32_USB_Host_Library/Core/Src/usbh_pipes.o
 .debug_ranges  0x0000000000001250      0x1c8 Middlewares/Third_Party/FreeRTOS/Source/CMSIS_RTOS/cmsis_os.o
 .debug_ranges  0x0000000000001418       0x30 Middlewares/Third_Party/FreeRTOS/Source/list.o
 .debug_ranges  0x0000000000001448       0xf8 Middlewares/Third_Party/FreeRTOS/Source/queue.o
 .debug_ranges  0x0000000000001540      0x198 Middlewares/Third_Party/FreeRTOS/Source/tasks.o
 .debug_ranges  0x00000000000016d8       0x70 Middlewares/Third_Party/FreeRTOS/Source/portable/GCC/ARM_CM4F/port.o
 .debug_ranges  0x0000000000001748       0x40 Middlewares/Third_Party/FreeRTOS/Source/portable/MemMang/heap_4.o
 .debug_ranges  0x0000000000001788       0xc8 USB_HOST/Target/usbh_conf.o

.debug_macro    0x0000000000000000    0x198f5
 .debug_macro   0x0000000000000000      0x290 Core/Src/freertos.o
 .debug_macro   0x0000000000000290      0xa5a Core/Src/freertos.o
 .debug_macro   0x0000000000000cea      0x174 Core/Src/freertos.o
 .debug_macro   0x0000000000000e5e       0x22 Core/Src/freertos.o
 .debug_macro   0x0000000000000e80       0x8e Core/Src/freertos.o
 .debug_macro   0x0000000000000f0e       0x51 Core/Src/freertos.o
 .debug_macro   0x0000000000000f5f       0xef Core/Src/freertos.o
 .debug_macro   0x000000000000104e       0x6a Core/Src/freertos.o
 .debug_macro   0x00000000000010b8      0x1df Core/Src/freertos.o
 .debug_macro   0x0000000000001297       0xd6 Core/Src/freertos.o
 .debug_macro   0x000000000000136d      0x15a Core/Src/freertos.o
 .debug_macro   0x00000000000014c7       0xd7 Core/Src/freertos.o
 .debug_macro   0x000000000000159e       0x10 Core/Src/freertos.o
 .debug_macro   0x00000000000015ae       0x1f Core/Src/freertos.o
 .debug_macro   0x00000000000015cd      0x4b7 Core/Src/freertos.o
 .debug_macro   0x0000000000001a84       0xb5 Core/Src/freertos.o
 .debug_macro   0x0000000000001b39       0x8c Core/Src/freertos.o
 .debug_macro   0x0000000000001bc5      0x19c Core/Src/freertos.o
 .debug_macro   0x0000000000001d61       0x32 Core/Src/freertos.o
 .debug_macro   0x0000000000001d93       0x28 Core/Src/freertos.o
 .debug_macro   0x0000000000001dbb       0x1c Core/Src/freertos.o
 .debug_macro   0x0000000000001dd7       0x22 Core/Src/freertos.o
 .debug_macro   0x0000000000001df9       0xdf Core/Src/freertos.o
 .debug_macro   0x0000000000001ed8     0x102d Core/Src/freertos.o
 .debug_macro   0x0000000000002f05      0x11f Core/Src/freertos.o
 .debug_macro   0x0000000000003024     0xb937 Core/Src/freertos.o
 .debug_macro   0x000000000000e95b       0x43 Core/Src/freertos.o
 .debug_macro   0x000000000000e99e     0x3652 Core/Src/freertos.o
 .debug_macro   0x0000000000011ff0       0x5a Core/Src/freertos.o
 .debug_macro   0x000000000001204a      0x447 Core/Src/freertos.o
 .debug_macro   0x0000000000012491      0x9fe Core/Src/freertos.o
 .debug_macro   0x0000000000012e8f      0x15f Core/Src/freertos.o
 .debug_macro   0x0000000000012fee      0x117 Core/Src/freertos.o
 .debug_macro   0x0000000000013105      0x11b Core/Src/freertos.o
 .debug_macro   0x0000000000013220       0x27 Core/Src/freertos.o
 .debug_macro   0x0000000000013247      0x287 Core/Src/freertos.o
 .debug_macro   0x00000000000134ce       0x5f Core/Src/freertos.o
 .debug_macro   0x000000000001352d      0x236 Core/Src/freertos.o
 .debug_macro   0x0000000000013763      0x132 Core/Src/freertos.o
 .debug_macro   0x0000000000013895      0x264 Core/Src/freertos.o
 .debug_macro   0x0000000000013af9       0x2e Core/Src/freertos.o
 .debug_macro   0x0000000000013b27      0x1b5 Core/Src/freertos.o
 .debug_macro   0x0000000000013cdc       0x22 Core/Src/freertos.o
 .debug_macro   0x0000000000013cfe       0xd6 Core/Src/freertos.o
 .debug_macro   0x0000000000013dd4      0x199 Core/Src/freertos.o
 .debug_macro   0x0000000000013f6d       0x40 Core/Src/freertos.o
 .debug_macro   0x0000000000013fad       0x4a Core/Src/freertos.o
 .debug_macro   0x0000000000013ff7      0x11a Core/Src/freertos.o
 .debug_macro   0x0000000000014111       0x85 Core/Src/freertos.o
 .debug_macro   0x0000000000014196       0x89 Core/Src/freertos.o
 .debug_macro   0x000000000001421f      0x225 Core/Src/freertos.o
 .debug_macro   0x0000000000014444      0x8a0 Core/Src/freertos.o
 .debug_macro   0x0000000000014ce4       0x47 Core/Src/freertos.o
 .debug_macro   0x0000000000014d2b      0x225 Core/Src/freertos.o
 .debug_macro   0x0000000000014f50       0x68 Core/Src/freertos.o
 .debug_macro   0x0000000000014fb8      0x126 Core/Src/freertos.o
 .debug_macro   0x00000000000150de      0x19d Core/Src/freertos.o
 .debug_macro   0x000000000001527b      0x2e5 Core/Src/main.o
 .debug_macro   0x0000000000015560       0xd6 Core/Src/main.o
 .debug_macro   0x0000000000015636       0x91 Core/Src/main.o
 .debug_macro   0x00000000000156c7       0x8d Core/Src/main.o
 .debug_macro   0x0000000000015754       0x7e Core/Src/main.o
 .debug_macro   0x00000000000157d2       0x19 Core/Src/main.o
 .debug_macro   0x00000000000157eb       0xf2 Core/Src/main.o
 .debug_macro   0x00000000000158dd      0x228 Core/Src/stm32f4xx_hal_msp.o
 .debug_macro   0x0000000000015b05      0x219 Core/Src/stm32f4xx_hal_timebase_tim.o
 .debug_macro   0x0000000000015d1e      0x29a Core/Src/stm32f4xx_it.o
 .debug_macro   0x0000000000015fb8      0x21f Core/Src/system_stm32f4xx.o
 .debug_macro   0x00000000000161d7      0x279 Drivers/STM32F4xx_HAL_Driver/Src/stm32f4xx_hal.o
 .debug_macro   0x0000000000016450      0x219 Drivers/STM32F4xx_HAL_Driver/Src/stm32f4xx_hal_cortex.o
 .debug_macro   0x0000000000016669      0x24f Drivers/STM32F4xx_HAL_Driver/Src/stm32f4xx_hal_gpio.o
 .debug_macro   0x00000000000168b8      0x219 Drivers/STM32F4xx_HAL_Driver/Src/stm32f4xx_hal_hcd.o
 .debug_macro   0x0000000000016ad1      0x259 Drivers/STM32F4xx_HAL_Driver/Src/stm32f4xx_hal_i2c.o
 .debug_macro   0x0000000000016d2a      0x21a Drivers/STM32F4xx_HAL_Driver/Src/stm32f4xx_hal_i2s.o
 .debug_macro   0x0000000000016f44      0x219 Drivers/STM32F4xx_HAL_Driver/Src/stm32f4xx_hal_i2s_ex.o
 .debug_macro   0x000000000001715d      0x23d Drivers/STM32F4xx_HAL_Driver/Src/stm32f4xx_hal_rcc.o
 .debug_macro   0x000000000001739a      0x219 Drivers/STM32F4xx_HAL_Driver/Src/stm32f4xx_hal_rcc_ex.o
 .debug_macro   0x00000000000175b3      0x228 Drivers/STM32F4xx_HAL_Driver/Src/stm32f4xx_hal_spi.o
 .debug_macro   0x00000000000177db      0x21a Drivers/STM32F4xx_HAL_Driver/Src/stm32f4xx_hal_tim.o
 .debug_macro   0x00000000000179f5      0x219 Drivers/STM32F4xx_HAL_Driver/Src/stm32f4xx_hal_tim_ex.o
 .debug_macro   0x0000000000017c0e      0x219 Drivers/STM32F4xx_HAL_Driver/Src/stm32f4xx_ll_usb.o
 .debug_macro   0x0000000000017e27      0x4f3 Middlewares/ST/STM32_USB_Host_Library/Core/Src/usbh_core.o
 .debug_macro   0x000000000001831a      0x4e5 Middlewares/ST/STM32_USB_Host_Library/Core/Src/usbh_pipes.o
 .debug_macro   0x00000000000187ff      0x1f1 Middlewares/Third_Party/FreeRTOS/Source/CMSIS_RTOS/cmsis_os.o
 .debug_macro   0x00000000000189f0       0x10 Middlewares/Third_Party/FreeRTOS/Source/CMSIS_RTOS/cmsis_os.o
 .debug_macro   0x0000000000018a00       0xc7 Middlewares/Third_Party/FreeRTOS/Source/CMSIS_RTOS/cmsis_os.o
 .debug_macro   0x0000000000018ac7      0x17a Middlewares/Third_Party/FreeRTOS/Source/list.o
 .debug_macro   0x0000000000018c41      0x205 Middlewares/Third_Party/FreeRTOS/Source/queue.o
 .debug_macro   0x0000000000018e46      0x273 Middlewares/Third_Party/FreeRTOS/Source/tasks.o
 .debug_macro   0x00000000000190b9       0x10 Middlewares/Third_Party/FreeRTOS/Source/tasks.o
 .debug_macro   0x00000000000190c9      0x196 Middlewares/Third_Party/FreeRTOS/Source/portable/GCC/ARM_CM4F/port.o
 .debug_macro   0x000000000001925f      0x1a1 Middlewares/Third_Party/FreeRTOS/Source/portable/MemMang/heap_4.o
 .debug_macro   0x0000000000019400      0x4f5 USB_HOST/Target/usbh_conf.o

.debug_line     0x0000000000000000    0x1505a
 .debug_line    0x0000000000000000      0x81d Core/Src/freertos.o
 .debug_line    0x000000000000081d      0xa71 Core/Src/main.o
 .debug_line    0x000000000000128e      0x7db Core/Src/stm32f4xx_hal_msp.o
 .debug_line    0x0000000000001a69      0x757 Core/Src/stm32f4xx_hal_timebase_tim.o
 .debug_line    0x00000000000021c0      0x8ba Core/Src/stm32f4xx_it.o
 .debug_line    0x0000000000002a7a      0x73e Core/Src/system_stm32f4xx.o
 .debug_line    0x00000000000031b8       0x86 Core/Startup/startup_stm32f411vetx.o
 .debug_line    0x000000000000323e      0x928 Drivers/STM32F4xx_HAL_Driver/Src/stm32f4xx_hal.o
 .debug_line    0x0000000000003b66      0xa4c Drivers/STM32F4xx_HAL_Driver/Src/stm32f4xx_hal_cortex.o
 .debug_line    0x00000000000045b2      0x8cb Drivers/STM32F4xx_HAL_Driver/Src/stm32f4xx_hal_gpio.o
 .debug_line    0x0000000000004e7d      0xba6 Drivers/STM32F4xx_HAL_Driver/Src/stm32f4xx_hal_hcd.o
 .debug_line    0x0000000000005a23     0x1b62 Drivers/STM32F4xx_HAL_Driver/Src/stm32f4xx_hal_i2c.o
 .debug_line    0x0000000000007585      0xce0 Drivers/STM32F4xx_HAL_Driver/Src/stm32f4xx_hal_i2s.o
 .debug_line    0x0000000000008265      0xef2 Drivers/STM32F4xx_HAL_Driver/Src/stm32f4xx_hal_i2s_ex.o
 .debug_line    0x0000000000009157      0x980 Drivers/STM32F4xx_HAL_Driver/Src/stm32f4xx_hal_rcc.o
 .debug_line    0x0000000000009ad7      0x865 Drivers/STM32F4xx_HAL_Driver/Src/stm32f4xx_hal_rcc_ex.o
 .debug_line    0x000000000000a33c     0x10db Drivers/STM32F4xx_HAL_Driver/Src/stm32f4xx_hal_spi.o
 .debug_line    0x000000000000b417     0x17e5 Drivers/STM32F4xx_HAL_Driver/Src/stm32f4xx_hal_tim.o
 .debug_line    0x000000000000cbfc      0xd33 Drivers/STM32F4xx_HAL_Driver/Src/stm32f4xx_hal_tim_ex.o
 .debug_line    0x000000000000d92f      0xe4a Drivers/STM32F4xx_HAL_Driver/Src/stm32f4xx_ll_usb.o
 .debug_line    0x000000000000e779      0xec8 Middlewares/ST/STM32_USB_Host_Library/Core/Src/usbh_core.o
 .debug_line    0x000000000000f641      0xbde Middlewares/ST/STM32_USB_Host_Library/Core/Src/usbh_pipes.o
 .debug_line    0x000000000001021f      0xc89 Middlewares/Third_Party/FreeRTOS/Source/CMSIS_RTOS/cmsis_os.o
 .debug_line    0x0000000000010ea8      0x635 Middlewares/Third_Party/FreeRTOS/Source/list.o
 .debug_line    0x00000000000114dd      0xf36 Middlewares/Third_Party/FreeRTOS/Source/queue.o
 .debug_line    0x0000000000012413     0x113c Middlewares/Third_Party/FreeRTOS/Source/tasks.o
 .debug_line    0x000000000001354f      0x677 Middlewares/Third_Party/FreeRTOS/Source/portable/GCC/ARM_CM4F/port.o
 .debug_line    0x0000000000013bc6      0x71b Middlewares/Third_Party/FreeRTOS/Source/portable/MemMang/heap_4.o
 .debug_line    0x00000000000142e1      0xd79 USB_HOST/Target/usbh_conf.o

.debug_str      0x0000000000000000    0x9cb8c
 .debug_str     0x0000000000000000    0x8c4df Core/Src/freertos.o
                                      0x8c7aa (size before relaxing)
 .debug_str     0x000000000008c4df     0x321f Core/Src/main.o
                                      0x8fa83 (size before relaxing)
 .debug_str     0x000000000008f6fe      0x42d Core/Src/stm32f4xx_hal_msp.o
                                      0x89a23 (size before relaxing)
 .debug_str     0x000000000008fb2b       0xaa Core/Src/stm32f4xx_hal_timebase_tim.o
                                      0x88fa7 (size before relaxing)
 .debug_str     0x000000000008fbd5      0x42b Core/Src/stm32f4xx_it.o
                                      0x8cefa (size before relaxing)
 .debug_str     0x0000000000090000       0xc4 Core/Src/system_stm32f4xx.o
                                      0x88789 (size before relaxing)
 .debug_str     0x00000000000900c4       0x36 Core/Startup/startup_stm32f411vetx.o
                                         0x4d (size before relaxing)
 .debug_str     0x00000000000900fa      0x542 Drivers/STM32F4xx_HAL_Driver/Src/stm32f4xx_hal.o
                                      0x890fe (size before relaxing)
 .debug_str     0x000000000009063c      0x389 Drivers/STM32F4xx_HAL_Driver/Src/stm32f4xx_hal_cortex.o
                                      0x88edb (size before relaxing)
 .debug_str     0x00000000000909c5      0x20c Drivers/STM32F4xx_HAL_Driver/Src/stm32f4xx_hal_gpio.o
                                      0x889c8 (size before relaxing)
 .debug_str     0x0000000000090bd1      0x3c2 Drivers/STM32F4xx_HAL_Driver/Src/stm32f4xx_hal_hcd.o
                                      0x88dd1 (size before relaxing)
 .debug_str     0x0000000000090f93      0xa64 Drivers/STM32F4xx_HAL_Driver/Src/stm32f4xx_hal_i2c.o
                                      0x896c5 (size before relaxing)
 .debug_str     0x00000000000919f7      0x266 Drivers/STM32F4xx_HAL_Driver/Src/stm32f4xx_hal_i2s.o
                                      0x88d15 (size before relaxing)
 .debug_str     0x0000000000091c5d      0x1f1 Drivers/STM32F4xx_HAL_Driver/Src/stm32f4xx_hal_i2s_ex.o
                                      0x88c69 (size before relaxing)
 .debug_str     0x0000000000091e4e      0x244 Drivers/STM32F4xx_HAL_Driver/Src/stm32f4xx_hal_rcc.o
                                      0x88b76 (size before relaxing)
 .debug_str     0x0000000000092092      0x12b Drivers/STM32F4xx_HAL_Driver/Src/stm32f4xx_hal_rcc_ex.o
                                      0x888f4 (size before relaxing)
 .debug_str     0x00000000000921bd      0x520 Drivers/STM32F4xx_HAL_Driver/Src/stm32f4xx_hal_spi.o
                                      0x88fe5 (size before relaxing)
 .debug_str     0x00000000000926dd      0xd69 Drivers/STM32F4xx_HAL_Driver/Src/stm32f4xx_hal_tim.o
                                      0x89883 (size before relaxing)
 .debug_str     0x0000000000093446      0x4ec Drivers/STM32F4xx_HAL_Driver/Src/stm32f4xx_hal_tim_ex.o
                                      0x89083 (size before relaxing)
 .debug_str     0x0000000000093932      0x62b Drivers/STM32F4xx_HAL_Driver/Src/stm32f4xx_ll_usb.o
                                      0x8904b (size before relaxing)
 .debug_str     0x0000000000093f5d     0x5e9a Middlewares/ST/STM32_USB_Host_Library/Core/Src/usbh_core.o
                                      0x94a6d (size before relaxing)
 .debug_str     0x0000000000099df7       0xa0 Middlewares/ST/STM32_USB_Host_Library/Core/Src/usbh_pipes.o
                                      0x94405 (size before relaxing)
 .debug_str     0x0000000000099e97      0x5d5 Middlewares/Third_Party/FreeRTOS/Source/CMSIS_RTOS/cmsis_os.o
                                       0xdd7b (size before relaxing)
 .debug_str     0x000000000009a46c      0x139 Middlewares/Third_Party/FreeRTOS/Source/list.o
                                       0xa4c3 (size before relaxing)
 .debug_str     0x000000000009a5a5      0x7cb Middlewares/Third_Party/FreeRTOS/Source/queue.o
                                       0xbb77 (size before relaxing)
 .debug_str     0x000000000009ad70     0x11ca Middlewares/Third_Party/FreeRTOS/Source/tasks.o
                                       0xc6b0 (size before relaxing)
 .debug_str     0x000000000009bf3a      0x803 Middlewares/Third_Party/FreeRTOS/Source/portable/GCC/ARM_CM4F/port.o
                                       0x81bc (size before relaxing)
 .debug_str     0x000000000009c73d      0x25a Middlewares/Third_Party/FreeRTOS/Source/portable/MemMang/heap_4.o
                                       0xabe6 (size before relaxing)
 .debug_str     0x000000000009c997      0x1f5 USB_HOST/Target/usbh_conf.o
                                      0x94ff0 (size before relaxing)

.comment        0x0000000000000000       0x7b
 .comment       0x0000000000000000       0x7b Core/Src/freertos.o
                                         0x7c (size before relaxing)
 .comment       0x000000000000007b       0x7c Core/Src/main.o
 .comment       0x000000000000007b       0x7c Core/Src/stm32f4xx_hal_msp.o
 .comment       0x000000000000007b       0x7c Core/Src/stm32f4xx_hal_timebase_tim.o
 .comment       0x000000000000007b       0x7c Core/Src/stm32f4xx_it.o
 .comment       0x000000000000007b       0x7c Core/Src/system_stm32f4xx.o
 .comment       0x000000000000007b       0x7c Drivers/STM32F4xx_HAL_Driver/Src/stm32f4xx_hal.o
 .comment       0x000000000000007b       0x7c Drivers/STM32F4xx_HAL_Driver/Src/stm32f4xx_hal_cortex.o
 .comment       0x000000000000007b       0x7c Drivers/STM32F4xx_HAL_Driver/Src/stm32f4xx_hal_gpio.o
 .comment       0x000000000000007b       0x7c Drivers/STM32F4xx_HAL_Driver/Src/stm32f4xx_hal_hcd.o
 .comment       0x000000000000007b       0x7c Drivers/STM32F4xx_HAL_Driver/Src/stm32f4xx_hal_i2c.o
 .comment       0x000000000000007b       0x7c Drivers/STM32F4xx_HAL_Driver/Src/stm32f4xx_hal_i2s.o
 .comment       0x000000000000007b       0x7c Drivers/STM32F4xx_HAL_Driver/Src/stm32f4xx_hal_i2s_ex.o
 .comment       0x000000000000007b       0x7c Drivers/STM32F4xx_HAL_Driver/Src/stm32f4xx_hal_rcc.o
 .comment       0x000000000000007b       0x7c Drivers/STM32F4xx_HAL_Driver/Src/stm32f4xx_hal_rcc_ex.o
 .comment       0x000000000000007b       0x7c Drivers/STM32F4xx_HAL_Driver/Src/stm32f4xx_hal_spi.o
 .comment       0x000000000000007b       0x7c Drivers/STM32F4xx_HAL_Driver/Src/stm32f4xx_hal_tim.o