Archive member included to satisfy reference by file (symbol)

c:/rtos/stm32cubeide_1.1.0/plugins/com.st.stm32cube.ide.mcu.externaltools.gnu-tools-for-stm32.7-2018-q2-update.win32_1.0.0.201904181610/tools/bin/../lib/gcc/arm-none-eabi/7.3.1/../../../../arm-none-eabi/lib/thumb/v7e-m/fpv4-sp/hard\libc_nano.a(lib_a-errno.o)
                              Core/Src/syscalls.o (__errno)
c:/rtos/stm32cubeide_1.1.0/plugins/com.st.stm32cube.ide.mcu.externaltools.gnu-tools-for-stm32.7-2018-q2-update.win32_1.0.0.201904181610/tools/bin/../lib/gcc/arm-none-eabi/7.3.1/../../../../arm-none-eabi/lib/thumb/v7e-m/fpv4-sp/hard\libc_nano.a(lib_a-exit.o)
                              c:/rtos/stm32cubeide_1.1.0/plugins/com.st.stm32cube.ide.mcu.externaltools.gnu-tools-for-stm32.7-2018-q2-update.win32_1.0.0.201904181610/tools/bin/../lib/gcc/arm-none-eabi/7.3.1/../../../../arm-none-eabi/lib/thumb/v7e-m/fpv4-sp/hard/crt0.o (exit)
c:/rtos/stm32cubeide_1.1.0/plugins/com.st.stm32cube.ide.mcu.externaltools.gnu-tools-for-stm32.7-2018-q2-update.win32_1.0.0.201904181610/tools/bin/../lib/gcc/arm-none-eabi/7.3.1/../../../../arm-none-eabi/lib/thumb/v7e-m/fpv4-sp/hard\libc_nano.a(lib_a-impure.o)
                              c:/rtos/stm32cubeide_1.1.0/plugins/com.st.stm32cube.ide.mcu.externaltools.gnu-tools-for-stm32.7-2018-q2-update.win32_1.0.0.201904181610/tools/bin/../lib/gcc/arm-none-eabi/7.3.1/../../../../arm-none-eabi/lib/thumb/v7e-m/fpv4-sp/hard\libc_nano.a(lib_a-exit.o) (_global_impure_ptr)
c:/rtos/stm32cubeide_1.1.0/plugins/com.st.stm32cube.ide.mcu.externaltools.gnu-tools-for-stm32.7-2018-q2-update.win32_1.0.0.201904181610/tools/bin/../lib/gcc/arm-none-eabi/7.3.1/../../../../arm-none-eabi/lib/thumb/v7e-m/fpv4-sp/hard\libc_nano.a(lib_a-init.o)
                              c:/rtos/stm32cubeide_1.1.0/plugins/com.st.stm32cube.ide.mcu.externaltools.gnu-tools-for-stm32.7-2018-q2-update.win32_1.0.0.201904181610/tools/bin/../lib/gcc/arm-none-eabi/7.3.1/../../../../arm-none-eabi/lib/thumb/v7e-m/fpv4-sp/hard/crt0.o (__libc_init_array)
c:/rtos/stm32cubeide_1.1.0/plugins/com.st.stm32cube.ide.mcu.externaltools.gnu-tools-for-stm32.7-2018-q2-update.win32_1.0.0.201904181610/tools/bin/../lib/gcc/arm-none-eabi/7.3.1/../../../../arm-none-eabi/lib/thumb/v7e-m/fpv4-sp/hard\libc_nano.a(lib_a-memcpy-stub.o)
                              Middlewares/Third_Party/FreeRTOS/Source/queue.o (memcpy)
c:/rtos/stm32cubeide_1.1.0/plugins/com.st.stm32cube.ide.mcu.externaltools.gnu-tools-for-stm32.7-2018-q2-update.win32_1.0.0.201904181610/tools/bin/../lib/gcc/arm-none-eabi/7.3.1/../../../../arm-none-eabi/lib/thumb/v7e-m/fpv4-sp/hard\libc_nano.a(lib_a-memset.o)
                              c:/rtos/stm32cubeide_1.1.0/plugins/com.st.stm32cube.ide.mcu.externaltools.gnu-tools-for-stm32.7-2018-q2-update.win32_1.0.0.201904181610/tools/bin/../lib/gcc/arm-none-eabi/7.3.1/../../../../arm-none-eabi/lib/thumb/v7e-m/fpv4-sp/hard/crt0.o (memset)
c:/rtos/stm32cubeide_1.1.0/plugins/com.st.stm32cube.ide.mcu.externaltools.gnu-tools-for-stm32.7-2018-q2-update.win32_1.0.0.201904181610/tools/bin/../lib/gcc/arm-none-eabi/7.3.1/thumb/v7e-m/fpv4-sp/hard\libgcc.a(_aeabi_uldivmod.o)
                              Drivers/STM32F4xx_HAL_Driver/Src/stm32f4xx_hal_rcc.o (__aeabi_uldivmod)
c:/rtos/stm32cubeide_1.1.0/plugins/com.st.stm32cube.ide.mcu.externaltools.gnu-tools-for-stm32.7-2018-q2-update.win32_1.0.0.201904181610/tools/bin/../lib/gcc/arm-none-eabi/7.3.1/thumb/v7e-m/fpv4-sp/hard\libgcc.a(_udivmoddi4.o)
                              c:/rtos/stm32cubeide_1.1.0/plugins/com.st.stm32cube.ide.mcu.externaltools.gnu-tools-for-stm32.7-2018-q2-update.win32_1.0.0.201904181610/tools/bin/../lib/gcc/arm-none-eabi/7.3.1/thumb/v7e-m/fpv4-sp/hard\libgcc.a(_aeabi_uldivmod.o) (__udivmoddi4)
c:/rtos/stm32cubeide_1.1.0/plugins/com.st.stm32cube.ide.mcu.externaltools.gnu-tools-for-stm32.7-2018-q2-update.win32_1.0.0.201904181610/tools/bin/../lib/gcc/arm-none-eabi/7.3.1/thumb/v7e-m/fpv4-sp/hard\libgcc.a(_dvmd_tls.o)
                              c:/rtos/stm32cubeide_1.1.0/plugins/com.st.stm32cube.ide.mcu.externaltools.gnu-tools-for-stm32.7-2018-q2-update.win32_1.0.0.201904181610/tools/bin/../lib/gcc/arm-none-eabi/7.3.1/thumb/v7e-m/fpv4-sp/hard\libgcc.a(_aeabi_uldivmod.o) (__aeabi_ldiv0)

Allocating common symbols
Common symbol       size              file

SemaSync1Handle     0x4               Core/Src/main.o
defaultTaskHandle   0x4               Core/Src/main.o
hi2c1               0x54              Core/Src/main.o
uwTick              0x4               Drivers/STM32F4xx_HAL_Driver/Src/stm32f4xx_hal.o
xQueueRegistry      0x40              Middlewares/Third_Party/FreeRTOS/Source/queue.o
pFlash              0x20              Drivers/STM32F4xx_HAL_Driver/Src/stm32f4xx_hal_flash.o
RedTaskHandle       0x4               Core/Src/main.o
htim1               0x40              Core/Src/stm32f4xx_hal_timebase_tim.o
GreenTaskHandle     0x4               Core/Src/main.o
hspi1               0x58              Core/Src/main.o
[...]
Memory Configuration

Name             Origin             Length             Attributes
RAM              0x0000000020000000 0x0000000000020000 xrw
FLASH            0x0000000008000000 0x0000000000080000 xr
*default*        0x0000000000000000 0xffffffffffffffff

Linker script and memory map

LOAD c:/rtos/stm32cubeide_1.1.0/plugins/com.st.stm32cube.ide.mcu.externaltools.gnu-tools-for-stm32.7-2018-q2-update.win32_1.0.0.201904181610/tools/bin/../lib/gcc/arm-none-eabi/7.3.1/thumb/v7e-m/fpv4-sp/hard/crti.o
LOAD c:/rtos/stm32cubeide_1.1.0/plugins/com.st.stm32cube.ide.mcu.externaltools.gnu-tools-for-stm32.7-2018-q2-update.win32_1.0.0.201904181610/tools/bin/../lib/gcc/arm-none-eabi/7.3.1/thumb/v7e-m/fpv4-sp/hard/crtbegin.o
LOAD c:/rtos/stm32cubeide_1.1.0/plugins/com.st.stm32cube.ide.mcu.externaltools.gnu-tools-for-stm32.7-2018-q2-update.win32_1.0.0.201904181610/tools/bin/../lib/gcc/arm-none-eabi/7.3.1/../../../../arm-none-eabi/lib/thumb/v7e-m/fpv4-sp/hard/crt0.o
LOAD Core/Src/blink_leds.o
LOAD Core/Src/freertos.o
LOAD Core/Src/main.o
LOAD Core/Src/my_flags.o
LOAD Core/Src/stm32f4xx_hal_msp.o
LOAD Core/Src/stm32f4xx_hal_timebase_tim.o
LOAD Core/Src/stm32f4xx_it.o
LOAD Core/Src/syscalls.o
LOAD Core/Src/sysmem.o
LOAD Core/Src/system_stm32f4xx.o
LOAD Core/Startup/startup_stm32f411vetx.o
LOAD Drivers/STM32F4xx_HAL_Driver/Src/stm32f4xx_hal.o
LOAD Drivers/STM32F4xx_HAL_Driver/Src/stm32f4xx_hal_cortex.o
LOAD Drivers/STM32F4xx_HAL_Driver/Src/stm32f4xx_hal_dma.o
LOAD Drivers/STM32F4xx_HAL_Driver/Src/stm32f4xx_hal_dma_ex.o
LOAD Drivers/STM32F4xx_HAL_Driver/Src/stm32f4xx_hal_exti.o
LOAD Drivers/STM32F4xx_HAL_Driver/Src/stm32f4xx_hal_flash.o
LOAD Drivers/STM32F4xx_HAL_Driver/Src/stm32f4xx_hal_flash_ex.o
LOAD Drivers/STM32F4xx_HAL_Driver/Src/stm32f4xx_hal_flash_ramfunc.o
LOAD Drivers/STM32F4xx_HAL_Driver/Src/stm32f4xx_hal_gpio.o
LOAD Drivers/STM32F4xx_HAL_Driver/Src/stm32f4xx_hal_hcd.o
LOAD Drivers/STM32F4xx_HAL_Driver/Src/stm32f4xx_hal_i2c.o
LOAD Drivers/STM32F4xx_HAL_Driver/Src/stm32f4xx_hal_i2c_ex.o
LOAD Drivers/STM32F4xx_HAL_Driver/Src/stm32f4xx_hal_i2s.o
LOAD Drivers/STM32F4xx_HAL_Driver/Src/stm32f4xx_hal_i2s_ex.o
LOAD Drivers/STM32F4xx_HAL_Driver/Src/stm32f4xx_hal_pwr.o
LOAD Drivers/STM32F4xx_HAL_Driver/Src/stm32f4xx_hal_pwr_ex.o
LOAD Drivers/STM32F4xx_HAL_Driver/Src/stm32f4xx_hal_rcc.o
LOAD Drivers/STM32F4xx_HAL_Driver/Src/stm32f4xx_hal_rcc_ex.o
LOAD Drivers/STM32F4xx_HAL_Driver/Src/stm32f4xx_hal_spi.o
LOAD Drivers/STM32F4xx_HAL_Driver/Src/stm32f4xx_hal_tim.o
LOAD Drivers/STM32F4xx_HAL_Driver/Src/stm32f4xx_hal_tim_ex.o
LOAD Drivers/STM32F4xx_HAL_Driver/Src/stm32f4xx_ll_usb.o
LOAD Middlewares/Third_Party/FreeRTOS/Source/CMSIS_RTOS/cmsis_os.o
LOAD Middlewares/Third_Party/FreeRTOS/Source/croutine.o
LOAD Middlewares/Third_Party/FreeRTOS/Source/event_groups.o
LOAD Middlewares/Third_Party/FreeRTOS/Source/list.o
LOAD Middlewares/Third_Party/FreeRTOS/Source/queue.o
LOAD Middlewares/Third_Party/FreeRTOS/Source/stream_buffer.o
LOAD Middlewares/Third_Party/FreeRTOS/Source/tasks.o
LOAD Middlewares/Third_Party/FreeRTOS/Source/timers.o
LOAD Middlewares/Third_Party/FreeRTOS/Source/portable/GCC/ARM_CM4F/port.o
LOAD Middlewares/Third_Party/FreeRTOS/Source/portable/MemMang/heap_4.o
START GROUP
LOAD c:/rtos/stm32cubeide_1.1.0/plugins/com.st.stm32cube.ide.mcu.externaltools.gnu-tools-for-stm32.7-2018-q2-update.win32_1.0.0.201904181610/tools/bin/../lib/gcc/arm-none-eabi/7.3.1/../../../../arm-none-eabi/lib/thumb/v7e-m/fpv4-sp/hard\libstdc++_nano.a
LOAD c:/rtos/stm32cubeide_1.1.0/plugins/com.st.stm32cube.ide.mcu.externaltools.gnu-tools-for-stm32.7-2018-q2-update.win32_1.0.0.201904181610/tools/bin/../lib/gcc/arm-none-eabi/7.3.1/../../../../arm-none-eabi/lib/thumb/v7e-m/fpv4-sp/hard\libsupc++_nano.a
END GROUP
LOAD c:/rtos/stm32cubeide_1.1.0/plugins/com.st.stm32cube.ide.mcu.externaltools.gnu-tools-for-stm32.7-2018-q2-update.win32_1.0.0.201904181610/tools/bin/../lib/gcc/arm-none-eabi/7.3.1/../../../../arm-none-eabi/lib/thumb/v7e-m/fpv4-sp/hard\libstdc++_nano.a
LOAD c:/rtos/stm32cubeide_1.1.0/plugins/com.st.stm32cube.ide.mcu.externaltools.gnu-tools-for-stm32.7-2018-q2-update.win32_1.0.0.201904181610/tools/bin/../lib/gcc/arm-none-eabi/7.3.1/../../../../arm-none-eabi/lib/thumb/v7e-m/fpv4-sp/hard\libm.a
LOAD c:/rtos/stm32cubeide_1.1.0/plugins/com.st.stm32cube.ide.mcu.externaltools.gnu-tools-for-stm32.7-2018-q2-update.win32_1.0.0.201904181610/tools/bin/../lib/gcc/arm-none-eabi/7.3.1/../../../../arm-none-eabi/lib/thumb/v7e-m/fpv4-sp/hard\libc_nano.a
START GROUP
LOAD c:/rtos/stm32cubeide_1.1.0/plugins/com.st.stm32cube.ide.mcu.externaltools.gnu-tools-for-stm32.7-2018-q2-update.win32_1.0.0.201904181610/tools/bin/../lib/gcc/arm-none-eabi/7.3.1/thumb/v7e-m/fpv4-sp/hard\libgcc.a
LOAD c:/rtos/stm32cubeide_1.1.0/plugins/com.st.stm32cube.ide.mcu.externaltools.gnu-tools-for-stm32.7-2018-q2-update.win32_1.0.0.201904181610/tools/bin/../lib/gcc/arm-none-eabi/7.3.1/../../../../arm-none-eabi/lib/thumb/v7e-m/fpv4-sp/hard\libc_nano.a
END GROUP
START GROUP
LOAD c:/rtos/stm32cubeide_1.1.0/plugins/com.st.stm32cube.ide.mcu.externaltools.gnu-tools-for-stm32.7-2018-q2-update.win32_1.0.0.201904181610/tools/bin/../lib/gcc/arm-none-eabi/7.3.1/thumb/v7e-m/fpv4-sp/hard\libgcc.a
LOAD c:/rtos/stm32cubeide_1.1.0/plugins/com.st.stm32cube.ide.mcu.externaltools.gnu-tools-for-stm32.7-2018-q2-update.win32_1.0.0.201904181610/tools/bin/../lib/gcc/arm-none-eabi/7.3.1/../../../../arm-none-eabi/lib/thumb/v7e-m/fpv4-sp/hard\libc_nano.a
LOAD c:/rtos/stm32cubeide_1.1.0/plugins/com.st.stm32cube.ide.mcu.externaltools.gnu-tools-for-stm32.7-2018-q2-update.win32_1.0.0.201904181610/tools/bin/../lib/gcc/arm-none-eabi/7.3.1/../../../../arm-none-eabi/lib/thumb/v7e-m/fpv4-sp/hard\libnosys.a
END GROUP
START GROUP
LOAD c:/rtos/stm32cubeide_1.1.0/plugins/com.st.stm32cube.ide.mcu.externaltools.gnu-tools-for-stm32.7-2018-q2-update.win32_1.0.0.201904181610/tools/bin/../lib/gcc/arm-none-eabi/7.3.1/thumb/v7e-m/fpv4-sp/hard\libgcc.a
LOAD c:/rtos/stm32cubeide_1.1.0/plugins/com.st.stm32cube.ide.mcu.externaltools.gnu-tools-for-stm32.7-2018-q2-update.win32_1.0.0.201904181610/tools/bin/../lib/gcc/arm-none-eabi/7.3.1/../../../../arm-none-eabi/lib/thumb/v7e-m/fpv4-sp/hard\libc_nano.a
LOAD c:/rtos/stm32cubeide_1.1.0/plugins/com.st.stm32cube.ide.mcu.externaltools.gnu-tools-for-stm32.7-2018-q2-update.win32_1.0.0.201904181610/tools/bin/../lib/gcc/arm-none-eabi/7.3.1/../../../../arm-none-eabi/lib/thumb/v7e-m/fpv4-sp/hard\libnosys.a
END GROUP
LOAD c:/rtos/stm32cubeide_1.1.0/plugins/com.st.stm32cube.ide.mcu.externaltools.gnu-tools-for-stm32.7-2018-q2-update.win32_1.0.0.201904181610/tools/bin/../lib/gcc/arm-none-eabi/7.3.1/thumb/v7e-m/fpv4-sp/hard/crtend.o
LOAD c:/rtos/stm32cubeide_1.1.0/plugins/com.st.stm32cube.ide.mcu.externaltools.gnu-tools-for-stm32.7-2018-q2-update.win32_1.0.0.201904181610/tools/bin/../lib/gcc/arm-none-eabi/7.3.1/thumb/v7e-m/fpv4-sp/hard/crtn.o
                0x0000000020020000                _estack = (ORIGIN (RAM) + LENGTH (RAM))
                0x0000000000000200                _Min_Heap_Size = 0x200
                0x0000000000000400                _Min_Stack_Size = 0x400

.isr_vector     0x0000000008000000      0x198
                0x0000000008000000                . = ALIGN (0x4)
 *(.isr_vector)
 .isr_vector    0x0000000008000000      0x198 Core/Startup/startup_stm32f411vetx.o
                0x0000000008000000                g_pfnVectors
                0x0000000008000198                . = ALIGN (0x4)

.text           0x00000000080001a0     0x7454
                0x00000000080001a0                . = ALIGN (0x4)
 *(.text)
 .text          0x00000000080001a0       0x40 c:/rtos/stm32cubeide_1.1.0/plugins/com.st.stm32cube.ide.mcu.externaltools.gnu-tools-for-stm32.7-2018-q2-update.win32_1.0.0.201904181610/tools/bin/../lib/gcc/arm-none-eabi/7.3.1/thumb/v7e-m/fpv4-sp/hard/crtbegin.o
 .text          0x00000000080001e0       0x30 c:/rtos/stm32cubeide_1.1.0/plugins/com.st.stm32cube.ide.mcu.externaltools.gnu-tools-for-stm32.7-2018-q2-update.win32_1.0.0.201904181610/tools/bin/../lib/gcc/arm-none-eabi/7.3.1/thumb/v7e-m/fpv4-sp/hard\libgcc.a(_aeabi_uldivmod.o)
                0x00000000080001e0                __aeabi_uldivmod
 .text          0x0000000008000210      0x2cc c:/rtos/stm32cubeide_1.1.0/plugins/com.st.stm32cube.ide.mcu.externaltools.gnu-tools-for-stm32.7-2018-q2-update.win32_1.0.0.201904181610/tools/bin/../lib/gcc/arm-none-eabi/7.3.1/thumb/v7e-m/fpv4-sp/hard\libgcc.a(_udivmoddi4.o)
                0x0000000008000210                __udivmoddi4
 .text          0x00000000080004dc        0x4 c:/rtos/stm32cubeide_1.1.0/plugins/com.st.stm32cube.ide.mcu.externaltools.gnu-tools-for-stm32.7-2018-q2-update.win32_1.0.0.201904181610/tools/bin/../lib/gcc/arm-none-eabi/7.3.1/thumb/v7e-m/fpv4-sp/hard\libgcc.a(_dvmd_tls.o)
                0x00000000080004dc                __aeabi_idiv0
                0x00000000080004dc                __aeabi_ldiv0
 *(.text*)
 .text.flashLed
                0x00000000080004e0       0x58 Core/Src/blink_leds.o
                0x00000000080004e0                flashLed
 .text.vApplicationGetIdleTaskMemory
                0x0000000008000538       0x34 Core/Src/freertos.o
                0x0000000008000538                vApplicationGetIdleTaskMemory
 .text.main     0x000000000800056c      0x108 Core/Src/main.o
                0x000000000800056c                main
 .text.SystemClock_Config
                0x0000000008000674      0x108 Core/Src/main.o
                0x0000000008000674                SystemClock_Config
 .text.MX_I2C1_Init
                0x000000000800077c       0x5c Core/Src/main.o
 .text.MX_I2S2_Init
                0x00000000080007d8       0x5c Core/Src/main.o
 .text.MX_I2S3_Init
                0x0000000008000834       0x60 Core/Src/main.o
 .text.MX_SPI1_Init
                0x0000000008000894       0x6c Core/Src/main.o
 .text.MX_USB_OTG_FS_HCD_Init
                0x0000000008000900       0x44 Core/Src/main.o
 .text.MX_GPIO_Init
                0x0000000008000944      0x1b4 Core/Src/main.o
 .text.StartDefaultTask
                0x0000000008000af8       0x10 Core/Src/main.o
                0x0000000008000af8                StartDefaultTask
 .text.StartGreenTask
                0x0000000008000b08       0x44 Core/Src/main.o
                0x0000000008000b08                StartGreenTask
 .text.StartRedTask
                0x0000000008000b4c       0x44 Core/Src/main.o
                0x0000000008000b4c                StartRedTask
 .text.HAL_TIM_PeriodElapsedCallback
                0x0000000008000b90       0x24 Core/Src/main.o
                0x0000000008000b90                HAL_TIM_PeriodElapsedCallback
 .text.Error_Handler
                0x0000000008000bb4        0xe Core/Src/main.o
                0x0000000008000bb4                Error_Handler
 *fill*         0x0000000008000bc2        0x2 
 .text.HAL_MspInit
                0x0000000008000bc4       0x58 Core/Src/stm32f4xx_hal_msp.o
                0x0000000008000bc4                HAL_MspInit
 .text.HAL_I2C_MspInit
                0x0000000008000c1c       0x90 Core/Src/stm32f4xx_hal_msp.o
                0x0000000008000c1c                HAL_I2C_MspInit
 .text.HAL_I2S_MspInit
                0x0000000008000cac      0x19c Core/Src/stm32f4xx_hal_msp.o
                0x0000000008000cac                HAL_I2S_MspInit
 .text.HAL_SPI_MspInit
                0x0000000008000e48       0x90 Core/Src/stm32f4xx_hal_msp.o
                0x0000000008000e48                HAL_SPI_MspInit
 .text.HAL_HCD_MspInit
                0x0000000008000ed8       0xc4 Core/Src/stm32f4xx_hal_msp.o
                0x0000000008000ed8                HAL_HCD_MspInit
 .text.HAL_InitTick
                0x0000000008000f9c       0xb0 Core/Src/stm32f4xx_hal_timebase_tim.o
                0x0000000008000f9c                HAL_InitTick
 .text.NMI_Handler
                0x000000000800104c        0xe Core/Src/stm32f4xx_it.o
                0x000000000800104c                NMI_Handler
 .text.HardFault_Handler
                0x000000000800105a        0x6 Core/Src/stm32f4xx_it.o
                0x000000000800105a                HardFault_Handler
 .text.MemManage_Handler
                0x0000000008001060        0x6 Core/Src/stm32f4xx_it.o
                0x0000000008001060                MemManage_Handler
 .text.BusFault_Handler
                0x0000000008001066        0x6 Core/Src/stm32f4xx_it.o
                0x0000000008001066                BusFault_Handler
 .text.UsageFault_Handler
                0x000000000800106c        0x6 Core/Src/stm32f4xx_it.o
                0x000000000800106c                UsageFault_Handler
 .text.DebugMon_Handler
                0x0000000008001072        0xe Core/Src/stm32f4xx_it.o
                0x0000000008001072                DebugMon_Handler
 .text.TIM1_UP_TIM10_IRQHandler
                0x0000000008001080       0x14 Core/Src/stm32f4xx_it.o
                0x0000000008001080                TIM1_UP_TIM10_IRQHandler
 .text.OTG_FS_IRQHandler
                0x0000000008001094       0x14 Core/Src/stm32f4xx_it.o
                0x0000000008001094                OTG_FS_IRQHandler
 .text.SystemInit
                0x00000000080010a8       0x2c Core/Src/system_stm32f4xx.o
                0x00000000080010a8                SystemInit
 .text.Reset_Handler
                0x00000000080010d4       0x50 Core/Startup/startup_stm32f411vetx.o
                0x00000000080010d4                Reset_Handler
 .text.Default_Handler
                0x0000000008001124        0x2 Core/Startup/startup_stm32f411vetx.o
                0x0000000008001124                RTC_Alarm_IRQHandler
                0x0000000008001124                EXTI2_IRQHandler
                0x0000000008001124                SPI4_IRQHandler
                0x0000000008001124                TIM1_CC_IRQHandler
                0x0000000008001124                DMA2_Stream5_IRQHandler
                0x0000000008001124                DMA1_Stream5_IRQHandler
                0x0000000008001124                PVD_IRQHandler
                0x0000000008001124                SDIO_IRQHandler
                0x0000000008001124                TAMP_STAMP_IRQHandler
                0x0000000008001124                EXTI3_IRQHandler
                0x0000000008001124                I2C3_ER_IRQHandler
                0x0000000008001124                EXTI0_IRQHandler
                0x0000000008001124                I2C2_EV_IRQHandler
                0x0000000008001124                DMA1_Stream2_IRQHandler
                0x0000000008001124                FPU_IRQHandler
                0x0000000008001124                DMA2_Stream2_IRQHandler
                0x0000000008001124                SPI1_IRQHandler
                0x0000000008001124                TIM1_BRK_TIM9_IRQHandler
                0x0000000008001124                DMA2_Stream3_IRQHandler
                0x0000000008001124                USART6_IRQHandler
                0x0000000008001124                DMA2_Stream0_IRQHandler
                0x0000000008001124                TIM4_IRQHandler
                0x0000000008001124                I2C1_EV_IRQHandler
                0x0000000008001124                DMA1_Stream6_IRQHandler
                0x0000000008001124                DMA1_Stream1_IRQHandler
                0x0000000008001124                TIM3_IRQHandler
                0x0000000008001124                RCC_IRQHandler
                0x0000000008001124                Default_Handler
                0x0000000008001124                EXTI15_10_IRQHandler
                0x0000000008001124                ADC_IRQHandler
                0x0000000008001124                DMA1_Stream7_IRQHandler
                0x0000000008001124                SPI5_IRQHandler
                0x0000000008001124                TIM5_IRQHandler
                0x0000000008001124                DMA2_Stream7_IRQHandler
                0x0000000008001124                I2C3_EV_IRQHandler
                0x0000000008001124                EXTI9_5_IRQHandler
                0x0000000008001124                RTC_WKUP_IRQHandler
                0x0000000008001124                SPI2_IRQHandler
                0x0000000008001124                DMA1_Stream0_IRQHandler
                0x0000000008001124                EXTI4_IRQHandler
                0x0000000008001124                WWDG_IRQHandler
                0x0000000008001124                TIM2_IRQHandler
                0x0000000008001124                OTG_FS_WKUP_IRQHandler
                0x0000000008001124                TIM1_TRG_COM_TIM11_IRQHandler
                0x0000000008001124                EXTI1_IRQHandler
                0x0000000008001124                USART2_IRQHandler
                0x0000000008001124                I2C2_ER_IRQHandler
                0x0000000008001124                DMA2_Stream1_IRQHandler
                0x0000000008001124                FLASH_IRQHandler
                0x0000000008001124                DMA2_Stream4_IRQHandler
                0x0000000008001124                USART1_IRQHandler
                0x0000000008001124                SPI3_IRQHandler
                0x0000000008001124                DMA1_Stream4_IRQHandler
                0x0000000008001124                I2C1_ER_IRQHandler
                0x0000000008001124                DMA2_Stream6_IRQHandler
                0x0000000008001124                DMA1_Stream3_IRQHandler
 *fill*         0x0000000008001126        0x2 
 .text.HAL_Init
                0x0000000008001128       0x44 Drivers/STM32F4xx_HAL_Driver/Src/stm32f4xx_hal.o
                0x0000000008001128                HAL_Init
 .text.HAL_IncTick
                0x000000000800116c       0x28 Drivers/STM32F4xx_HAL_Driver/Src/stm32f4xx_hal.o
                0x000000000800116c                HAL_IncTick
 .text.HAL_GetTick
                0x0000000008001194       0x18 Drivers/STM32F4xx_HAL_Driver/Src/stm32f4xx_hal.o
                0x0000000008001194                HAL_GetTick
 .text.HAL_Delay
                0x00000000080011ac       0x44 Drivers/STM32F4xx_HAL_Driver/Src/stm32f4xx_hal.o
                0x00000000080011ac                HAL_Delay
 .text.__NVIC_SetPriorityGrouping
                0x00000000080011f0       0x48 Drivers/STM32F4xx_HAL_Driver/Src/stm32f4xx_hal_cortex.o
 .text.__NVIC_GetPriorityGrouping
                0x0000000008001238       0x1c Drivers/STM32F4xx_HAL_Driver/Src/stm32f4xx_hal_cortex.o
 .text.__NVIC_EnableIRQ
                0x0000000008001254       0x3c Drivers/STM32F4xx_HAL_Driver/Src/stm32f4xx_hal_cortex.o
 .text.__NVIC_SetPriority
                0x0000000008001290       0x54 Drivers/STM32F4xx_HAL_Driver/Src/stm32f4xx_hal_cortex.o
 .text.NVIC_EncodePriority
                0x00000000080012e4       0x66 Drivers/STM32F4xx_HAL_Driver/Src/stm32f4xx_hal_cortex.o
 .text.HAL_NVIC_SetPriorityGrouping
                0x000000000800134a       0x16 Drivers/STM32F4xx_HAL_Driver/Src/stm32f4xx_hal_cortex.o
                0x000000000800134a                HAL_NVIC_SetPriorityGrouping
 .text.HAL_NVIC_SetPriority
                0x0000000008001360       0x38 Drivers/STM32F4xx_HAL_Driver/Src/stm32f4xx_hal_cortex.o
                0x0000000008001360                HAL_NVIC_SetPriority
 .text.HAL_NVIC_EnableIRQ
                0x0000000008001398       0x1c Drivers/STM32F4xx_HAL_Driver/Src/stm32f4xx_hal_cortex.o
                0x0000000008001398                HAL_NVIC_EnableIRQ
 .text.HAL_GPIO_Init
                0x00000000080013b4      0x304 Drivers/STM32F4xx_HAL_Driver/Src/stm32f4xx_hal_gpio.o
                0x00000000080013b4                HAL_GPIO_Init
 .text.HAL_GPIO_WritePin
                0x00000000080016b8       0x32 Drivers/STM32F4xx_HAL_Driver/Src/stm32f4xx_hal_gpio.o
                0x00000000080016b8                HAL_GPIO_WritePin
 .text.HAL_HCD_Init
                0x00000000080016ea       0xc4 Drivers/STM32F4xx_HAL_Driver/Src/stm32f4xx_hal_hcd.o
                0x00000000080016ea                HAL_HCD_Init
 .text.HAL_HCD_IRQHandler
                0x00000000080017ae      0x20c Drivers/STM32F4xx_HAL_Driver/Src/stm32f4xx_hal_hcd.o
                0x00000000080017ae                HAL_HCD_IRQHandler
 .text.HAL_HCD_SOF_Callback
                0x00000000080019ba       0x14 Drivers/STM32F4xx_HAL_Driver/Src/stm32f4xx_hal_hcd.o
                0x00000000080019ba                HAL_HCD_SOF_Callback
 .text.HAL_HCD_Connect_Callback
                0x00000000080019ce       0x14 Drivers/STM32F4xx_HAL_Driver/Src/stm32f4xx_hal_hcd.o
                0x00000000080019ce                HAL_HCD_Connect_Callback
 .text.HAL_HCD_Disconnect_Callback
                0x00000000080019e2       0x14 Drivers/STM32F4xx_HAL_Driver/Src/stm32f4xx_hal_hcd.o
                0x00000000080019e2                HAL_HCD_Disconnect_Callback
 .text.HAL_HCD_PortEnabled_Callback
                0x00000000080019f6       0x14 Drivers/STM32F4xx_HAL_Driver/Src/stm32f4xx_hal_hcd.o
                0x00000000080019f6                HAL_HCD_PortEnabled_Callback
 .text.HAL_HCD_PortDisabled_Callback
                0x0000000008001a0a       0x14 Drivers/STM32F4xx_HAL_Driver/Src/stm32f4xx_hal_hcd.o
                0x0000000008001a0a                HAL_HCD_PortDisabled_Callback
 .text.HAL_HCD_HC_NotifyURBChange_Callback
                0x0000000008001a1e       0x1c Drivers/STM32F4xx_HAL_Driver/Src/stm32f4xx_hal_hcd.o
                0x0000000008001a1e                HAL_HCD_HC_NotifyURBChange_Callback
 .text.HCD_HC_IN_IRQHandler
                0x0000000008001a3a      0x72e Drivers/STM32F4xx_HAL_Driver/Src/stm32f4xx_hal_hcd.o
 .text.HCD_HC_OUT_IRQHandler
                0x0000000008002168      0x6ea Drivers/STM32F4xx_HAL_Driver/Src/stm32f4xx_hal_hcd.o
 *fill*         0x0000000008002852        0x2 
 .text.HCD_RXQLVL_IRQHandler
                0x0000000008002854      0x158 Drivers/STM32F4xx_HAL_Driver/Src/stm32f4xx_hal_hcd.o
 .text.HCD_Port_IRQHandler
                0x00000000080029ac      0x120 Drivers/STM32F4xx_HAL_Driver/Src/stm32f4xx_hal_hcd.o
 .text.HAL_I2C_Init
                0x0000000008002acc      0x270 Drivers/STM32F4xx_HAL_Driver/Src/stm32f4xx_hal_i2c.o
                0x0000000008002acc                HAL_I2C_Init
 .text.HAL_I2S_Init
                0x0000000008002d3c      0x280 Drivers/STM32F4xx_HAL_Driver/Src/stm32f4xx_hal_i2s.o
                0x0000000008002d3c                HAL_I2S_Init
 .text.HAL_I2S_TxCpltCallback
                0x0000000008002fbc       0x14 Drivers/STM32F4xx_HAL_Driver/Src/stm32f4xx_hal_i2s.o
                0x0000000008002fbc                HAL_I2S_TxCpltCallback
 .text.HAL_I2S_RxCpltCallback
                0x0000000008002fd0       0x14 Drivers/STM32F4xx_HAL_Driver/Src/stm32f4xx_hal_i2s.o
                0x0000000008002fd0                HAL_I2S_RxCpltCallback
 .text.HAL_I2S_ErrorCallback
                0x0000000008002fe4       0x14 Drivers/STM32F4xx_HAL_Driver/Src/stm32f4xx_hal_i2s.o
                0x0000000008002fe4                HAL_I2S_ErrorCallback
 .text.I2S_Transmit_IT
                0x0000000008002ff8       0x5c Drivers/STM32F4xx_HAL_Driver/Src/stm32f4xx_hal_i2s.o
 .text.I2S_Receive_IT
                0x0000000008003054       0x5e Drivers/STM32F4xx_HAL_Driver/Src/stm32f4xx_hal_i2s.o
 .text.I2S_IRQHandler
                0x00000000080030b2      0x114 Drivers/STM32F4xx_HAL_Driver/Src/stm32f4xx_hal_i2s.o
 *fill*         0x00000000080031c6        0x2 
 .text.HAL_I2SEx_FullDuplex_IRQHandler
                0x00000000080031c8      0x2a8 Drivers/STM32F4xx_HAL_Driver/Src/stm32f4xx_hal_i2s_ex.o
                0x00000000080031c8                HAL_I2SEx_FullDuplex_IRQHandler
 .text.HAL_I2SEx_TxRxCpltCallback
                0x0000000008003470       0x14 Drivers/STM32F4xx_HAL_Driver/Src/stm32f4xx_hal_i2s_ex.o
                0x0000000008003470                HAL_I2SEx_TxRxCpltCallback
 .text.I2SEx_TxISR_I2S
                0x0000000008003484       0x62 Drivers/STM32F4xx_HAL_Driver/Src/stm32f4xx_hal_i2s_ex.o
 *fill*         0x00000000080034e6        0x2 
 .text.I2SEx_TxISR_I2SExt
                0x00000000080034e8       0x98 Drivers/STM32F4xx_HAL_Driver/Src/stm32f4xx_hal_i2s_ex.o
 .text.I2SEx_RxISR_I2S
                0x0000000008003580       0x64 Drivers/STM32F4xx_HAL_Driver/Src/stm32f4xx_hal_i2s_ex.o
 .text.I2SEx_RxISR_I2SExt
                0x00000000080035e4       0x98 Drivers/STM32F4xx_HAL_Driver/Src/stm32f4xx_hal_i2s_ex.o
 .text.HAL_RCC_OscConfig
                0x000000000800367c      0x4e0 Drivers/STM32F4xx_HAL_Driver/Src/stm32f4xx_hal_rcc.o
                0x000000000800367c                HAL_RCC_OscConfig
 .text.HAL_RCC_ClockConfig
                0x0000000008003b5c      0x1cc Drivers/STM32F4xx_HAL_Driver/Src/stm32f4xx_hal_rcc.o
                0x0000000008003b5c                HAL_RCC_ClockConfig
 .text.HAL_RCC_GetSysClockFreq
                0x0000000008003d28      0x1b0 Drivers/STM32F4xx_HAL_Driver/Src/stm32f4xx_hal_rcc.o
                0x0000000008003d28                HAL_RCC_GetSysClockFreq
 .text.HAL_RCC_GetHCLKFreq
                0x0000000008003ed8       0x18 Drivers/STM32F4xx_HAL_Driver/Src/stm32f4xx_hal_rcc.o
                0x0000000008003ed8                HAL_RCC_GetHCLKFreq
 .text.HAL_RCC_GetPCLK1Freq
                0x0000000008003ef0       0x28 Drivers/STM32F4xx_HAL_Driver/Src/stm32f4xx_hal_rcc.o
                0x0000000008003ef0                HAL_RCC_GetPCLK1Freq
 .text.HAL_RCC_GetPCLK2Freq
                0x0000000008003f18       0x28 Drivers/STM32F4xx_HAL_Driver/Src/stm32f4xx_hal_rcc.o
                0x0000000008003f18                HAL_RCC_GetPCLK2Freq
 .text.HAL_RCC_GetClockConfig
                0x0000000008003f40       0x64 Drivers/STM32F4xx_HAL_Driver/Src/stm32f4xx_hal_rcc.o
                0x0000000008003f40                HAL_RCC_GetClockConfig
 .text.HAL_RCCEx_PeriphCLKConfig
                0x0000000008003fa4      0x1e0 Drivers/STM32F4xx_HAL_Driver/Src/stm32f4xx_hal_rcc_ex.o
                0x0000000008003fa4                HAL_RCCEx_PeriphCLKConfig
 .text.HAL_RCCEx_GetPeriphCLKFreq
                0x0000000008004184       0xbc Drivers/STM32F4xx_HAL_Driver/Src/stm32f4xx_hal_rcc_ex.o
                0x0000000008004184                HAL_RCCEx_GetPeriphCLKFreq
 .text.HAL_SPI_Init
                0x0000000008004240       0xc8 Drivers/STM32F4xx_HAL_Driver/Src/stm32f4xx_hal_spi.o
                0x0000000008004240                HAL_SPI_Init
 .text.HAL_TIM_Base_Init
                0x0000000008004308       0x56 Drivers/STM32F4xx_HAL_Driver/Src/stm32f4xx_hal_tim.o
                0x0000000008004308                HAL_TIM_Base_Init
 .text.HAL_TIM_Base_MspInit
                0x000000000800435e       0x14 Drivers/STM32F4xx_HAL_Driver/Src/stm32f4xx_hal_tim.o
                0x000000000800435e                HAL_TIM_Base_MspInit
 .text.HAL_TIM_Base_Start_IT
                0x0000000008004372       0x48 Drivers/STM32F4xx_HAL_Driver/Src/stm32f4xx_hal_tim.o
                0x0000000008004372                HAL_TIM_Base_Start_IT
 .text.HAL_TIM_IRQHandler
                0x00000000080043ba      0x210 Drivers/STM32F4xx_HAL_Driver/Src/stm32f4xx_hal_tim.o
                0x00000000080043ba                HAL_TIM_IRQHandler
 .text.HAL_TIM_OC_DelayElapsedCallback
                0x00000000080045ca       0x14 Drivers/STM32F4xx_HAL_Driver/Src/stm32f4xx_hal_tim.o
                0x00000000080045ca                HAL_TIM_OC_DelayElapsedCallback
 .text.HAL_TIM_IC_CaptureCallback
                0x00000000080045de       0x14 Drivers/STM32F4xx_HAL_Driver/Src/stm32f4xx_hal_tim.o
                0x00000000080045de                HAL_TIM_IC_CaptureCallback
 .text.HAL_TIM_PWM_PulseFinishedCallback
                0x00000000080045f2       0x14 Drivers/STM32F4xx_HAL_Driver/Src/stm32f4xx_hal_tim.o
                0x00000000080045f2                HAL_TIM_PWM_PulseFinishedCallback
 .text.HAL_TIM_TriggerCallback
                0x0000000008004606       0x14 Drivers/STM32F4xx_HAL_Driver/Src/stm32f4xx_hal_tim.o
                0x0000000008004606                HAL_TIM_TriggerCallback
 *fill*         0x000000000800461a        0x2 
 .text.TIM_Base_SetConfig
                0x000000000800461c      0x100 Drivers/STM32F4xx_HAL_Driver/Src/stm32f4xx_hal_tim.o
                0x000000000800461c                TIM_Base_SetConfig
 .text.HAL_TIMEx_CommutCallback
                0x000000000800471c       0x14 Drivers/STM32F4xx_HAL_Driver/Src/stm32f4xx_hal_tim_ex.o
                0x000000000800471c                HAL_TIMEx_CommutCallback
 .text.HAL_TIMEx_BreakCallback
                0x0000000008004730       0x14 Drivers/STM32F4xx_HAL_Driver/Src/stm32f4xx_hal_tim_ex.o
                0x0000000008004730                HAL_TIMEx_BreakCallback
 .text.USB_CoreInit
                0x0000000008004744       0xc2 Drivers/STM32F4xx_HAL_Driver/Src/stm32f4xx_ll_usb.o
                0x0000000008004744                USB_CoreInit
 .text.USB_DisableGlobalInt
                0x0000000008004806       0x22 Drivers/STM32F4xx_HAL_Driver/Src/stm32f4xx_ll_usb.o
                0x0000000008004806                USB_DisableGlobalInt
 .text.USB_SetCurrentMode
                0x0000000008004828       0x54 Drivers/STM32F4xx_HAL_Driver/Src/stm32f4xx_ll_usb.o
                0x0000000008004828                USB_SetCurrentMode
 .text.USB_FlushTxFifo
                0x000000000800487c       0x4c Drivers/STM32F4xx_HAL_Driver/Src/stm32f4xx_ll_usb.o
                0x000000000800487c                USB_FlushTxFifo
 .text.USB_FlushRxFifo
                0x00000000080048c8       0x44 Drivers/STM32F4xx_HAL_Driver/Src/stm32f4xx_ll_usb.o
                0x00000000080048c8                USB_FlushRxFifo
 .text.USB_ReadPacket
                0x000000000800490c       0x52 Drivers/STM32F4xx_HAL_Driver/Src/stm32f4xx_ll_usb.o
                0x000000000800490c                USB_ReadPacket
 .text.USB_ReadInterrupts
                0x000000000800495e       0x26 Drivers/STM32F4xx_HAL_Driver/Src/stm32f4xx_ll_usb.o
                0x000000000800495e                USB_ReadInterrupts
 .text.USB_GetMode
                0x0000000008004984       0x1c Drivers/STM32F4xx_HAL_Driver/Src/stm32f4xx_ll_usb.o
                0x0000000008004984                USB_GetMode
 .text.USB_CoreReset
                0x00000000080049a0       0x68 Drivers/STM32F4xx_HAL_Driver/Src/stm32f4xx_ll_usb.o
 .text.USB_HostInit
                0x0000000008004a08      0x178 Drivers/STM32F4xx_HAL_Driver/Src/stm32f4xx_ll_usb.o
                0x0000000008004a08                USB_HostInit
 .text.USB_InitFSLSPClkSel
                0x0000000008004b80       0x74 Drivers/STM32F4xx_HAL_Driver/Src/stm32f4xx_ll_usb.o
                0x0000000008004b80                USB_InitFSLSPClkSel
 .text.USB_DriveVbus
                0x0000000008004bf4       0x72 Drivers/STM32F4xx_HAL_Driver/Src/stm32f4xx_ll_usb.o
                0x0000000008004bf4                USB_DriveVbus
 .text.USB_HC_ReadInterrupt
                0x0000000008004c66       0x22 Drivers/STM32F4xx_HAL_Driver/Src/stm32f4xx_ll_usb.o
                0x0000000008004c66                USB_HC_ReadInterrupt
 .text.USB_HC_Halt
                0x0000000008004c88      0x1fe Drivers/STM32F4xx_HAL_Driver/Src/stm32f4xx_ll_usb.o
                0x0000000008004c88                USB_HC_Halt
 .text.makeFreeRtosPriority
                0x0000000008004e86       0x30 Middlewares/Third_Party/FreeRTOS/Source/CMSIS_RTOS/cmsis_os.o
 .text.inHandlerMode
                0x0000000008004eb6       0x24 Middlewares/Third_Party/FreeRTOS/Source/CMSIS_RTOS/cmsis_os.o
 .text.osKernelStart
                0x0000000008004eda        0xe Middlewares/Third_Party/FreeRTOS/Source/CMSIS_RTOS/cmsis_os.o
                0x0000000008004eda                osKernelStart
 .text.osThreadCreate
                0x0000000008004ee8       0x98 Middlewares/Third_Party/FreeRTOS/Source/CMSIS_RTOS/cmsis_os.o
                0x0000000008004ee8                osThreadCreate
 .text.osDelay  0x0000000008004f80       0x28 Middlewares/Third_Party/FreeRTOS/Source/CMSIS_RTOS/cmsis_os.o
                0x0000000008004f80                osDelay
 .text.osSemaphoreCreate
                0x0000000008004fa8       0x66 Middlewares/Third_Party/FreeRTOS/Source/CMSIS_RTOS/cmsis_os.o
                0x0000000008004fa8                osSemaphoreCreate
 *fill*         0x000000000800500e        0x2 
 .text.osSemaphoreWait
                0x0000000008005010       0x9c Middlewares/Third_Party/FreeRTOS/Source/CMSIS_RTOS/cmsis_os.o
                0x0000000008005010                osSemaphoreWait
 .text.osSemaphoreRelease
                0x00000000080050ac       0x6c Middlewares/Third_Party/FreeRTOS/Source/CMSIS_RTOS/cmsis_os.o
                0x00000000080050ac                osSemaphoreRelease
 .text.vListInitialise
                0x0000000008005118       0x40 Middlewares/Third_Party/FreeRTOS/Source/list.o
                0x0000000008005118                vListInitialise
 .text.vListInitialiseItem
                0x0000000008005158       0x1a Middlewares/Third_Party/FreeRTOS/Source/list.o
                0x0000000008005158                vListInitialiseItem
 .text.vListInsertEnd
                0x0000000008005172       0x48 Middlewares/Third_Party/FreeRTOS/Source/list.o
                0x0000000008005172                vListInsertEnd
 .text.vListInsert
                0x00000000080051ba       0x72 Middlewares/Third_Party/FreeRTOS/Source/list.o
                0x00000000080051ba                vListInsert
 .text.uxListRemove
                0x000000000800522c       0x54 Middlewares/Third_Party/FreeRTOS/Source/list.o
                0x000000000800522c                uxListRemove
 .text.xQueueGenericReset
                0x0000000008005280       0xd0 Middlewares/Third_Party/FreeRTOS/Source/queue.o
                0x0000000008005280                xQueueGenericReset
 .text.xQueueGenericCreateStatic
                0x0000000008005350       0xe4 Middlewares/Third_Party/FreeRTOS/Source/queue.o
                0x0000000008005350                xQueueGenericCreateStatic
 .text.xQueueGenericCreate
                0x0000000008005434       0x7a Middlewares/Third_Party/FreeRTOS/Source/queue.o
                0x0000000008005434                xQueueGenericCreate
 .text.prvInitialiseNewQueue
                0x00000000080054ae       0x3e Middlewares/Third_Party/FreeRTOS/Source/queue.o
 .text.xQueueGenericSend
                0x00000000080054ec      0x1f4 Middlewares/Third_Party/FreeRTOS/Source/queue.o
                0x00000000080054ec                xQueueGenericSend
 .text.xQueueGiveFromISR
                0x00000000080056e0      0x112 Middlewares/Third_Party/FreeRTOS/Source/queue.o
                0x00000000080056e0                xQueueGiveFromISR
 *fill*         0x00000000080057f2        0x2 
 .text.xQueueSemaphoreTake
                0x00000000080057f4      0x210 Middlewares/Third_Party/FreeRTOS/Source/queue.o
                0x00000000080057f4                xQueueSemaphoreTake
 .text.xQueueReceiveFromISR
                0x0000000008005a04       0xfa Middlewares/Third_Party/FreeRTOS/Source/queue.o
                0x0000000008005a04                xQueueReceiveFromISR
 .text.prvGetDisinheritPriorityAfterTimeout
                0x0000000008005afe       0x30 Middlewares/Third_Party/FreeRTOS/Source/queue.o
 .text.prvCopyDataToQueue
                0x0000000008005b2e       0xd4 Middlewares/Third_Party/FreeRTOS/Source/queue.o
 .text.prvCopyDataFromQueue
                0x0000000008005c02       0x4c Middlewares/Third_Party/FreeRTOS/Source/queue.o
 .text.prvUnlockQueue
                0x0000000008005c4e       0xa4 Middlewares/Third_Party/FreeRTOS/Source/queue.o
 .text.prvIsQueueEmpty
                0x0000000008005cf2       0x2c Middlewares/Third_Party/FreeRTOS/Source/queue.o
 .text.prvIsQueueFull
                0x0000000008005d1e       0x30 Middlewares/Third_Party/FreeRTOS/Source/queue.o
 .text.xTaskCreateStatic
                0x0000000008005d4e       0xb2 Middlewares/Third_Party/FreeRTOS/Source/tasks.o
                0x0000000008005d4e                xTaskCreateStatic
 .text.xTaskCreate
                0x0000000008005e00       0x8a Middlewares/Third_Party/FreeRTOS/Source/tasks.o
                0x0000000008005e00                xTaskCreate
 .text.prvInitialiseNewTask
                0x0000000008005e8a       0xfc Middlewares/Third_Party/FreeRTOS/Source/tasks.o
 *fill*         0x0000000008005f86        0x2 
 .text.prvAddNewTaskToReadyList
                0x0000000008005f88       0xd4 Middlewares/Third_Party/FreeRTOS/Source/tasks.o
 .text.vTaskDelay
                0x000000000800605c       0x68 Middlewares/Third_Party/FreeRTOS/Source/tasks.o
                0x000000000800605c                vTaskDelay
 .text.vTaskStartScheduler
                0x00000000080060c4       0xbc Middlewares/Third_Party/FreeRTOS/Source/tasks.o
                0x00000000080060c4                vTaskStartScheduler
 .text.vTaskSuspendAll
                0x0000000008006180       0x1c Middlewares/Third_Party/FreeRTOS/Source/tasks.o
                0x0000000008006180                vTaskSuspendAll
 .text.xTaskResumeAll
                0x000000000800619c      0x138 Middlewares/Third_Party/FreeRTOS/Source/tasks.o
                0x000000000800619c                xTaskResumeAll
 .text.xTaskIncrementTick
                0x00000000080062d4      0x178 Middlewares/Third_Party/FreeRTOS/Source/tasks.o
                0x00000000080062d4                xTaskIncrementTick
 .text.vTaskSwitchContext
                0x000000000800644c       0xb4 Middlewares/Third_Party/FreeRTOS/Source/tasks.o
                0x000000000800644c                vTaskSwitchContext
 .text.vTaskPlaceOnEventList
                0x0000000008006500       0x48 Middlewares/Third_Party/FreeRTOS/Source/tasks.o
                0x0000000008006500                vTaskPlaceOnEventList
 .text.xTaskRemoveFromEventList
                0x0000000008006548       0xc4 Middlewares/Third_Party/FreeRTOS/Source/tasks.o
                0x0000000008006548                xTaskRemoveFromEventList
 .text.vTaskInternalSetTimeOutState
                0x000000000800660c       0x2c Middlewares/Third_Party/FreeRTOS/Source/tasks.o
                0x000000000800660c                vTaskInternalSetTimeOutState
 .text.xTaskCheckForTimeOut
                0x0000000008006638       0xc0 Middlewares/Third_Party/FreeRTOS/Source/tasks.o
                0x0000000008006638                xTaskCheckForTimeOut
 .text.vTaskMissedYield
                0x00000000080066f8       0x18 Middlewares/Third_Party/FreeRTOS/Source/tasks.o
                0x00000000080066f8                vTaskMissedYield
 .text.prvIdleTask
                0x0000000008006710       0x30 Middlewares/Third_Party/FreeRTOS/Source/tasks.o
 .text.prvInitialiseTaskLists
                0x0000000008006740       0x80 Middlewares/Third_Party/FreeRTOS/Source/tasks.o
 .text.prvCheckTasksWaitingTermination
                0x00000000080067c0       0x58 Middlewares/Third_Party/FreeRTOS/Source/tasks.o
 .text.prvDeleteTCB
                0x0000000008006818       0x5c Middlewares/Third_Party/FreeRTOS/Source/tasks.o
 .text.prvResetNextTaskUnblockTime
                0x0000000008006874       0x4c Middlewares/Third_Party/FreeRTOS/Source/tasks.o
 .text.xTaskGetSchedulerState
                0x00000000080068c0       0x3c Middlewares/Third_Party/FreeRTOS/Source/tasks.o
                0x00000000080068c0                xTaskGetSchedulerState
 .text.xTaskPriorityInherit
                0x00000000080068fc      0x10c Middlewares/Third_Party/FreeRTOS/Source/tasks.o
                0x00000000080068fc                xTaskPriorityInherit
 .text.xTaskPriorityDisinherit
                0x0000000008006a08      0x108 Middlewares/Third_Party/FreeRTOS/Source/tasks.o
                0x0000000008006a08                xTaskPriorityDisinherit
 .text.vTaskPriorityDisinheritAfterTimeout
                0x0000000008006b10      0x13c Middlewares/Third_Party/FreeRTOS/Source/tasks.o
                0x0000000008006b10                vTaskPriorityDisinheritAfterTimeout
 .text.pvTaskIncrementMutexHeldCount
                0x0000000008006c4c       0x28 Middlewares/Third_Party/FreeRTOS/Source/tasks.o
                0x0000000008006c4c                pvTaskIncrementMutexHeldCount
 .text.prvAddCurrentTaskToDelayedList
                0x0000000008006c74       0xcc Middlewares/Third_Party/FreeRTOS/Source/tasks.o
 .text.pxPortInitialiseStack
                0x0000000008006d40       0x68 Middlewares/Third_Party/FreeRTOS/Source/portable/GCC/ARM_CM4F/port.o
                0x0000000008006d40                pxPortInitialiseStack
 .text.prvTaskExitError
                0x0000000008006da8       0x54 Middlewares/Third_Party/FreeRTOS/Source/portable/GCC/ARM_CM4F/port.o
 *fill*         0x0000000008006dfc        0x4 
 .text.SVC_Handler
                0x0000000008006e00       0x28 Middlewares/Third_Party/FreeRTOS/Source/portable/GCC/ARM_CM4F/port.o
                0x0000000008006e00                SVC_Handler
 .text.prvPortStartFirstTask
                0x0000000008006e28       0x28 Middlewares/Third_Party/FreeRTOS/Source/portable/GCC/ARM_CM4F/port.o
 .text.xPortStartScheduler
                0x0000000008006e50      0x13c Middlewares/Third_Party/FreeRTOS/Source/portable/GCC/ARM_CM4F/port.o
                0x0000000008006e50                xPortStartScheduler
 .text.vPortEnterCritical
                0x0000000008006f8c       0x5c Middlewares/Third_Party/FreeRTOS/Source/portable/GCC/ARM_CM4F/port.o
                0x0000000008006f8c                vPortEnterCritical
 .text.vPortExitCritical
                0x0000000008006fe8       0x50 Middlewares/Third_Party/FreeRTOS/Source/portable/GCC/ARM_CM4F/port.o
                0x0000000008006fe8                vPortExitCritical
 *fill*         0x0000000008007038        0x8 
 .text.PendSV_Handler
                0x0000000008007040       0x68 Middlewares/Third_Party/FreeRTOS/Source/portable/GCC/ARM_CM4F/port.o
                0x0000000008007040                PendSV_Handler
 .text.SysTick_Handler
                0x00000000080070a8       0x40 Middlewares/Third_Party/FreeRTOS/Source/portable/GCC/ARM_CM4F/port.o
                0x00000000080070a8                SysTick_Handler
 .text.vPortSetupTimerInterrupt
                0x00000000080070e8       0x48 Middlewares/Third_Party/FreeRTOS/Source/portable/GCC/ARM_CM4F/port.o
                0x00000000080070e8                vPortSetupTimerInterrupt
 .text.vPortEnableVFP
                0x0000000008007130       0x14 Middlewares/Third_Party/FreeRTOS/Source/portable/GCC/ARM_CM4F/port.o
 .text.vPortValidateInterruptPriority
                0x0000000008007144       0x7c Middlewares/Third_Party/FreeRTOS/Source/portable/GCC/ARM_CM4F/port.o
                0x0000000008007144                vPortValidateInterruptPriority
 .text.pvPortMalloc
                0x00000000080071c0      0x184 Middlewares/Third_Party/FreeRTOS/Source/portable/MemMang/heap_4.o
                0x00000000080071c0                pvPortMalloc
 .text.vPortFree
                0x0000000008007344       0xb0 Middlewares/Third_Party/FreeRTOS/Source/portable/MemMang/heap_4.o
                0x0000000008007344                vPortFree
 .text.prvHeapInit
                0x00000000080073f4       0xc4 Middlewares/Third_Party/FreeRTOS/Source/portable/MemMang/heap_4.o
 .text.prvInsertBlockIntoFreeList
                0x00000000080074b8       0xb4 Middlewares/Third_Party/FreeRTOS/Source/portable/MemMang/heap_4.o
 .text.__libc_init_array
                0x000000000800756c       0x48 c:/rtos/stm32cubeide_1.1.0/plugins/com.st.stm32cube.ide.mcu.externaltools.gnu-tools-for-stm32.7-2018-q2-update.win32_1.0.0.201904181610/tools/bin/../lib/gcc/arm-none-eabi/7.3.1/../../../../arm-none-eabi/lib/thumb/v7e-m/fpv4-sp/hard\libc_nano.a(lib_a-init.o)
                0x000000000800756c                __libc_init_array
 .text.memcpy   0x00000000080075b4       0x16 c:/rtos/stm32cubeide_1.1.0/plugins/com.st.stm32cube.ide.mcu.externaltools.gnu-tools-for-stm32.7-2018-q2-update.win32_1.0.0.201904181610/tools/bin/../lib/gcc/arm-none-eabi/7.3.1/../../../../arm-none-eabi/lib/thumb/v7e-m/fpv4-sp/hard\libc_nano.a(lib_a-memcpy-stub.o)
                0x00000000080075b4                memcpy
 .text.memset   0x00000000080075ca       0x10 c:/rtos/stm32cubeide_1.1.0/plugins/com.st.stm32cube.ide.mcu.externaltools.gnu-tools-for-stm32.7-2018-q2-update.win32_1.0.0.201904181610/tools/bin/../lib/gcc/arm-none-eabi/7.3.1/../../../../arm-none-eabi/lib/thumb/v7e-m/fpv4-sp/hard\libc_nano.a(lib_a-memset.o)
                0x00000000080075ca                memset
 *(.glue_7)
 .glue_7        0x00000000080075da        0x0 linker stubs
 *(.glue_7t)
 .glue_7t       0x00000000080075da        0x0 linker stubs
 *(.eh_frame)
 *fill*         0x00000000080075da        0x2 
 .eh_frame      0x00000000080075dc        0x0 c:/rtos/stm32cubeide_1.1.0/plugins/com.st.stm32cube.ide.mcu.externaltools.gnu-tools-for-stm32.7-2018-q2-update.win32_1.0.0.201904181610/tools/bin/../lib/gcc/arm-none-eabi/7.3.1/thumb/v7e-m/fpv4-sp/hard/crtbegin.o
 *(.init)
 .init          0x00000000080075dc        0x4 c:/rtos/stm32cubeide_1.1.0/plugins/com.st.stm32cube.ide.mcu.externaltools.gnu-tools-for-stm32.7-2018-q2-update.win32_1.0.0.201904181610/tools/bin/../lib/gcc/arm-none-eabi/7.3.1/thumb/v7e-m/fpv4-sp/hard/crti.o
                0x00000000080075dc                _init
 .init          0x00000000080075e0        0x8 c:/rtos/stm32cubeide_1.1.0/plugins/com.st.stm32cube.ide.mcu.externaltools.gnu-tools-for-stm32.7-2018-q2-update.win32_1.0.0.201904181610/tools/bin/../lib/gcc/arm-none-eabi/7.3.1/thumb/v7e-m/fpv4-sp/hard/crtn.o
 *(.fini)
 .fini          0x00000000080075e8        0x4 c:/rtos/stm32cubeide_1.1.0/plugins/com.st.stm32cube.ide.mcu.externaltools.gnu-tools-for-stm32.7-2018-q2-update.win32_1.0.0.201904181610/tools/bin/../lib/gcc/arm-none-eabi/7.3.1/thumb/v7e-m/fpv4-sp/hard/crti.o
                0x00000000080075e8                _fini
 .fini          0x00000000080075ec        0x8 c:/rtos/stm32cubeide_1.1.0/plugins/com.st.stm32cube.ide.mcu.externaltools.gnu-tools-for-stm32.7-2018-q2-update.win32_1.0.0.201904181610/tools/bin/../lib/gcc/arm-none-eabi/7.3.1/thumb/v7e-m/fpv4-sp/hard/crtn.o
                0x00000000080075f4                . = ALIGN (0x4)
                0x00000000080075f4                _etext = .

.vfp11_veneer   0x00000000080075f4        0x0
 .vfp11_veneer  0x00000000080075f4        0x0 linker stubs

.v4_bx          0x00000000080075f4        0x0
 .v4_bx         0x00000000080075f4        0x0 linker stubs

.iplt           0x00000000080075f4        0x0
 .iplt          0x00000000080075f4        0x0 c:/rtos/stm32cubeide_1.1.0/plugins/com.st.stm32cube.ide.mcu.externaltools.gnu-tools-for-stm32.7-2018-q2-update.win32_1.0.0.201904181610/tools/bin/../lib/gcc/arm-none-eabi/7.3.1/thumb/v7e-m/fpv4-sp/hard/crtbegin.o

.rodata         0x00000000080075f4       0x94
                0x00000000080075f4                . = ALIGN (0x4)
 *(.rodata)
 .rodata        0x00000000080075f4       0x74 Core/Src/main.o
 .rodata        0x0000000008007668        0x5 Middlewares/Third_Party/FreeRTOS/Source/tasks.o
 *(.rodata*)
 *fill*         0x000000000800766d        0x3 
 .rodata.AHBPrescTable
                0x0000000008007670       0x10 Core/Src/system_stm32f4xx.o
                0x0000000008007670                AHBPrescTable
 .rodata.APBPrescTable
                0x0000000008007680        0x8 Core/Src/system_stm32f4xx.o
                0x0000000008007680                APBPrescTable
                0x0000000008007688                . = ALIGN (0x4)

.ARM.extab      0x0000000008007688        0x0
                0x0000000008007688                . = ALIGN (0x4)
 *(.ARM.extab* .gnu.linkonce.armextab.*)
                0x0000000008007688                . = ALIGN (0x4)

.ARM            0x0000000008007688        0x8
                0x0000000008007688                . = ALIGN (0x4)
                0x0000000008007688                __exidx_start = .
 *(.ARM.exidx*)
 .ARM.exidx     0x0000000008007688        0x8 c:/rtos/stm32cubeide_1.1.0/plugins/com.st.stm32cube.ide.mcu.externaltools.gnu-tools-for-stm32.7-2018-q2-update.win32_1.0.0.201904181610/tools/bin/../lib/gcc/arm-none-eabi/7.3.1/thumb/v7e-m/fpv4-sp/hard\libgcc.a(_udivmoddi4.o)
                0x0000000008007690                __exidx_end = .
                0x0000000008007690                . = ALIGN (0x4)

.rel.dyn        0x0000000008007690        0x0
 .rel.iplt      0x0000000008007690        0x0 c:/rtos/stm32cubeide_1.1.0/plugins/com.st.stm32cube.ide.mcu.externaltools.gnu-tools-for-stm32.7-2018-q2-update.win32_1.0.0.201904181610/tools/bin/../lib/gcc/arm-none-eabi/7.3.1/thumb/v7e-m/fpv4-sp/hard/crtbegin.o

.preinit_array  0x0000000008007690        0x0
                0x0000000008007690                . = ALIGN (0x4)
                0x0000000008007690                PROVIDE (__preinit_array_start = .)
 *(.preinit_array*)
                0x0000000008007690                PROVIDE (__preinit_array_end = .)
                0x0000000008007690                . = ALIGN (0x4)

.init_array     0x0000000008007690        0x4
                0x0000000008007690                . = ALIGN (0x4)
                0x0000000008007690                PROVIDE (__init_array_start = .)
 *(SORT_BY_NAME(.init_array.*))
 *(.init_array*)
 .init_array    0x0000000008007690        0x4 c:/rtos/stm32cubeide_1.1.0/plugins/com.st.stm32cube.ide.mcu.externaltools.gnu-tools-for-stm32.7-2018-q2-update.win32_1.0.0.201904181610/tools/bin/../lib/gcc/arm-none-eabi/7.3.1/thumb/v7e-m/fpv4-sp/hard/crtbegin.o
                0x0000000008007694                PROVIDE (__init_array_end = .)
                0x0000000008007694                . = ALIGN (0x4)

.fini_array     0x0000000008007694        0x4
                0x0000000008007694                . = ALIGN (0x4)
                [!provide]                        PROVIDE (__fini_array_start = .)
 *(SORT_BY_NAME(.fini_array.*))
 *(.fini_array*)
 .fini_array    0x0000000008007694        0x4 c:/rtos/stm32cubeide_1.1.0/plugins/com.st.stm32cube.ide.mcu.externaltools.gnu-tools-for-stm32.7-2018-q2-update.win32_1.0.0.201904181610/tools/bin/../lib/gcc/arm-none-eabi/7.3.1/thumb/v7e-m/fpv4-sp/hard/crtbegin.o
                [!provide]                        PROVIDE (__fini_array_end = .)
                0x0000000008007698                . = ALIGN (0x4)
                0x0000000008007698                _sidata = LOADADDR (.data)

.data           0x0000000020000000       0x10 load address 0x0000000008007698
                0x0000000020000000                . = ALIGN (0x4)
                0x0000000020000000                _sdata = .
 *(.data)
 *(.data*)
 .data.SystemCoreClock
                0x0000000020000000        0x4 Core/Src/system_stm32f4xx.o
                0x0000000020000000                SystemCoreClock
 .data.uwTickPrio
                0x0000000020000004        0x4 Drivers/STM32F4xx_HAL_Driver/Src/stm32f4xx_hal.o
                0x0000000020000004                uwTickPrio
 .data.uwTickFreq
                0x0000000020000008        0x1 Drivers/STM32F4xx_HAL_Driver/Src/stm32f4xx_hal.o
                0x0000000020000008                uwTickFreq
 *fill*         0x0000000020000009        0x3 
 .data.uxCriticalNesting
                0x000000002000000c        0x4 Middlewares/Third_Party/FreeRTOS/Source/portable/GCC/ARM_CM4F/port.o
                0x0000000020000010                . = ALIGN (0x4)
                0x0000000020000010                _edata = .

.igot.plt       0x0000000020000010        0x0 load address 0x00000000080076a8
 .igot.plt      0x0000000020000010        0x0 c:/rtos/stm32cubeide_1.1.0/plugins/com.st.stm32cube.ide.mcu.externaltools.gnu-tools-for-stm32.7-2018-q2-update.win32_1.0.0.201904181610/tools/bin/../lib/gcc/arm-none-eabi/7.3.1/thumb/v7e-m/fpv4-sp/hard/crtbegin.o
                0x0000000020000010                . = ALIGN (0x4)

.bss            0x0000000020000010     0x4414 load address 0x00000000080076a8
                0x0000000020000010                _sbss = .
                0x0000000020000010                __bss_start__ = _sbss
 *(.bss)
 .bss           0x0000000020000010       0x1c c:/rtos/stm32cubeide_1.1.0/plugins/com.st.stm32cube.ide.mcu.externaltools.gnu-tools-for-stm32.7-2018-q2-update.win32_1.0.0.201904181610/tools/bin/../lib/gcc/arm-none-eabi/7.3.1/thumb/v7e-m/fpv4-sp/hard/crtbegin.o
 *(.bss*)
 .bss.xIdleTaskTCBBuffer
                0x000000002000002c       0x54 Core/Src/freertos.o
 .bss.xIdleStack
                0x0000000020000080      0x200 Core/Src/freertos.o
 .bss.pxCurrentTCB
                0x0000000020000280        0x4 Middlewares/Third_Party/FreeRTOS/Source/tasks.o
                0x0000000020000280                pxCurrentTCB
 .bss.pxReadyTasksLists
                0x0000000020000284       0x8c Middlewares/Third_Party/FreeRTOS/Source/tasks.o
 .bss.xDelayedTaskList1
                0x0000000020000310       0x14 Middlewares/Third_Party/FreeRTOS/Source/tasks.o
 .bss.xDelayedTaskList2
                0x0000000020000324       0x14 Middlewares/Third_Party/FreeRTOS/Source/tasks.o
 .bss.pxDelayedTaskList
                0x0000000020000338        0x4 Middlewares/Third_Party/FreeRTOS/Source/tasks.o
 .bss.pxOverflowDelayedTaskList
                0x000000002000033c        0x4 Middlewares/Third_Party/FreeRTOS/Source/tasks.o
 .bss.xPendingReadyList
                0x0000000020000340       0x14 Middlewares/Third_Party/FreeRTOS/Source/tasks.o
 .bss.xTasksWaitingTermination
                0x0000000020000354       0x14 Middlewares/Third_Party/FreeRTOS/Source/tasks.o
 .bss.uxDeletedTasksWaitingCleanUp
                0x0000000020000368        0x4 Middlewares/Third_Party/FreeRTOS/Source/tasks.o
 .bss.xSuspendedTaskList
                0x000000002000036c       0x14 Middlewares/Third_Party/FreeRTOS/Source/tasks.o
 .bss.uxCurrentNumberOfTasks
                0x0000000020000380        0x4 Middlewares/Third_Party/FreeRTOS/Source/tasks.o
 .bss.xTickCount
                0x0000000020000384        0x4 Middlewares/Third_Party/FreeRTOS/Source/tasks.o
 .bss.uxTopReadyPriority
                0x0000000020000388        0x4 Middlewares/Third_Party/FreeRTOS/Source/tasks.o
 .bss.xSchedulerRunning
                0x000000002000038c        0x4 Middlewares/Third_Party/FreeRTOS/Source/tasks.o
 .bss.uxPendedTicks
                0x0000000020000390        0x4 Middlewares/Third_Party/FreeRTOS/Source/tasks.o
 .bss.xYieldPending
                0x0000000020000394        0x4 Middlewares/Third_Party/FreeRTOS/Source/tasks.o
 .bss.xNumOfOverflows
                0x0000000020000398        0x4 Middlewares/Third_Party/FreeRTOS/Source/tasks.o
 .bss.uxTaskNumber
                0x000000002000039c        0x4 Middlewares/Third_Party/FreeRTOS/Source/tasks.o
 .bss.xNextTaskUnblockTime
                0x00000000200003a0        0x4 Middlewares/Third_Party/FreeRTOS/Source/tasks.o
 .bss.xIdleTaskHandle
                0x00000000200003a4        0x4 Middlewares/Third_Party/FreeRTOS/Source/tasks.o
 .bss.uxSchedulerSuspended
                0x00000000200003a8        0x4 Middlewares/Third_Party/FreeRTOS/Source/tasks.o
 .bss.ucMaxSysCallPriority
                0x00000000200003ac        0x1 Middlewares/Third_Party/FreeRTOS/Source/portable/GCC/ARM_CM4F/port.o
 *fill*         0x00000000200003ad        0x3 
 .bss.ulMaxPRIGROUPValue
                0x00000000200003b0        0x4 Middlewares/Third_Party/FreeRTOS/Source/portable/GCC/ARM_CM4F/port.o
 .bss.ucHeap    0x00000000200003b4     0x3c00 Middlewares/Third_Party/FreeRTOS/Source/portable/MemMang/heap_4.o
 .bss.xStart    0x0000000020003fb4        0x8 Middlewares/Third_Party/FreeRTOS/Source/portable/MemMang/heap_4.o
 .bss.pxEnd     0x0000000020003fbc        0x4 Middlewares/Third_Party/FreeRTOS/Source/portable/MemMang/heap_4.o
 .bss.xFreeBytesRemaining
                0x0000000020003fc0        0x4 Middlewares/Third_Party/FreeRTOS/Source/portable/MemMang/heap_4.o
 .bss.xMinimumEverFreeBytesRemaining
                0x0000000020003fc4        0x4 Middlewares/Third_Party/FreeRTOS/Source/portable/MemMang/heap_4.o
 .bss.xBlockAllocatedBit
                0x0000000020003fc8        0x4 Middlewares/Third_Party/FreeRTOS/Source/portable/MemMang/heap_4.o
 *(COMMON)
 COMMON         0x0000000020003fcc      0x414 Core/Src/main.o
                0x0000000020003fcc                SemaSync1Handle
                0x0000000020003fd0                defaultTaskHandle
                0x0000000020003fd4                hi2c1
                0x0000000020004028                RedTaskHandle
                0x000000002000402c                GreenTaskHandle
                0x0000000020004030                hspi1
                0x0000000020004088                hhcd_USB_OTG_FS
                0x000000002000434c                SemaSync2Handle
                0x0000000020004350                hi2s2
                0x0000000020004398                hi2s3
 COMMON         0x00000000200043e0       0x40 Core/Src/stm32f4xx_hal_timebase_tim.o
                0x00000000200043e0                htim1
 COMMON         0x0000000020004420        0x4 Drivers/STM32F4xx_HAL_Driver/Src/stm32f4xx_hal.o
                0x0000000020004420                uwTick
                0x0000000020004424                . = ALIGN (0x4)
                0x0000000020004424                _ebss = .
                0x0000000020004424                __bss_end__ = _ebss

._user_heap_stack
                0x0000000020004424      0x604 load address 0x00000000080076a8
                0x0000000020004428                . = ALIGN (0x8)
 *fill*         0x0000000020004424        0x4 
                0x0000000020004428                PROVIDE (end = .)
                [!provide]                        PROVIDE (_end = .)
                0x0000000020004628                . = (. + _Min_Heap_Size)
 *fill*         0x0000000020004428      0x200 
                0x0000000020004a28                . = (. + _Min_Stack_Size)
 *fill*         0x0000000020004628      0x400 
                0x0000000020004a28                . = ALIGN (0x8)

/DISCARD/
 libc.a(*)
 libm.a(*)
 libgcc.a(*)

.ARM.attributes
                0x0000000000000000       0x30
 *(.ARM.attributes)
 .ARM.attributes
                0x0000000000000000       0x22 c:/rtos/stm32cubeide_1.1.0/plugins/com.st.stm32cube.ide.mcu.externaltools.gnu-tools-for-stm32.7-2018-q2-update.win32_1.0.0.201904181610/tools/bin/../lib/gcc/arm-none-eabi/7.3.1/thumb/v7e-m/fpv4-sp/hard/crti.o
 .ARM.attributes
                0x0000000000000022       0x34 c:/rtos/stm32cubeide_1.1.0/plugins/com.st.stm32cube.ide.mcu.externaltools.gnu-tools-for-stm32.7-2018-q2-update.win32_1.0.0.201904181610/tools/bin/../lib/gcc/arm-none-eabi/7.3.1/thumb/v7e-m/fpv4-sp/hard/crtbegin.o
 .ARM.attributes
                0x0000000000000056       0x39 Core/Src/blink_leds.o
 .ARM.attributes
                0x000000000000008f       0x39 Core/Src/freertos.o
 .ARM.attributes
                0x00000000000000c8       0x39 Core/Src/main.o
 .ARM.attributes
                0x0000000000000101       0x39 Core/Src/stm32f4xx_hal_msp.o
 .ARM.attributes
                0x000000000000013a       0x39 Core/Src/stm32f4xx_hal_timebase_tim.o
 .ARM.attributes
                0x0000000000000173       0x39 Core/Src/stm32f4xx_it.o
 .ARM.attributes
                0x00000000000001ac       0x39 Core/Src/system_stm32f4xx.o
 .ARM.attributes
                0x00000000000001e5       0x21 Core/Startup/startup_stm32f411vetx.o
 .ARM.attributes
                0x0000000000000206       0x39 Drivers/STM32F4xx_HAL_Driver/Src/stm32f4xx_hal.o
 .ARM.attributes
                0x000000000000023f       0x39 Drivers/STM32F4xx_HAL_Driver/Src/stm32f4xx_hal_cortex.o
 .ARM.attributes
                0x0000000000000278       0x39 Drivers/STM32F4xx_HAL_Driver/Src/stm32f4xx_hal_gpio.o
 .ARM.attributes
                0x00000000000002b1       0x39 Drivers/STM32F4xx_HAL_Driver/Src/stm32f4xx_hal_hcd.o
 .ARM.attributes
                0x00000000000002ea       0x39 Drivers/STM32F4xx_HAL_Driver/Src/stm32f4xx_hal_i2c.o
 .ARM.attributes
                0x0000000000000323       0x39 Drivers/STM32F4xx_HAL_Driver/Src/stm32f4xx_hal_i2s.o
 .ARM.attributes
                0x000000000000035c       0x39 Drivers/STM32F4xx_HAL_Driver/Src/stm32f4xx_hal_i2s_ex.o
 .ARM.attributes
                0x0000000000000395       0x39 Drivers/STM32F4xx_HAL_Driver/Src/stm32f4xx_hal_rcc.o
 .ARM.attributes
                0x00000000000003ce       0x39 Drivers/STM32F4xx_HAL_Driver/Src/stm32f4xx_hal_rcc_ex.o
 .ARM.attributes
                0x0000000000000407       0x39 Drivers/STM32F4xx_HAL_Driver/Src/stm32f4xx_hal_spi.o
 .ARM.attributes
                0x0000000000000440       0x39 Drivers/STM32F4xx_HAL_Driver/Src/stm32f4xx_hal_tim.o
 .ARM.attributes
                0x0000000000000479       0x39 Drivers/STM32F4xx_HAL_Driver/Src/stm32f4xx_hal_tim_ex.o
 .ARM.attributes
                0x00000000000004b2       0x39 Drivers/STM32F4xx_HAL_Driver/Src/stm32f4xx_ll_usb.o
 .ARM.attributes
                0x00000000000004eb       0x39 Middlewares/Third_Party/FreeRTOS/Source/CMSIS_RTOS/cmsis_os.o
 .ARM.attributes
                0x0000000000000524       0x39 Middlewares/Third_Party/FreeRTOS/Source/list.o
 .ARM.attributes
                0x000000000000055d       0x39 Middlewares/Third_Party/FreeRTOS/Source/queue.o
 .ARM.attributes
                0x0000000000000596       0x39 Middlewares/Third_Party/FreeRTOS/Source/tasks.o
 .ARM.attributes
                0x00000000000005cf       0x39 Middlewares/Third_Party/FreeRTOS/Source/portable/GCC/ARM_CM4F/port.o
 .ARM.attributes
                0x0000000000000608       0x39 Middlewares/Third_Party/FreeRTOS/Source/portable/MemMang/heap_4.o
 .ARM.attributes
                0x0000000000000641       0x34 c:/rtos/stm32cubeide_1.1.0/plugins/com.st.stm32cube.ide.mcu.externaltools.gnu-tools-for-stm32.7-2018-q2-update.win32_1.0.0.201904181610/tools/bin/../lib/gcc/arm-none-eabi/7.3.1/../../../../arm-none-eabi/lib/thumb/v7e-m/fpv4-sp/hard\libc_nano.a(lib_a-init.o)
 .ARM.attributes
                0x0000000000000675       0x34 c:/rtos/stm32cubeide_1.1.0/plugins/com.st.stm32cube.ide.mcu.externaltools.gnu-tools-for-stm32.7-2018-q2-update.win32_1.0.0.201904181610/tools/bin/../lib/gcc/arm-none-eabi/7.3.1/../../../../arm-none-eabi/lib/thumb/v7e-m/fpv4-sp/hard\libc_nano.a(lib_a-memcpy-stub.o)
 .ARM.attributes
                0x00000000000006a9       0x34 c:/rtos/stm32cubeide_1.1.0/plugins/com.st.stm32cube.ide.mcu.externaltools.gnu-tools-for-stm32.7-2018-q2-update.win32_1.0.0.201904181610/tools/bin/../lib/gcc/arm-none-eabi/7.3.1/../../../../arm-none-eabi/lib/thumb/v7e-m/fpv4-sp/hard\libc_nano.a(lib_a-memset.o)
 .ARM.attributes
                0x00000000000006dd       0x22 c:/rtos/stm32cubeide_1.1.0/plugins/com.st.stm32cube.ide.mcu.externaltools.gnu-tools-for-stm32.7-2018-q2-update.win32_1.0.0.201904181610/tools/bin/../lib/gcc/arm-none-eabi/7.3.1/thumb/v7e-m/fpv4-sp/hard\libgcc.a(_aeabi_uldivmod.o)
 .ARM.attributes
                0x00000000000006ff       0x34 c:/rtos/stm32cubeide_1.1.0/plugins/com.st.stm32cube.ide.mcu.externaltools.gnu-tools-for-stm32.7-2018-q2-update.win32_1.0.0.201904181610/tools/bin/../lib/gcc/arm-none-eabi/7.3.1/thumb/v7e-m/fpv4-sp/hard\libgcc.a(_udivmoddi4.o)
 .ARM.attributes
                0x0000000000000733       0x22 c:/rtos/stm32cubeide_1.1.0/plugins/com.st.stm32cube.ide.mcu.externaltools.gnu-tools-for-stm32.7-2018-q2-update.win32_1.0.0.201904181610/tools/bin/../lib/gcc/arm-none-eabi/7.3.1/thumb/v7e-m/fpv4-sp/hard\libgcc.a(_dvmd_tls.o)
 .ARM.attributes
                0x0000000000000755       0x22 c:/rtos/stm32cubeide_1.1.0/plugins/com.st.stm32cube.ide.mcu.externaltools.gnu-tools-for-stm32.7-2018-q2-update.win32_1.0.0.201904181610/tools/bin/../lib/gcc/arm-none-eabi/7.3.1/thumb/v7e-m/fpv4-sp/hard/crtn.o
OUTPUT(Lab15_Ex16.elf elf32-littlearm)

.debug_info     0x0000000000000000    0x1b146
 .debug_info    0x0000000000000000      0x29a Core/Src/blink_leds.o
 .debug_info    0x000000000000029a      0x344 Core/Src/freertos.o
 .debug_info    0x00000000000005de     0x1d55 Core/Src/main.o
 .debug_info    0x0000000000002333     0x15fc Core/Src/stm32f4xx_hal_msp.o
 .debug_info    0x000000000000392f      0xabf Core/Src/stm32f4xx_hal_timebase_tim.o
 .debug_info    0x00000000000043ee      0xb3a Core/Src/stm32f4xx_it.o
 .debug_info    0x0000000000004f28      0x57e Core/Src/system_stm32f4xx.o
 .debug_info    0x00000000000054a6       0x22 Core/Startup/startup_stm32f411vetx.o
 .debug_info    0x00000000000054c8      0x8d9 Drivers/STM32F4xx_HAL_Driver/Src/stm32f4xx_hal.o
 .debug_info    0x0000000000005da1      0xd98 Drivers/STM32F4xx_HAL_Driver/Src/stm32f4xx_hal_cortex.o
 .debug_info    0x0000000000006b39      0x7dd Drivers/STM32F4xx_HAL_Driver/Src/stm32f4xx_hal_gpio.o
 .debug_info    0x0000000000007316      0xe39 Drivers/STM32F4xx_HAL_Driver/Src/stm32f4xx_hal_hcd.o
 .debug_info    0x000000000000814f     0x23ba Drivers/STM32F4xx_HAL_Driver/Src/stm32f4xx_hal_i2c.o
 .debug_info    0x000000000000a509      0xdd7 Drivers/STM32F4xx_HAL_Driver/Src/stm32f4xx_hal_i2s.o
 .debug_info    0x000000000000b2e0      0xb6e Drivers/STM32F4xx_HAL_Driver/Src/stm32f4xx_hal_i2s_ex.o
 .debug_info    0x000000000000be4e      0x92e Drivers/STM32F4xx_HAL_Driver/Src/stm32f4xx_hal_rcc.o
 .debug_info    0x000000000000c77c      0x618 Drivers/STM32F4xx_HAL_Driver/Src/stm32f4xx_hal_rcc_ex.o
 .debug_info    0x000000000000cd94     0x1632 Drivers/STM32F4xx_HAL_Driver/Src/stm32f4xx_hal_spi.o
 .debug_info    0x000000000000e3c6     0x24a1 Drivers/STM32F4xx_HAL_Driver/Src/stm32f4xx_hal_tim.o
 .debug_info    0x0000000000010867     0x114f Drivers/STM32F4xx_HAL_Driver/Src/stm32f4xx_hal_tim_ex.o
 .debug_info    0x00000000000119b6     0x18dd Drivers/STM32F4xx_HAL_Driver/Src/stm32f4xx_ll_usb.o
 .debug_info    0x0000000000013293     0x1e78 Middlewares/Third_Party/FreeRTOS/Source/CMSIS_RTOS/cmsis_os.o
 .debug_info    0x000000000001510b      0xac5 Middlewares/Third_Party/FreeRTOS/Source/list.o
 .debug_info    0x0000000000015bd0     0x1f2d Middlewares/Third_Party/FreeRTOS/Source/queue.o
 .debug_info    0x0000000000017afd     0x252c Middlewares/Third_Party/FreeRTOS/Source/tasks.o
 .debug_info    0x000000000001a029      0x533 Middlewares/Third_Party/FreeRTOS/Source/portable/GCC/ARM_CM4F/port.o
 .debug_info    0x000000000001a55c      0xbea Middlewares/Third_Party/FreeRTOS/Source/portable/MemMang/heap_4.o

.debug_abbrev   0x0000000000000000     0x3899
 .debug_abbrev  0x0000000000000000      0x10d Core/Src/blink_leds.o
 .debug_abbrev  0x000000000000010d      0x109 Core/Src/freertos.o
 .debug_abbrev  0x0000000000000216      0x2a4 Core/Src/main.o
 .debug_abbrev  0x00000000000004ba      0x205 Core/Src/stm32f4xx_hal_msp.o
 .debug_abbrev  0x00000000000006bf      0x1ac Core/Src/stm32f4xx_hal_timebase_tim.o
 .debug_abbrev  0x000000000000086b      0x1a1 Core/Src/stm32f4xx_it.o
 .debug_abbrev  0x0000000000000a0c      0x12b Core/Src/system_stm32f4xx.o
 .debug_abbrev  0x0000000000000b37       0x12 Core/Startup/startup_stm32f411vetx.o
 .debug_abbrev  0x0000000000000b49      0x1f2 Drivers/STM32F4xx_HAL_Driver/Src/stm32f4xx_hal.o
 .debug_abbrev  0x0000000000000d3b      0x2fa Drivers/STM32F4xx_HAL_Driver/Src/stm32f4xx_hal_cortex.o
 .debug_abbrev  0x0000000000001035      0x1c9 Drivers/STM32F4xx_HAL_Driver/Src/stm32f4xx_hal_gpio.o
 .debug_abbrev  0x00000000000011fe      0x255 Drivers/STM32F4xx_HAL_Driver/Src/stm32f4xx_hal_hcd.o
 .debug_abbrev  0x0000000000001453      0x263 Drivers/STM32F4xx_HAL_Driver/Src/stm32f4xx_hal_i2c.o
 .debug_abbrev  0x00000000000016b6      0x22a Drivers/STM32F4xx_HAL_Driver/Src/stm32f4xx_hal_i2s.o
 .debug_abbrev  0x00000000000018e0      0x255 Drivers/STM32F4xx_HAL_Driver/Src/stm32f4xx_hal_i2s_ex.o
 .debug_abbrev  0x0000000000001b35      0x245 Drivers/STM32F4xx_HAL_Driver/Src/stm32f4xx_hal_rcc.o
 .debug_abbrev  0x0000000000001d7a      0x173 Drivers/STM32F4xx_HAL_Driver/Src/stm32f4xx_hal_rcc_ex.o
 .debug_abbrev  0x0000000000001eed      0x240 Drivers/STM32F4xx_HAL_Driver/Src/stm32f4xx_hal_spi.o
 .debug_abbrev  0x000000000000212d      0x23f Drivers/STM32F4xx_HAL_Driver/Src/stm32f4xx_hal_tim.o
 .debug_abbrev  0x000000000000236c      0x22d Drivers/STM32F4xx_HAL_Driver/Src/stm32f4xx_hal_tim_ex.o
 .debug_abbrev  0x0000000000002599      0x26d Drivers/STM32F4xx_HAL_Driver/Src/stm32f4xx_ll_usb.o
 .debug_abbrev  0x0000000000002806      0x38a Middlewares/Third_Party/FreeRTOS/Source/CMSIS_RTOS/cmsis_os.o
 .debug_abbrev  0x0000000000002b90      0x1cf Middlewares/Third_Party/FreeRTOS/Source/list.o
 .debug_abbrev  0x0000000000002d5f      0x354 Middlewares/Third_Party/FreeRTOS/Source/queue.o
 .debug_abbrev  0x00000000000030b3      0x338 Middlewares/Third_Party/FreeRTOS/Source/tasks.o
 .debug_abbrev  0x00000000000033eb      0x210 Middlewares/Third_Party/FreeRTOS/Source/portable/GCC/ARM_CM4F/port.o
 .debug_abbrev  0x00000000000035fb      0x29e Middlewares/Third_Party/FreeRTOS/Source/portable/MemMang/heap_4.o

.debug_aranges  0x0000000000000000     0x1848
 .debug_aranges
                0x0000000000000000       0x20 Core/Src/blink_leds.o
 .debug_aranges
                0x0000000000000020       0x20 Core/Src/freertos.o
 .debug_aranges
                0x0000000000000040       0x80 Core/Src/main.o
 .debug_aranges
                0x00000000000000c0       0x60 Core/Src/stm32f4xx_hal_msp.o
 .debug_aranges
                0x0000000000000120       0x30 Core/Src/stm32f4xx_hal_timebase_tim.o
 .debug_aranges
                0x0000000000000150       0x58 Core/Src/stm32f4xx_it.o
 .debug_aranges
                0x00000000000001a8       0x28 Core/Src/system_stm32f4xx.o
 .debug_aranges
                0x00000000000001d0       0x28 Core/Startup/startup_stm32f411vetx.o
 .debug_aranges
                0x00000000000001f8       0xf0 Drivers/STM32F4xx_HAL_Driver/Src/stm32f4xx_hal.o
 .debug_aranges
                0x00000000000002e8      0x118 Drivers/STM32F4xx_HAL_Driver/Src/stm32f4xx_hal_cortex.o
 .debug_aranges
                0x0000000000000400       0x58 Drivers/STM32F4xx_HAL_Driver/Src/stm32f4xx_hal_gpio.o
 .debug_aranges
                0x0000000000000458       0xf0 Drivers/STM32F4xx_HAL_Driver/Src/stm32f4xx_hal_hcd.o
 .debug_aranges
                0x0000000000000548      0x298 Drivers/STM32F4xx_HAL_Driver/Src/stm32f4xx_hal_i2c.o
 .debug_aranges
                0x00000000000007e0      0x108 Drivers/STM32F4xx_HAL_Driver/Src/stm32f4xx_hal_i2s.o
 .debug_aranges
                0x00000000000008e8       0x88 Drivers/STM32F4xx_HAL_Driver/Src/stm32f4xx_hal_i2s_ex.o
 .debug_aranges
                0x0000000000000970       0x88 Drivers/STM32F4xx_HAL_Driver/Src/stm32f4xx_hal_rcc.o
 .debug_aranges
                0x00000000000009f8       0x50 Drivers/STM32F4xx_HAL_Driver/Src/stm32f4xx_hal_rcc_ex.o
 .debug_aranges
                0x0000000000000a48      0x1d0 Drivers/STM32F4xx_HAL_Driver/Src/stm32f4xx_hal_spi.o
 .debug_aranges
                0x0000000000000c18      0x3a8 Drivers/STM32F4xx_HAL_Driver/Src/stm32f4xx_hal_tim.o
 .debug_aranges
                0x0000000000000fc0      0x150 Drivers/STM32F4xx_HAL_Driver/Src/stm32f4xx_hal_tim_ex.o
 .debug_aranges
                0x0000000000001110      0x198 Drivers/STM32F4xx_HAL_Driver/Src/stm32f4xx_ll_usb.o
 .debug_aranges
                0x00000000000012a8      0x1d8 Middlewares/Third_Party/FreeRTOS/Source/CMSIS_RTOS/cmsis_os.o
 .debug_aranges
                0x0000000000001480       0x40 Middlewares/Third_Party/FreeRTOS/Source/list.o
 .debug_aranges
                0x00000000000014c0      0x108 Middlewares/Third_Party/FreeRTOS/Source/queue.o
 .debug_aranges
                0x00000000000015c8      0x1b0 Middlewares/Third_Party/FreeRTOS/Source/tasks.o
 .debug_aranges
                0x0000000000001778       0x80 Middlewares/Third_Party/FreeRTOS/Source/portable/GCC/ARM_CM4F/port.o
 .debug_aranges
                0x00000000000017f8       0x50 Middlewares/Third_Party/FreeRTOS/Source/portable/MemMang/heap_4.o

.debug_ranges   0x0000000000000000     0x16c0
 .debug_ranges  0x0000000000000000       0x10 Core/Src/blink_leds.o
 .debug_ranges  0x0000000000000010       0x10 Core/Src/freertos.o
 .debug_ranges  0x0000000000000020       0x70 Core/Src/main.o
 .debug_ranges  0x0000000000000090       0x50 Core/Src/stm32f4xx_hal_msp.o
 .debug_ranges  0x00000000000000e0       0x20 Core/Src/stm32f4xx_hal_timebase_tim.o
 .debug_ranges  0x0000000000000100       0x48 Core/Src/stm32f4xx_it.o
 .debug_ranges  0x0000000000000148       0x18 Core/Src/system_stm32f4xx.o
 .debug_ranges  0x0000000000000160       0x20 Core/Startup/startup_stm32f411vetx.o
 .debug_ranges  0x0000000000000180       0xe0 Drivers/STM32F4xx_HAL_Driver/Src/stm32f4xx_hal.o
 .debug_ranges  0x0000000000000260      0x108 Drivers/STM32F4xx_HAL_Driver/Src/stm32f4xx_hal_cortex.o
 .debug_ranges  0x0000000000000368       0x48 Drivers/STM32F4xx_HAL_Driver/Src/stm32f4xx_hal_gpio.o
 .debug_ranges  0x00000000000003b0       0xe0 Drivers/STM32F4xx_HAL_Driver/Src/stm32f4xx_hal_hcd.o
 .debug_ranges  0x0000000000000490      0x2a8 Drivers/STM32F4xx_HAL_Driver/Src/stm32f4xx_hal_i2c.o
 .debug_ranges  0x0000000000000738       0xf8 Drivers/STM32F4xx_HAL_Driver/Src/stm32f4xx_hal_i2s.o
 .debug_ranges  0x0000000000000830       0x78 Drivers/STM32F4xx_HAL_Driver/Src/stm32f4xx_hal_i2s_ex.o
 .debug_ranges  0x00000000000008a8       0x78 Drivers/STM32F4xx_HAL_Driver/Src/stm32f4xx_hal_rcc.o
 .debug_ranges  0x0000000000000920       0x40 Drivers/STM32F4xx_HAL_Driver/Src/stm32f4xx_hal_rcc_ex.o
 .debug_ranges  0x0000000000000960      0x1c0 Drivers/STM32F4xx_HAL_Driver/Src/stm32f4xx_hal_spi.o
 .debug_ranges  0x0000000000000b20      0x398 Drivers/STM32F4xx_HAL_Driver/Src/stm32f4xx_hal_tim.o
 .debug_ranges  0x0000000000000eb8      0x140 Drivers/STM32F4xx_HAL_Driver/Src/stm32f4xx_hal_tim_ex.o
 .debug_ranges  0x0000000000000ff8      0x188 Drivers/STM32F4xx_HAL_Driver/Src/stm32f4xx_ll_usb.o
 .debug_ranges  0x0000000000001180      0x1c8 Middlewares/Third_Party/FreeRTOS/Source/CMSIS_RTOS/cmsis_os.o
 .debug_ranges  0x0000000000001348       0x30 Middlewares/Third_Party/FreeRTOS/Source/list.o
 .debug_ranges  0x0000000000001378       0xf8 Middlewares/Third_Party/FreeRTOS/Source/queue.o
 .debug_ranges  0x0000000000001470      0x1a0 Middlewares/Third_Party/FreeRTOS/Source/tasks.o
 .debug_ranges  0x0000000000001610       0x70 Middlewares/Third_Party/FreeRTOS/Source/portable/GCC/ARM_CM4F/port.o
 .debug_ranges  0x0000000000001680       0x40 Middlewares/Third_Party/FreeRTOS/Source/portable/MemMang/heap_4.o

.debug_macro    0x0000000000000000    0x18d55
 .debug_macro   0x0000000000000000      0x2e9 Core/Src/blink_leds.o
 .debug_macro   0x00000000000002e9      0xa5a Core/Src/blink_leds.o
 .debug_macro   0x0000000000000d43      0x174 Core/Src/blink_leds.o
 .debug_macro   0x0000000000000eb7       0x22 Core/Src/blink_leds.o
 .debug_macro   0x0000000000000ed9       0x8e Core/Src/blink_leds.o
 .debug_macro   0x0000000000000f67       0x51 Core/Src/blink_leds.o
 .debug_macro   0x0000000000000fb8       0xef Core/Src/blink_leds.o
 .debug_macro   0x00000000000010a7       0x6a Core/Src/blink_leds.o
 .debug_macro   0x0000000000001111      0x1df Core/Src/blink_leds.o
 .debug_macro   0x00000000000012f0       0xd6 Core/Src/blink_leds.o
 .debug_macro   0x00000000000013c6      0x15a Core/Src/blink_leds.o
 .debug_macro   0x0000000000001520       0xd7 Core/Src/blink_leds.o
 .debug_macro   0x00000000000015f7       0x10 Core/Src/blink_leds.o
 .debug_macro   0x0000000000001607       0x1f Core/Src/blink_leds.o
 .debug_macro   0x0000000000001626      0x4b7 Core/Src/blink_leds.o
 .debug_macro   0x0000000000001add       0xb5 Core/Src/blink_leds.o
 .debug_macro   0x0000000000001b92       0x8c Core/Src/blink_leds.o
 .debug_macro   0x0000000000001c1e       0x91 Core/Src/blink_leds.o
 .debug_macro   0x0000000000001caf       0x8d Core/Src/blink_leds.o
 .debug_macro   0x0000000000001d3c       0x7e Core/Src/blink_leds.o
 .debug_macro   0x0000000000001dba       0x19 Core/Src/blink_leds.o
 .debug_macro   0x0000000000001dd3       0xf2 Core/Src/blink_leds.o
 .debug_macro   0x0000000000001ec5      0x19c Core/Src/blink_leds.o
 .debug_macro   0x0000000000002061       0x32 Core/Src/blink_leds.o
 .debug_macro   0x0000000000002093       0x28 Core/Src/blink_leds.o
 .debug_macro   0x00000000000020bb       0x1c Core/Src/blink_leds.o
 .debug_macro   0x00000000000020d7       0x22 Core/Src/blink_leds.o
 .debug_macro   0x00000000000020f9       0xdf Core/Src/blink_leds.o
 .debug_macro   0x00000000000021d8     0x102d Core/Src/blink_leds.o
 .debug_macro   0x0000000000003205      0x11f Core/Src/blink_leds.o
 .debug_macro   0x0000000000003324     0xb937 Core/Src/blink_leds.o
 .debug_macro   0x000000000000ec5b       0x43 Core/Src/blink_leds.o
 .debug_macro   0x000000000000ec9e     0x3652 Core/Src/blink_leds.o
 .debug_macro   0x00000000000122f0       0x5a Core/Src/blink_leds.o
 .debug_macro   0x000000000001234a      0x447 Core/Src/blink_leds.o
 .debug_macro   0x0000000000012791      0x9fe Core/Src/blink_leds.o
 .debug_macro   0x000000000001318f      0x15f Core/Src/blink_leds.o
 .debug_macro   0x00000000000132ee      0x117 Core/Src/blink_leds.o
 .debug_macro   0x0000000000013405      0x11b Core/Src/blink_leds.o
 .debug_macro   0x0000000000013520       0x27 Core/Src/blink_leds.o
 .debug_macro   0x0000000000013547      0x287 Core/Src/blink_leds.o
 .debug_macro   0x00000000000137ce       0x5f Core/Src/blink_leds.o
 .debug_macro   0x000000000001382d      0x236 Core/Src/blink_leds.o
 .debug_macro   0x0000000000013a63      0x132 Core/Src/blink_leds.o
 .debug_macro   0x0000000000013b95      0x264 Core/Src/blink_leds.o
 .debug_macro   0x0000000000013df9       0x2e Core/Src/blink_leds.o
 .debug_macro   0x0000000000013e27      0x1b5 Core/Src/blink_leds.o
 .debug_macro   0x0000000000013fdc       0x22 Core/Src/blink_leds.o
 .debug_macro   0x0000000000013ffe       0xd6 Core/Src/blink_leds.o
 .debug_macro   0x00000000000140d4      0x199 Core/Src/blink_leds.o
 .debug_macro   0x000000000001426d       0x40 Core/Src/blink_leds.o
 .debug_macro   0x00000000000142ad       0x4a Core/Src/blink_leds.o
 .debug_macro   0x00000000000142f7      0x11a Core/Src/blink_leds.o
 .debug_macro   0x0000000000014411       0x85 Core/Src/blink_leds.o
 .debug_macro   0x0000000000014496       0x89 Core/Src/blink_leds.o
 .debug_macro   0x000000000001451f      0x225 Core/Src/blink_leds.o
 .debug_macro   0x0000000000014744      0x8a0 Core/Src/blink_leds.o
 .debug_macro   0x0000000000014fe4       0x47 Core/Src/blink_leds.o
 .debug_macro   0x000000000001502b      0x225 Core/Src/blink_leds.o
 .debug_macro   0x0000000000015250       0x68 Core/Src/blink_leds.o
 .debug_macro   0x00000000000152b8      0x126 Core/Src/blink_leds.o
 .debug_macro   0x00000000000153de      0x19d Core/Src/blink_leds.o
 .debug_macro   0x000000000001557b      0x290 Core/Src/freertos.o
 .debug_macro   0x000000000001580b      0x2f3 Core/Src/main.o
 .debug_macro   0x0000000000015afe       0xd6 Core/Src/main.o
 .debug_macro   0x0000000000015bd4      0x228 Core/Src/stm32f4xx_hal_msp.o
 .debug_macro   0x0000000000015dfc      0x219 Core/Src/stm32f4xx_hal_timebase_tim.o
 .debug_macro   0x0000000000016015      0x29a Core/Src/stm32f4xx_it.o
 .debug_macro   0x00000000000162af      0x21f Core/Src/system_stm32f4xx.o
 .debug_macro   0x00000000000164ce      0x279 Drivers/STM32F4xx_HAL_Driver/Src/stm32f4xx_hal.o
 .debug_macro   0x0000000000016747      0x219 Drivers/STM32F4xx_HAL_Driver/Src/stm32f4xx_hal_cortex.o
 .debug_macro   0x0000000000016960      0x24f Drivers/STM32F4xx_HAL_Driver/Src/stm32f4xx_hal_gpio.o
 .debug_macro   0x0000000000016baf      0x219 Drivers/STM32F4xx_HAL_Driver/Src/stm32f4xx_hal_hcd.o
 .debug_macro   0x0000000000016dc8      0x259 Drivers/STM32F4xx_HAL_Driver/Src/stm32f4xx_hal_i2c.o
 .debug_macro   0x0000000000017021      0x21a Drivers/STM32F4xx_HAL_Driver/Src/stm32f4xx_hal_i2s.o
 .debug_macro   0x000000000001723b      0x219 Drivers/STM32F4xx_HAL_Driver/Src/stm32f4xx_hal_i2s_ex.o
 .debug_macro   0x0000000000017454      0x23d Drivers/STM32F4xx_HAL_Driver/Src/stm32f4xx_hal_rcc.o
 .debug_macro   0x0000000000017691      0x219 Drivers/STM32F4xx_HAL_Driver/Src/stm32f4xx_hal_rcc_ex.o
 .debug_macro   0x00000000000178aa      0x228 Drivers/STM32F4xx_HAL_Driver/Src/stm32f4xx_hal_spi.o
 .debug_macro   0x0000000000017ad2      0x21a Drivers/STM32F4xx_HAL_Driver/Src/stm32f4xx_hal_tim.o
 .debug_macro   0x0000000000017cec      0x219 Drivers/STM32F4xx_HAL_Driver/Src/stm32f4xx_hal_tim_ex.o
 .debug_macro   0x0000000000017f05      0x219 Drivers/STM32F4xx_HAL_Driver/Src/stm32f4xx_ll_usb.o
 .debug_macro   0x000000000001811e      0x1f1 Middlewares/Third_Party/FreeRTOS/Source/CMSIS_RTOS/cmsis_os.o
 .debug_macro   0x000000000001830f       0x10 Middlewares/Third_Party/FreeRTOS/Source/CMSIS_RTOS/cmsis_os.o
 .debug_macro   0x000000000001831f       0x20 Middlewares/Third_Party/FreeRTOS/Source/CMSIS_RTOS/cmsis_os.o
 .debug_macro   0x000000000001833f       0xc7 Middlewares/Third_Party/FreeRTOS/Source/CMSIS_RTOS/cmsis_os.o
 .debug_macro   0x0000000000018406      0x17a Middlewares/Third_Party/FreeRTOS/Source/list.o
 .debug_macro   0x0000000000018580      0x205 Middlewares/Third_Party/FreeRTOS/Source/queue.o
 .debug_macro   0x0000000000018785       0x16 Middlewares/Third_Party/FreeRTOS/Source/queue.o
 .debug_macro   0x000000000001879b      0x273 Middlewares/Third_Party/FreeRTOS/Source/tasks.o
 .debug_macro   0x0000000000018a0e       0x10 Middlewares/Third_Party/FreeRTOS/Source/tasks.o
 .debug_macro   0x0000000000018a1e      0x196 Middlewares/Third_Party/FreeRTOS/Source/portable/GCC/ARM_CM4F/port.o
 .debug_macro   0x0000000000018bb4      0x1a1 Middlewares/Third_Party/FreeRTOS/Source/portable/MemMang/heap_4.o

.debug_line     0x0000000000000000    0x131a6
 .debug_line    0x0000000000000000      0x8c6 Core/Src/blink_leds.o
 .debug_line    0x00000000000008c6      0x81d Core/Src/freertos.o
 .debug_line    0x00000000000010e3      0xa55 Core/Src/main.o
 .debug_line    0x0000000000001b38      0x812 Core/Src/stm32f4xx_hal_msp.o
 .debug_line    0x000000000000234a      0x757 Core/Src/stm32f4xx_hal_timebase_tim.o
 .debug_line    0x0000000000002aa1      0x8ba Core/Src/stm32f4xx_it.o
 .debug_line    0x000000000000335b      0x73e Core/Src/system_stm32f4xx.o
 .debug_line    0x0000000000003a99       0x86 Core/Startup/startup_stm32f411vetx.o
 .debug_line    0x0000000000003b1f      0x928 Drivers/STM32F4xx_HAL_Driver/Src/stm32f4xx_hal.o
 .debug_line    0x0000000000004447      0xa4c Drivers/STM32F4xx_HAL_Driver/Src/stm32f4xx_hal_cortex.o
 .debug_line    0x0000000000004e93      0x8cb Drivers/STM32F4xx_HAL_Driver/Src/stm32f4xx_hal_gpio.o
 .debug_line    0x000000000000575e      0xba6 Drivers/STM32F4xx_HAL_Driver/Src/stm32f4xx_hal_hcd.o
 .debug_line    0x0000000000006304     0x1b62 Drivers/STM32F4xx_HAL_Driver/Src/stm32f4xx_hal_i2c.o
 .debug_line    0x0000000000007e66      0xce0 Drivers/STM32F4xx_HAL_Driver/Src/stm32f4xx_hal_i2s.o
 .debug_line    0x0000000000008b46      0xef2 Drivers/STM32F4xx_HAL_Driver/Src/stm32f4xx_hal_i2s_ex.o
 .debug_line    0x0000000000009a38      0x980 Drivers/STM32F4xx_HAL_Driver/Src/stm32f4xx_hal_rcc.o
 .debug_line    0x000000000000a3b8      0x865 Drivers/STM32F4xx_HAL_Driver/Src/stm32f4xx_hal_rcc_ex.o
 .debug_line    0x000000000000ac1d     0x10db Drivers/STM32F4xx_HAL_Driver/Src/stm32f4xx_hal_spi.o
 .debug_line    0x000000000000bcf8     0x17e5 Drivers/STM32F4xx_HAL_Driver/Src/stm32f4xx_hal_tim.o
 .debug_line    0x000000000000d4dd      0xd33 Drivers/STM32F4xx_HAL_Driver/Src/stm32f4xx_hal_tim_ex.o
 .debug_line    0x000000000000e210      0xe4a Drivers/STM32F4xx_HAL_Driver/Src/stm32f4xx_ll_usb.o
 .debug_line    0x000000000000f05a      0xca2 Middlewares/Third_Party/FreeRTOS/Source/CMSIS_RTOS/cmsis_os.o
 .debug_line    0x000000000000fcfc      0x635 Middlewares/Third_Party/FreeRTOS/Source/list.o
 .debug_line    0x0000000000010331      0xf36 Middlewares/Third_Party/FreeRTOS/Source/queue.o
 .debug_line    0x0000000000011267     0x11ad Middlewares/Third_Party/FreeRTOS/Source/tasks.o
 .debug_line    0x0000000000012414      0x677 Middlewares/Third_Party/FreeRTOS/Source/portable/GCC/ARM_CM4F/port.o
 .debug_line    0x0000000000012a8b      0x71b Middlewares/Third_Party/FreeRTOS/Source/portable/MemMang/heap_4.o

.debug_str      0x0000000000000000    0x99c82
 .debug_str     0x0000000000000000    0x8e5f2 Core/Src/blink_leds.o
                                      0x8e897 (size before relaxing)
 .debug_str     0x000000000008e5f2      0x132 Core/Src/freertos.o
                                      0x8c7b0 (size before relaxing)
 .debug_str     0x000000000008e724     0x1387 Core/Src/main.o
                                      0x8fe03 (size before relaxing)
 .debug_str     0x000000000008faab      0x454 Core/Src/stm32f4xx_hal_msp.o
                                      0x89df7 (size before relaxing)
 .debug_str     0x000000000008feff       0xaa Core/Src/stm32f4xx_hal_timebase_tim.o
                                      0x88fad (size before relaxing)
 .debug_str     0x000000000008ffa9       0xbd Core/Src/stm32f4xx_it.o
                                      0x8cf00 (size before relaxing)
 .debug_str     0x0000000000090066       0xc4 Core/Src/system_stm32f4xx.o
                                      0x8878f (size before relaxing)
 .debug_str     0x000000000009012a       0x36 Core/Startup/startup_stm32f411vetx.o
                                         0x53 (size before relaxing)
 .debug_str     0x0000000000090160      0x542 Drivers/STM32F4xx_HAL_Driver/Src/stm32f4xx_hal.o
                                      0x89104 (size before relaxing)
 .debug_str     0x00000000000906a2      0x389 Drivers/STM32F4xx_HAL_Driver/Src/stm32f4xx_hal_cortex.o
                                      0x88ee1 (size before relaxing)
 .debug_str     0x0000000000090a2b      0x203 Drivers/STM32F4xx_HAL_Driver/Src/stm32f4xx_hal_gpio.o
                                      0x889ce (size before relaxing)
 .debug_str     0x0000000000090c2e      0x39b Drivers/STM32F4xx_HAL_Driver/Src/stm32f4xx_hal_hcd.o
                                      0x88dd7 (size before relaxing)
 .debug_str     0x0000000000090fc9      0xa69 Drivers/STM32F4xx_HAL_Driver/Src/stm32f4xx_hal_i2c.o
                                      0x896cb (size before relaxing)
 .debug_str     0x0000000000091a32      0x266 Drivers/STM32F4xx_HAL_Driver/Src/stm32f4xx_hal_i2s.o
                                      0x88d1b (size before relaxing)
 .debug_str     0x0000000000091c98      0x1f1 Drivers/STM32F4xx_HAL_Driver/Src/stm32f4xx_hal_i2s_ex.o
                                      0x88c6f (size before relaxing)
 .debug_str     0x0000000000091e89      0x244 Drivers/STM32F4xx_HAL_Driver/Src/stm32f4xx_hal_rcc.o
                                      0x88b7c (size before relaxing)
 .debug_str     0x00000000000920cd      0x12b Drivers/STM32F4xx_HAL_Driver/Src/stm32f4xx_hal_rcc_ex.o
                                      0x888fa (size before relaxing)
 .debug_str     0x00000000000921f8      0x520 Drivers/STM32F4xx_HAL_Driver/Src/stm32f4xx_hal_spi.o
                                      0x88feb (size before relaxing)
 .debug_str     0x0000000000092718      0xd69 Drivers/STM32F4xx_HAL_Driver/Src/stm32f4xx_hal_tim.o
                                      0x89889 (size before relaxing)
 .debug_str     0x0000000000093481      0x4ec Drivers/STM32F4xx_HAL_Driver/Src/stm32f4xx_hal_tim_ex.o
                                      0x89089 (size before relaxing)
 .debug_str     0x000000000009396d      0x62b Drivers/STM32F4xx_HAL_Driver/Src/stm32f4xx_ll_usb.o
                                      0x89051 (size before relaxing)
 .debug_str     0x0000000000093f98     0x368c Middlewares/Third_Party/FreeRTOS/Source/CMSIS_RTOS/cmsis_os.o
                                       0xdd81 (size before relaxing)
 .debug_str     0x0000000000097624      0x225 Middlewares/Third_Party/FreeRTOS/Source/list.o
                                       0xa4c9 (size before relaxing)
 .debug_str     0x0000000000097849      0x7d3 Middlewares/Third_Party/FreeRTOS/Source/queue.o
                                       0xbb7d (size before relaxing)
 .debug_str     0x000000000009801c     0x1209 Middlewares/Third_Party/FreeRTOS/Source/tasks.o
                                       0xc6f5 (size before relaxing)
 .debug_str     0x0000000000099225      0x803 Middlewares/Third_Party/FreeRTOS/Source/portable/GCC/ARM_CM4F/port.o
                                       0x81c2 (size before relaxing)
 .debug_str     0x0000000000099a28      0x25a Middlewares/Third_Party/FreeRTOS/Source/portable/MemMang/heap_4.o
                                       0xabec (size before relaxing)

.comment        0x0000000000000000       0x7b
 .comment       0x0000000000000000       0x7b Core/Src/blink_leds.o
                                         0x7c (size before relaxing)
 .comment       0x000000000000007b       0x7c Core/Src/freertos.o
 .comment       0x000000000000007b       0x7c Core/Src/main.o
 .comment       0x000000000000007b       0x7c Core/Src/stm32f4xx_hal_msp.o
 .comment       0x000000000000007b       0x7c Core/Src/stm32f4xx_hal_timebase_tim.o
 .comment       0x000000000000007b       0x7c Core/Src/stm32f4xx_it.o
 .comment       0x000000000000007b       0x7c Core/Src/system_stm32f4xx.o
 .comment       0x000000000000007b       0x7c Drivers/STM32F4xx_HAL_Driver/Src/stm32f4xx_hal.o
 .comment       0x000000000000007b       0x7c Drivers/STM32F4xx_HAL_Driver/Src/stm32f4xx_hal_cortex.o
 .comment       0x000000000000007b       0x7c Drivers/STM32F4xx_HAL_Driver/Src/stm32f4xx_hal_gpio.o
 .comment       0x000000000000007b       0x7c Drivers/STM32F4xx_HAL_Driver/Src/stm32f4xx_hal_hcd.o
 .comment       0x000000000000007b       0x7c Drivers/STM32F4xx_HAL_Driver/Src/stm32f4xx_hal_i2c.o
 .comment       0x000000000000007b       0x7c Drivers/STM32F4xx_HAL_Driver/Src/stm32f4xx_hal_i2s.o
 .comment       0x000000000000007b       0x7c Drivers/STM32F4xx_HAL_Driver/Src/stm32f4xx_hal_i2s_ex.o
 .comment       0x000000000000007b       0x7c Drivers/STM32F4xx_HAL_Driver/Src/stm32f4xx_hal_rcc.o
 .comment       0x000000000000007b       0x7c Drivers/STM32F4xx_HAL_Driver/Src/stm32f4xx_hal_rcc_ex.o
 .comment       0x000000000000007b       0x7c Drivers/STM32F4xx_HAL_Driver/Src/stm32f4xx_hal_spi.o
 .comment       0x000000000000007b       0x7c Drivers/STM32F4xx_HAL_Driver/Src/stm32f4xx_hal_tim.o
 .comment       0x000000000000007b       0x7c Drivers/STM32F4xx_HAL_Driver/Src/stm32f4xx_hal_tim_ex.o
 .comment       0x000000000000007b       0x7c Drivers/STM32F4xx_HAL_Driver/Src/stm32f4xx_ll_usb.o
 .comment       0x000000000000007b       0x7c Middlewares/Third_Party/FreeRTOS/Source/CMSIS_RTOS/cmsis_os.o
 .comment       0x000000000000007b       0x7c Middlewares/Third_Party/FreeRTOS/Source/list.o
 .comment       0x000000000000007b       0x7c Middlewares/Third_Party/FreeRTOS/Source/queue.o
 .comment       0x000000000000007b       0x7c Middlewares/Third_Party/FreeRTOS/Source/tasks.o
 .comment       0x000000000000007b       0x7c Middlewares/Third_Party/FreeRTOS/Source/portable/GCC/ARM_CM4F/port.o
 .comment       0x000000000000007b       0x7c Middlewares/Third_Party/FreeRTOS/Source/portable/MemMang/heap_4.o

.debug_frame    0x0000000000000000     0x6704
 .debug_frame   0x0000000000000000       0x34 Core/Src/blink_leds.o
 .debug_frame   0x0000000000000034       0x38 Core/Src/freertos.o
 .debug_frame   0x000000000000006c      0x1ac Core/Src/main.o
 .debug_frame   0x0000000000000218      0x154 Core/Src/stm32f4xx_hal_msp.o
 .debug_frame   0x000000000000036c       0x74 Core/Src/stm32f4xx_hal_timebase_tim.o
 .debug_frame   0x00000000000003e0       0xe8 Core/Src/stm32f4xx_it.o
 .debug_frame   0x00000000000004c8       0x58 Core/Src/system_stm32f4xx.o
 .debug_frame   0x0000000000000520      0x374 Drivers/STM32F4xx_HAL_Driver/Src/stm32f4xx_hal.o
 .debug_frame   0x0000000000000894      0x498 Drivers/STM32F4xx_HAL_Driver/Src/stm32f4xx_hal_cortex.o
 .debug_frame   0x0000000000000d2c      0x14c Drivers/STM32F4xx_HAL_Driver/Src/stm32f4xx_hal_gpio.o
 .debug_frame   0x0000000000000e78      0x428 Drivers/STM32F4xx_HAL_Driver/Src/stm32f4xx_hal_hcd.o
 .debug_frame   0x00000000000012a0      0xc38 Drivers/STM32F4xx_HAL_Driver/Src/stm32f4xx_hal_i2c.o
 .debug_frame   0x0000000000001ed8      0x480 Drivers/STM32F4xx_HAL_Driver/Src/stm32f4xx_hal_i2s.o
 .debug_frame   0x0000000000002358      0x220 Drivers/STM32F4xx_HAL_Driver/Src/stm32f4xx_hal_i2s_ex.o
 .debug_frame   0x0000000000002578      0x1f0 Drivers/STM32F4xx_HAL_Driver/Src/stm32f4xx_hal_rcc.o
 .debug_frame   0x0000000000002768      0x118 Drivers/STM32F4xx_HAL_Driver/Src/stm32f4xx_hal_rcc_ex.o
 .debug_frame   0x0000000000002880      0x824 Drivers/STM32F4xx_HAL_Driver/Src/stm32f4xx_hal_spi.o
 .debug_frame   0x00000000000030a4     0x10e8 Drivers/STM32F4xx_HAL_Driver/Src/stm32f4xx_hal_tim.o
 .debug_frame   0x000000000000418c      0x5c0 Drivers/STM32F4xx_HAL_Driver/Src/stm32f4xx_hal_tim_ex.o
 .debug_frame   0x000000000000474c      0x790 Drivers/STM32F4xx_HAL_Driver/Src/stm32f4xx_ll_usb.o
 .debug_frame   0x0000000000004edc      0x808 Middlewares/Third_Party/FreeRTOS/Source/CMSIS_RTOS/cmsis_os.o
 .debug_frame   0x00000000000056e4       0xd8 Middlewares/Third_Party/FreeRTOS/Source/list.o
 .debug_frame   0x00000000000057bc      0x46c Middlewares/Third_Party/FreeRTOS/Source/queue.o
 .debug_frame   0x0000000000005c28      0x758 Middlewares/Third_Party/FreeRTOS/Source/tasks.o
 .debug_frame   0x0000000000006380      0x1a8 Middlewares/Third_Party/FreeRTOS/Source/portable/GCC/ARM_CM4F/port.o
 .debug_frame   0x0000000000006528      0x108 Middlewares/Third_Party/FreeRTOS/Source/portable/MemMang/heap_4.o
 .debug_frame   0x0000000000006630       0x2c c:/rtos/stm32cubeide_1.1.0/plugins/com.st.stm32cube.ide.mcu.externaltools.gnu-tools-for-stm32.7-2018-q2-update.win32_1.0.0.201904181610/tools/bin/../lib/gcc/arm-none-eabi/7.3.1/../../../../arm-none-eabi/lib/thumb/v7e-m/fpv4-sp/hard\libc_nano.a(lib_a-init.o)
 .debug_frame   0x000000000000665c       0x28 c:/rtos/stm32cubeide_1.1.0/plugins/com.st.stm32cube.ide.mcu.externaltools.gnu-tools-for-stm32.7-2018-q2-update.win32_1.0.0.201904181610/tools/bin/../lib/gcc/arm-none-eabi/7.3.1/../../../../arm-none-eabi/lib/thumb/v7e-m/fpv4-sp/hard\libc_nano.a(lib_a-memcpy-stub.o)
 .debug_frame   0x0000000000006684       0x20 c:/rtos/stm32cubeide_1.1.0/plugins/com.st.stm32cube.ide.mcu.externaltools.gnu-tools-for-stm32.7-2018-q2-update.win32_1.0.0.201904181610/tools/bin/../lib/gcc/arm-none-eabi/7.3.1/../../../../arm-none-eabi/lib/thumb/v7e-m/fpv4-sp/hard\libc_nano.a(lib_a-memset.o)
 .debug_frame   0x00000000000066a4       0x2c c:/rtos/stm32cubeide_1.1.0/plugins/com.st.stm32cube.ide.mcu.externaltools.gnu-tools-for-stm32.7-2018-q2-update.win32_1.0.0.201904181610/tools/bin/../lib/gcc/arm-none-eabi/7.3.1/thumb/v7e-m/fpv4-sp/hard\libgcc.a(_aeabi_uldivmod.o)