main.c:91:5:main	128	static
main.c:182:6:SystemClock_Config	112	static
main.c:234:13:MX_I2C1_Init	8	static
main.c:268:13:MX_I2S2_Init	8	static
main.c:302:13:MX_I2S3_Init	8	static
main.c:336:13:MX_SPI1_Init	8	static
main.c:374:13:MX_USB_OTG_FS_HCD_Init	8	static
main.c:405:13:MX_GPIO_Init	56	static
main.c:487:6:StartDefaultTask	16	static
main.c:505:6:StartGreenTask	32	static
main.c:525:6:StartBlueTask	16	static
main.c:551:6:StartRedTask	32	static
main.c:573:6:HAL_TIM_PeriodElapsedCallback	16	static
main.c:590:6:Error_Handler	4	static
